
 Start         Length     Name                   Class
 0001:00401000 000F2354H .text                   CODE
 0002:004F4000 00001F3CH .itext                  ICODE
 0003:004F6000 0001047CH .data                   DATA
 0004:00507000 00005600H .bss                    BSS
 0005:00000000 00000010H .tls                    TLS


Detailed map of segments

 0001:00000000 000081BF C=CODE     S=.text    G=(none)   M=System   ACBP=A9
 0001:000081C0 00000105 C=CODE     S=.text    G=(none)   M=SysInit  ACBP=A9
 0001:000082C8 00000006 C=CODE     S=.text    G=(none)   M=Types    ACBP=A9
 0001:000082D0 000006A8 C=CODE     S=.text    G=(none)   M=Windows  ACBP=A9
 0001:00008978 0000006A C=CODE     S=.text    G=(none)   M=ActiveX  ACBP=A9
 0001:000089E4 00000328 C=CODE     S=.text    G=(none)   M=SysConst ACBP=A9
 0001:00008D0C 000000F0 C=CODE     S=.text    G=(none)   M=RTLConsts ACBP=A9
 0001:00008DFC 000001D0 C=CODE     S=.text    G=(none)   M=Character ACBP=A9
 0001:00008FCC 0000013A C=CODE     S=.text    G=(none)   M=StrUtils ACBP=A9
 0001:00009108 0000A5CE C=CODE     S=.text    G=(none)   M=SysUtils ACBP=A9
 0001:000136D8 000007FA C=CODE     S=.text    G=(none)   M=VarUtils ACBP=A9
 0001:00013ED4 00006CEC C=CODE     S=.text    G=(none)   M=Variants ACBP=A9
 0001:0001ABC0 00000DF3 C=CODE     S=.text    G=(none)   M=TypInfo  ACBP=A9
 0001:0001B9B4 0000988B C=CODE     S=.text    G=(none)   M=Classes  ACBP=A9
 0001:00025240 000041F6 C=CODE     S=.text    G=(none)   M=gnugettext ACBP=A9
 0001:00029438 00000086 C=CODE     S=.text    G=(none)   M=uLanguages ACBP=A9
 0001:000294C0 0000001E C=CODE     S=.text    G=(none)   M=CommCtrl ACBP=A9
 0001:000294E0 0000000E C=CODE     S=.text    G=(none)   M=ShellAPI ACBP=A9
 0001:000294F0 0000001E C=CODE     S=.text    G=(none)   M=ShlObj   ACBP=A9
 0001:00029510 000001CC C=CODE     S=.text    G=(none)   M=FileCtrl ACBP=A9
 0001:000296DC 00000130 C=CODE     S=.text    G=(none)   M=uSetup   ACBP=A9
 0001:0002980C 00000064 C=CODE     S=.text    G=(none)   M=uApiCommon ACBP=A9
 0001:00029870 0000078E C=CODE     S=.text    G=(none)   M=uApiFunctions ACBP=A9
 0001:0002A000 00000016 C=CODE     S=.text    G=(none)   M=uApiGraphics ACBP=A9
 0001:0002A018 000011C3 C=CODE     S=.text    G=(none)   M=uApiForm ACBP=A9
 0001:0002B1DC 000002E2 C=CODE     S=.text    G=(none)   M=uMessages ACBP=A9
 0001:0002B4C0 00000007 C=CODE     S=.text    G=(none)   M=synafpc  ACBP=A9
 0001:0002B4C8 000006AE C=CODE     S=.text    G=(none)   M=SyncObjs ACBP=A9
 0001:0002BB78 0000153E C=CODE     S=.text    G=(none)   M=synsock  ACBP=A9
 0001:0002D0B8 000014AB C=CODE     S=.text    G=(none)   M=synautil ACBP=A9
 0001:0002E564 00001591 C=CODE     S=.text    G=(none)   M=synacode ACBP=A9
 0001:0002FAF8 00000918 C=CODE     S=.text    G=(none)   M=synaip   ACBP=A9
 0001:00030410 000070EA C=CODE     S=.text    G=(none)   M=blcksock ACBP=A9
 0001:000374FC 0000237C C=CODE     S=.text    G=(none)   M=httpsend ACBP=A9
 0001:00039878 00006602 C=CODE     S=.text    G=(none)   M=NativeXml ACBP=A9
 0001:0003FE7C 000008D8 C=CODE     S=.text    G=(none)   M=uXml     ACBP=A9
 0001:00040754 00000020 C=CODE     S=.text    G=(none)   M=ComConst ACBP=A9
 0001:00040774 00001053 C=CODE     S=.text    G=(none)   M=ComObj   ACBP=A9
 0001:000417C8 0000081B C=CODE     S=.text    G=(none)   M=uStrings ACBP=A9
 0001:00041FE4 00001776 C=CODE     S=.text    G=(none)   M=uFiles   ACBP=A9
 0001:0004375C 00000ED0 C=CODE     S=.text    G=(none)   M=uFunctions ACBP=A9
 0001:0004462C 00000476 C=CODE     S=.text    G=(none)   M=uSystem  ACBP=A9
 0001:00044AA4 00002CFE C=CODE     S=.text    G=(none)   M=uOptions ACBP=A9
 0001:000477A4 0001130C C=CODE     S=.text    G=(none)   M=pcre     ACBP=A9
 0001:00058AB0 000008B7 C=CODE     S=.text    G=(none)   M=PerlRegEx ACBP=A9
 0001:00059368 000007B8 C=CODE     S=.text    G=(none)   M=uPCRE    ACBP=A9
 0001:00059B20 00002426 C=CODE     S=.text    G=(none)   M=uAMF     ACBP=A9
 0001:0005BF48 000004DF C=CODE     S=.text    G=(none)   M=uApiTabControl ACBP=A9
 0001:0005C428 00000FF2 C=CODE     S=.text    G=(none)   M=uCommonDownloader ACBP=A9
 0001:0005D41C 0000043E C=CODE     S=.text    G=(none)   M=uExternalDownloader ACBP=A9
 0001:0005D85C 00003D56 C=CODE     S=.text    G=(none)   M=uDownloader ACBP=A9
 0001:000615B4 000001ED C=CODE     S=.text    G=(none)   M=guiOptionsWINAPI_Downloader ACBP=A9
 0001:000617A4 00000542 C=CODE     S=.text    G=(none)   M=uPlaylistDownloader ACBP=A9
 0001:00061CE8 00000646 C=CODE     S=.text    G=(none)   M=uDownloadThread ACBP=A9
 0001:00062330 000001BC C=CODE     S=.text    G=(none)   M=guiConsts ACBP=A9
 0001:000624EC 0000000E C=CODE     S=.text    G=(none)   M=CommDlg  ACBP=A9
 0001:000624FC 00000798 C=CODE     S=.text    G=(none)   M=uDialogs ACBP=A9
 0001:00062C94 00000522 C=CODE     S=.text    G=(none)   M=guiSetupWINAPI ACBP=A9
 0001:000631B8 00000CC6 C=CODE     S=.text    G=(none)   M=uConsoleApp ACBP=A9
 0001:00063E80 00001180 C=CODE     S=.text    G=(none)   M=uUpgrade ACBP=A9
 0001:00065000 000004FA C=CODE     S=.text    G=(none)   M=uDownloadClassifier ACBP=A9
 0001:000654FC 00000350 C=CODE     S=.text    G=(none)   M=listHTML ACBP=A9
 0001:0006584C 000001B4 C=CODE     S=.text    G=(none)   M=listHTMLfile ACBP=A9
 0001:00065A00 00000271 C=CODE     S=.text    G=(none)   M=uHttp    ACBP=A9
 0001:00065C74 00002E75 C=CODE     S=.text    G=(none)   M=ssl_openssl_lib ACBP=A9
 0001:00068AEC 00001726 C=CODE     S=.text    G=(none)   M=ssl_openssl ACBP=A9
 0001:0006A214 00000BE7 C=CODE     S=.text    G=(none)   M=uHttpDownloader ACBP=A9
 0001:0006ADFC 000002E0 C=CODE     S=.text    G=(none)   M=uHttpDirectDownloader ACBP=A9
 0001:0006B0DC 0000112D C=CODE     S=.text    G=(none)   M=uScripts ACBP=A9
 0001:0006C20C 00000259 C=CODE     S=.text    G=(none)   M=rtmpdump_dll ACBP=A9
 0001:0006C468 00000F2A C=CODE     S=.text    G=(none)   M=uRtmpDownloader ACBP=A9
 0001:0006D394 00000416 C=CODE     S=.text    G=(none)   M=uRtmpDirectDownloader ACBP=A9
 0001:0006D7AC 0000022D C=CODE     S=.text    G=(none)   M=msdl_dll ACBP=A9
 0001:0006D9DC 00000898 C=CODE     S=.text    G=(none)   M=uMSDownloader ACBP=A9
 0001:0006E274 0000036E C=CODE     S=.text    G=(none)   M=uMSDirectDownloader ACBP=A9
 0001:0006E5E4 00000B2F C=CODE     S=.text    G=(none)   M=uNestedDownloader ACBP=A9
 0001:0006F114 00000375 C=CODE     S=.text    G=(none)   M=uNestedDirectDownloader ACBP=A9
 0001:0006F48C 0000142D C=CODE     S=.text    G=(none)   M=uFlvFile ACBP=A9
 0001:000708BC 0000135A C=CODE     S=.text    G=(none)   M=uHDSDownloader ACBP=A9
 0001:00071C18 000002DC C=CODE     S=.text    G=(none)   M=uHDSDirectDownloader ACBP=A9
 0001:00071EF4 00000C26 C=CODE     S=.text    G=(none)   M=uHLSDownloader ACBP=A9
 0001:00072B1C 000002DC C=CODE     S=.text    G=(none)   M=uHLSDirectDownloader ACBP=A9
 0001:00072DF8 000043EE C=CODE     S=.text    G=(none)   M=uScriptedDownloader ACBP=A9
 0001:000771E8 00003150 C=CODE     S=.text    G=(none)   M=uYTD     ACBP=A9
 0001:0007A338 000002FF C=CODE     S=.text    G=(none)   M=uCreateProcessAsync ACBP=A9
 0001:0007A638 00000A43 C=CODE     S=.text    G=(none)   M=uDownloadListItem ACBP=A9
 0001:0007B07C 00000C8D C=CODE     S=.text    G=(none)   M=uDownloadList ACBP=A9
 0001:0007BD0C 000008F1 C=CODE     S=.text    G=(none)   M=guiFunctions ACBP=A9
 0001:0007C600 00001D74 C=CODE     S=.text    G=(none)   M=guiOptions ACBP=A9
 0001:0007E374 00000CDA C=CODE     S=.text    G=(none)   M=guiAboutWINAPI ACBP=A9
 0001:0007F050 00000756 C=CODE     S=.text    G=(none)   M=guiConverterWINAPI ACBP=A9
 0001:0007F7A8 00000A06 C=CODE     S=.text    G=(none)   M=guiOptionsWINAPI_Downloads ACBP=A9
 0001:000801B0 0000058A C=CODE     S=.text    G=(none)   M=guiOptionsWINAPI_Main ACBP=A9
 0001:0008073C 00000542 C=CODE     S=.text    G=(none)   M=guiOptionsWINAPI_Network ACBP=A9
 0001:00080C80 00000AFA C=CODE     S=.text    G=(none)   M=guiOptionsWINAPI_CommonDownloader ACBP=A9
 0001:0008177C 00000702 C=CODE     S=.text    G=(none)   M=guiOptionsWINAPI_Downloaders ACBP=A9
 0001:00081E80 00000672 C=CODE     S=.text    G=(none)   M=guiOptionsWINAPI ACBP=A9
 0001:000824F4 00002F21 C=CODE     S=.text    G=(none)   M=guiMainWINAPI ACBP=A9
 0001:00085418 00001534 C=CODE     S=.text    G=(none)   M=uMain    ACBP=A9
 0001:0008694C 00000220 C=CODE     S=.text    G=(none)   M=uSubtitles ACBP=A9
 0001:00086B6C 000002E0 C=CODE     S=.text    G=(none)   M=uVarNestedDownloader ACBP=A9
 0001:00086E4C 000028EA C=CODE     S=.text    G=(none)   M=uLkJSON  ACBP=A9
 0001:00089738 00000188 C=CODE     S=.text    G=(none)   M=uJSON    ACBP=A9
 0001:000898C0 00001D38 C=CODE     S=.text    G=(none)   M=downCT   ACBP=A9
 0001:0008B5F8 00000456 C=CODE     S=.text    G=(none)   M=guiOptionsWINAPI_CT ACBP=A9
 0001:0008BA50 00000AC6 C=CODE     S=.text    G=(none)   M=downEuroSeptik ACBP=A9
 0001:0008C518 0000045A C=CODE     S=.text    G=(none)   M=guiOptionsWINAPI_EuroSeptik ACBP=A9
 0001:0008C974 000009F8 C=CODE     S=.text    G=(none)   M=downJoj  ACBP=A9
 0001:0008D36C 0000044A C=CODE     S=.text    G=(none)   M=guiOptionsWINAPI_Joj ACBP=A9
 0001:0008D7B8 000005E3 C=CODE     S=.text    G=(none)   M=uCrypto  ACBP=A9
 0001:0008DD9C 00002594 C=CODE     S=.text    G=(none)   M=downVoyo ACBP=A9
 0001:00090330 000005CA C=CODE     S=.text    G=(none)   M=guiOptionsWINAPI_Nova ACBP=A9
 0001:000908FC 000028CA C=CODE     S=.text    G=(none)   M=downYouTube ACBP=A9
 0001:000931C8 0000067E C=CODE     S=.text    G=(none)   M=guiOptionsWINAPI_YouTube ACBP=A9
 0001:00093848 0000066E C=CODE     S=.text    G=(none)   M=downPrahovaHD ACBP=A9
 0001:00093EB8 00000322 C=CODE     S=.text    G=(none)   M=down1hdRo ACBP=A9
 0001:000941DC 0000079A C=CODE     S=.text    G=(none)   M=down3NewsCoNz ACBP=A9
 0001:00094978 000006C2 C=CODE     S=.text    G=(none)   M=down4TV  ACBP=A9
 0001:0009503C 000004B6 C=CODE     S=.text    G=(none)   M=down5min ACBP=A9
 0001:000954F4 0000041E C=CODE     S=.text    G=(none)   M=downAcademicEarth ACBP=A9
 0001:00095914 00000462 C=CODE     S=.text    G=(none)   M=downAgresori ACBP=A9
 0001:00095D78 0000066E C=CODE     S=.text    G=(none)   M=downAlternativaTV ACBP=A9
 0001:000963E8 000009F6 C=CODE     S=.text    G=(none)   M=downAncensored ACBP=A9
 0001:00096DE0 000003FA C=CODE     S=.text    G=(none)   M=downAngryAlien ACBP=A9
 0001:000971DC 00000586 C=CODE     S=.text    G=(none)   M=downAnimacekTv ACBP=A9
 0001:00097764 000002D2 C=CODE     S=.text    G=(none)   M=downArchive ACBP=A9
 0001:00097A38 0000059E C=CODE     S=.text    G=(none)   M=downAutoTube ACBP=A9
 0001:00097FD8 00000432 C=CODE     S=.text    G=(none)   M=downAzetSk ACBP=A9
 0001:0009840C 000005E6 C=CODE     S=.text    G=(none)   M=downBahnorama ACBP=A9
 0001:000989F4 000004B6 C=CODE     S=.text    G=(none)   M=downBandZone ACBP=A9
 0001:00098EAC 00000616 C=CODE     S=.text    G=(none)   M=downBarrandovTV ACBP=A9
 0001:000994C4 0000069E C=CODE     S=.text    G=(none)   M=downBBCNews ACBP=A9
 0001:00099B64 0000045E C=CODE     S=.text    G=(none)   M=downBlennus ACBP=A9
 0001:00099FC4 0000077E C=CODE     S=.text    G=(none)   M=downBlipTv_Embed ACBP=A9
 0001:0009A744 000003AA C=CODE     S=.text    G=(none)   M=downBlipTv ACBP=A9
 0001:0009AAF0 00000726 C=CODE     S=.text    G=(none)   M=downBMovies ACBP=A9
 0001:0009B218 0000066A C=CODE     S=.text    G=(none)   M=downBofunk ACBP=A9
 0001:0009B884 000005CE C=CODE     S=.text    G=(none)   M=downBolt ACBP=A9
 0001:0009BE54 000004A2 C=CODE     S=.text    G=(none)   M=downBomba ACBP=A9
 0001:0009C2F8 00000706 C=CODE     S=.text    G=(none)   M=downBreak ACBP=A9
 0001:0009CA00 000006AA C=CODE     S=.text    G=(none)   M=downBreakEmbed ACBP=A9
 0001:0009D0AC 00000352 C=CODE     S=.text    G=(none)   M=downBreakEmbedV2 ACBP=A9
 0001:0009D400 000005CA C=CODE     S=.text    G=(none)   M=downBritishPathe ACBP=A9
 0001:0009D9CC 00000696 C=CODE     S=.text    G=(none)   M=downBTVCz ACBP=A9
 0001:0009E064 00000571 C=CODE     S=.text    G=(none)   M=downCasSk ACBP=A9
 0001:0009E5D8 0000051E C=CODE     S=.text    G=(none)   M=downCekniTo ACBP=A9
 0001:0009EAF8 000003BE C=CODE     S=.text    G=(none)   M=downCeskeDrahy ACBP=A9
 0001:0009EEB8 0000029E C=CODE     S=.text    G=(none)   M=downCesnet ACBP=A9
 0001:0009F158 00000462 C=CODE     S=.text    G=(none)   M=downCKKlic ACBP=A9
 0001:0009F5BC 000006BE C=CODE     S=.text    G=(none)   M=downClevver ACBP=A9
 0001:0009FC7C 0000041A C=CODE     S=.text    G=(none)   M=downClipfish ACBP=A9
 0001:000A0098 00000402 C=CODE     S=.text    G=(none)   M=downClipFishV2 ACBP=A9
 0001:000A049C 00000896 C=CODE     S=.text    G=(none)   M=downCNBC ACBP=A9
 0001:000A0D34 0000046A C=CODE     S=.text    G=(none)   M=downCollegeHumor ACBP=A9
 0001:000A11A0 00000446 C=CODE     S=.text    G=(none)   M=downCriticalPast ACBP=A9
 0001:000A15E8 000003DA C=CODE     S=.text    G=(none)   M=downCurrent ACBP=A9
 0001:000A19C4 000006AA C=CODE     S=.text    G=(none)   M=downDailyHaha ACBP=A9
 0001:000A2070 0000074A C=CODE     S=.text    G=(none)   M=downDailyMotion ACBP=A9
 0001:000A27BC 0000075A C=CODE     S=.text    G=(none)   M=downDeutscheBahn ACBP=A9
 0001:000A2F18 000004D6 C=CODE     S=.text    G=(none)   M=downDenik ACBP=A9
 0001:000A33F0 000003DE C=CODE     S=.text    G=(none)   M=downDevilDucky ACBP=A9
 0001:000A37D0 000004B2 C=CODE     S=.text    G=(none)   M=downDokumentarniTV ACBP=A9
 0001:000A3C84 000005AE C=CODE     S=.text    G=(none)   M=downDotSub ACBP=A9
 0001:000A4234 0000048A C=CODE     S=.text    G=(none)   M=downDoubleAgent ACBP=A9
 0001:000A46C0 00000476 C=CODE     S=.text    G=(none)   M=downDrsnySvet ACBP=A9
 0001:000A4B38 00000626 C=CODE     S=.text    G=(none)   M=downDUB  ACBP=A9
 0001:000A5160 00000446 C=CODE     S=.text    G=(none)   M=downEbaumsWorld ACBP=A9
 0001:000A55A8 000005BE C=CODE     S=.text    G=(none)   M=downEHow ACBP=A9
 0001:000A5B68 00000972 C=CODE     S=.text    G=(none)   M=downEKucharkaNet ACBP=A9
 0001:000A64DC 000008BA C=CODE     S=.text    G=(none)   M=downESPN ACBP=A9
 0001:000A6D98 000008BA C=CODE     S=.text    G=(none)   M=downEuroGamer ACBP=A9
 0001:000A7654 000004BA C=CODE     S=.text    G=(none)   M=downEVTV1 ACBP=A9
 0001:000A7B10 00000846 C=CODE     S=.text    G=(none)   M=downEyeneer ACBP=A9
 0001:000A8358 00000432 C=CODE     S=.text    G=(none)   M=downFileCabi ACBP=A9
 0001:000A878C 0000041E C=CODE     S=.text    G=(none)   M=downFishki ACBP=A9
 0001:000A8BAC 00000CEA C=CODE     S=.text    G=(none)   M=downFlickr ACBP=A9
 0001:000A9898 000008A2 C=CODE     S=.text    G=(none)   M=downFreeCaster ACBP=A9
 0001:000AA13C 000005B6 C=CODE     S=.text    G=(none)   M=downFreeSk ACBP=A9
 0001:000AA6F4 0000066E C=CODE     S=.text    G=(none)   M=downFreeRide ACBP=A9
 0001:000AAD64 00000852 C=CODE     S=.text    G=(none)   M=downFreeVideoRu ACBP=A9
 0001:000AB5B8 00000602 C=CODE     S=.text    G=(none)   M=downFunnyOrDie ACBP=A9
 0001:000ABBBC 000006DA C=CODE     S=.text    G=(none)   M=downG4TV ACBP=A9
 0001:000AC298 000007F2 C=CODE     S=.text    G=(none)   M=downGameAnyone ACBP=A9
 0001:000ACA8C 0000049A C=CODE     S=.text    G=(none)   M=downGamePark ACBP=A9
 0001:000ACF28 0000043E C=CODE     S=.text    G=(none)   M=downGameZone ACBP=A9
 0001:000AD368 00000486 C=CODE     S=.text    G=(none)   M=downGamesTiscaliCz ACBP=A9
 0001:000AD7F0 00000636 C=CODE     S=.text    G=(none)   M=downGodTube ACBP=A9
 0001:000ADE28 0000064A C=CODE     S=.text    G=(none)   M=downGoogleVideo_Embed ACBP=A9
 0001:000AE474 000003DE C=CODE     S=.text    G=(none)   M=downGoogleVideo ACBP=A9
 0001:000AE854 00000466 C=CODE     S=.text    G=(none)   M=downGordonUraCz ACBP=A9
 0001:000AECBC 00000542 C=CODE     S=.text    G=(none)   M=downGuba ACBP=A9
 0001:000AF200 00000612 C=CODE     S=.text    G=(none)   M=downGrindTV ACBP=A9
 0001:000AF814 00000B9E C=CODE     S=.text    G=(none)   M=downHasici150 ACBP=A9
 0001:000B03B4 000003EE C=CODE     S=.text    G=(none)   M=downHejbejSe ACBP=A9
 0001:000B07A4 0000047E C=CODE     S=.text    G=(none)   M=downHellTV ACBP=A9
 0001:000B0C24 00000442 C=CODE     S=.text    G=(none)   M=downHokejCbCz ACBP=A9
 0001:000B1068 000007CE C=CODE     S=.text    G=(none)   M=downHokejCz ACBP=A9
 0001:000B1838 0000044A C=CODE     S=.text    G=(none)   M=downHrej ACBP=A9
 0001:000B1C84 000004BA C=CODE     S=.text    G=(none)   M=downiConcerts ACBP=A9
 0001:000B2140 0000099E C=CODE     S=.text    G=(none)   M=downIDnes_Embed ACBP=A9
 0001:000B2AE0 00000392 C=CODE     S=.text    G=(none)   M=downIDnes ACBP=A9
 0001:000B2E74 000006EA C=CODE     S=.text    G=(none)   M=downIHned ACBP=A9
 0001:000B3560 000005CE C=CODE     S=.text    G=(none)   M=downILikeBike ACBP=A9
 0001:000B3B30 000006D6 C=CODE     S=.text    G=(none)   M=downStream ACBP=A9
 0001:000B4208 00000BC2 C=CODE     S=.text    G=(none)   M=downIPrima ACBP=A9
 0001:000B4DCC 000009D6 C=CODE     S=.text    G=(none)   M=downiPrima_ShowJanaKrause ACBP=A9
 0001:000B57A4 0000046E C=CODE     S=.text    G=(none)   M=downiViewTube ACBP=A9
 0001:000B5C14 0000050A C=CODE     S=.text    G=(none)   M=downJenProZeny ACBP=A9
 0001:000B6120 0000052E C=CODE     S=.text    G=(none)   M=downKanalTurk ACBP=A9
 0001:000B6650 00000526 C=CODE     S=.text    G=(none)   M=downKinobox ACBP=A9
 0001:000B6B78 0000081E C=CODE     S=.text    G=(none)   M=downKiwi ACBP=A9
 0001:000B7398 00000422 C=CODE     S=.text    G=(none)   M=downKontraband ACBP=A9
 0001:000B77BC 000006BE C=CODE     S=.text    G=(none)   M=downKoukni ACBP=A9
 0001:000B7E7C 000003F6 C=CODE     S=.text    G=(none)   M=downKukaj ACBP=A9
 0001:000B8274 0000076A C=CODE     S=.text    G=(none)   M=downLaola1 ACBP=A9
 0001:000B89E0 000005B2 C=CODE     S=.text    G=(none)   M=downLenkaFilipova ACBP=A9
 0001:000B8F94 000004C6 C=CODE     S=.text    G=(none)   M=downLevelTV ACBP=A9
 0001:000B945C 000003EA C=CODE     S=.text    G=(none)   M=downLibimSeTi ACBP=A9
 0001:000B9848 0000051A C=CODE     S=.text    G=(none)   M=downLiveLeak ACBP=A9
 0001:000B9D64 000001CA C=CODE     S=.text    G=(none)   M=downLiveLeakEmbedded ACBP=A9
 0001:000B9F30 0000041E C=CODE     S=.text    G=(none)   M=downLoupak ACBP=A9
 0001:000BA350 0000069A C=CODE     S=.text    G=(none)   M=downMarkiza ACBP=A9
 0001:000BA9EC 000005B6 C=CODE     S=.text    G=(none)   M=downMarkizaParticka ACBP=A9
 0001:000BAFA4 0000047A C=CODE     S=.text    G=(none)   M=downMatrix2001 ACBP=A9
 0001:000BB420 0000066A C=CODE     S=.text    G=(none)   M=downMediaSport ACBP=A9
 0001:000BBA8C 00000C6A C=CODE     S=.text    G=(none)   M=downMegaVideo ACBP=A9
 0001:000BC6F8 00000426 C=CODE     S=.text    G=(none)   M=downMegaVideo_Embed ACBP=A9
 0001:000BCB20 000007A2 C=CODE     S=.text    G=(none)   M=downMetaCafe ACBP=A9
 0001:000BD2C4 0000040A C=CODE     S=.text    G=(none)   M=downMetooCz ACBP=A9
 0001:000BD6D0 00000B90 C=CODE     S=.text    G=(none)   M=downMetooSk ACBP=A9
 0001:000BE260 000003DE C=CODE     S=.text    G=(none)   M=downMetropolCZ ACBP=A9
 0001:000BE640 000004F2 C=CODE     S=.text    G=(none)   M=downMetropolCZ_Zpravy ACBP=A9
 0001:000BEB34 000006AA C=CODE     S=.text    G=(none)   M=downMetropolTV ACBP=A9
 0001:000BF1E0 00000486 C=CODE     S=.text    G=(none)   M=downMetroProjekt ACBP=A9
 0001:000BF668 0000046E C=CODE     S=.text    G=(none)   M=downMojeTelevize ACBP=A9
 0001:000BFAD8 000004C6 C=CODE     S=.text    G=(none)   M=downMojeVideo ACBP=A9
 0001:000BFFA0 000006E6 C=CODE     S=.text    G=(none)   M=downMojeVideoSk ACBP=A9
 0001:000C0688 00000B96 C=CODE     S=.text    G=(none)   M=downMovtex ACBP=A9
 0001:000C1220 0000066E C=CODE     S=.text    G=(none)   M=downMpora ACBP=A9
 0001:000C1890 0000095E C=CODE     S=.text    G=(none)   M=downMTVEmbed ACBP=A9
 0001:000C21F0 00000456 C=CODE     S=.text    G=(none)   M=downMTV  ACBP=A9
 0001:000C2648 0000048A C=CODE     S=.text    G=(none)   M=downMULitvinov ACBP=A9
 0001:000C2AD4 0000062E C=CODE     S=.text    G=(none)   M=downMultimediaVseCz ACBP=A9
 0001:000C3104 0000076E C=CODE     S=.text    G=(none)   M=downMustWatch ACBP=A9
 0001:000C3874 000004B2 C=CODE     S=.text    G=(none)   M=downMuvi ACBP=A9
 0001:000C3D28 00000D1E C=CODE     S=.text    G=(none)   M=downMuzu ACBP=A9
 0001:000C4A48 000004CE C=CODE     S=.text    G=(none)   M=downMySpace ACBP=A9
 0001:000C4F18 000004B6 C=CODE     S=.text    G=(none)   M=downMyubo ACBP=A9
 0001:000C53D0 000008BA C=CODE     S=.text    G=(none)   M=downMyvi_Embed ACBP=A9
 0001:000C5C8C 00000446 C=CODE     S=.text    G=(none)   M=downMyvi ACBP=A9
 0001:000C60D4 000003E6 C=CODE     S=.text    G=(none)   M=downNaHnoji ACBP=A9
 0001:000C64BC 000004E2 C=CODE     S=.text    G=(none)   M=downNaStojaka ACBP=A9
 0001:000C69A0 0000104A C=CODE     S=.text    G=(none)   M=downNBC  ACBP=A9
 0001:000C79EC 000004A6 C=CODE     S=.text    G=(none)   M=downNebickoVPapulke ACBP=A9
 0001:000C7E94 0000072E C=CODE     S=.text    G=(none)   M=downNHL  ACBP=A9
 0001:000C85C4 0000067E C=CODE     S=.text    G=(none)   M=downNJoy ACBP=A9
 0001:000C8C44 0000046A C=CODE     S=.text    G=(none)   M=downNothingToxic ACBP=A9
 0001:000C90B0 000002FE C=CODE     S=.text    G=(none)   M=downNova ACBP=A9
 0001:000C93B0 00000006 C=CODE     S=.text    G=(none)   M=WinSock  ACBP=A9
 0001:000C93B8 0000082A C=CODE     S=.text    G=(none)   M=downNovaTN ACBP=A9
 0001:000C9BE4 000003D6 C=CODE     S=.text    G=(none)   M=downNovaMov_Embed ACBP=A9
 0001:000C9FBC 000005EA C=CODE     S=.text    G=(none)   M=downNovaMov ACBP=A9
 0001:000CA5A8 0000073A C=CODE     S=.text    G=(none)   M=downNovinky ACBP=A9
 0001:000CACE4 0000062A C=CODE     S=.text    G=(none)   M=downNRSR ACBP=A9
 0001:000CB310 000004E6 C=CODE     S=.text    G=(none)   M=downOckoTV ACBP=A9
 0001:000CB7F8 00000432 C=CODE     S=.text    G=(none)   M=downOKTeam ACBP=A9
 0001:000CBC2C 00000ABA C=CODE     S=.text    G=(none)   M=downOldStream ACBP=A9
 0001:000CC6E8 0000051D C=CODE     S=.text    G=(none)   M=downOsobnostiCZ ACBP=A9
 0001:000CCC08 00000792 C=CODE     S=.text    G=(none)   M=downOverStream ACBP=A9
 0001:000CD39C 00000746 C=CODE     S=.text    G=(none)   M=downOwn3D_Embed ACBP=A9
 0001:000CDAE4 0000066E C=CODE     S=.text    G=(none)   M=downPBS  ACBP=A9
 0001:000CE154 00000666 C=CODE     S=.text    G=(none)   M=downPCPlanets ACBP=A9
 0001:000CE7BC 00000446 C=CODE     S=.text    G=(none)   M=downPicSpoon ACBP=A9
 0001:000CEC04 0000071A C=CODE     S=.text    G=(none)   M=downPlayFm ACBP=A9
 0001:000CF320 0000087E C=CODE     S=.text    G=(none)   M=downPlaywire ACBP=A9
 0001:000CFBA0 00000532 C=CODE     S=.text    G=(none)   M=downPlayZone ACBP=A9
 0001:000D00D4 00000591 C=CODE     S=.text    G=(none)   M=downPolarCz ACBP=A9
 0001:000D0668 00000486 C=CODE     S=.text    G=(none)   M=downPracticalMethod ACBP=A9
 0001:000D0AF0 00000412 C=CODE     S=.text    G=(none)   M=downPrazdninyVTelci ACBP=A9
 0001:000D0F04 000002FE C=CODE     S=.text    G=(none)   M=downPrimaCool ACBP=A9
 0001:000D1204 000003DA C=CODE     S=.text    G=(none)   M=downProglas ACBP=A9
 0001:000D15E0 00000726 C=CODE     S=.text    G=(none)   M=downProstoPleer ACBP=A9
 0001:000D1D08 00000752 C=CODE     S=.text    G=(none)   M=downPublicTV ACBP=A9
 0001:000D245C 000004E6 C=CODE     S=.text    G=(none)   M=downQipRu_Embed ACBP=A9
 0001:000D2944 000009BA C=CODE     S=.text    G=(none)   M=downRajce ACBP=A9
 0001:000D3300 0000045A C=CODE     S=.text    G=(none)   M=downReflex ACBP=A9
 0001:000D375C 00000452 C=CODE     S=.text    G=(none)   M=downRevver ACBP=A9
 0001:000D3BB0 0000042A C=CODE     S=.text    G=(none)   M=downRingTV ACBP=A9
 0001:000D3FDC 0000062E C=CODE     S=.text    G=(none)   M=downRockstarGames ACBP=A9
 0001:000D460C 00000592 C=CODE     S=.text    G=(none)   M=downRockstarGames_IV ACBP=A9
 0001:000D4BA0 0000049E C=CODE     S=.text    G=(none)   M=downRozhlas ACBP=A9
 0001:000D5040 00000606 C=CODE     S=.text    G=(none)   M=downRTA_Embed ACBP=A9
 0001:000D5648 000003FE C=CODE     S=.text    G=(none)   M=downRTA  ACBP=A9
 0001:000D5A48 000006C2 C=CODE     S=.text    G=(none)   M=downRtlNl ACBP=A9
 0001:000D610C 000012F6 C=CODE     S=.text    G=(none)   M=downRuTube ACBP=A9
 0001:000D7404 000006A6 C=CODE     S=.text    G=(none)   M=downSchoolOfCare ACBP=A9
 0001:000D7AAC 0000043E C=CODE     S=.text    G=(none)   M=downSerialOnline ACBP=A9
 0001:000D7EEC 00000521 C=CODE     S=.text    G=(none)   M=downSerialyCZ ACBP=A9
 0001:000D8410 000007B6 C=CODE     S=.text    G=(none)   M=downSevenLoad ACBP=A9
 0001:000D8BC8 00000402 C=CODE     S=.text    G=(none)   M=downShackNews ACBP=A9
 0001:000D8FCC 0000043A C=CODE     S=.text    G=(none)   M=downSibnet ACBP=A9
 0001:000D9408 0000055E C=CODE     S=.text    G=(none)   M=downSmeSK ACBP=A9
 0001:000D9968 00000766 C=CODE     S=.text    G=(none)   M=downSmotri ACBP=A9
 0001:000DA0D0 000003C6 C=CODE     S=.text    G=(none)   M=downSnotr ACBP=A9
 0001:000DA498 00000682 C=CODE     S=.text    G=(none)   M=downSoundCloud ACBP=A9
 0001:000DAB1C 00000856 C=CODE     S=.text    G=(none)   M=downSpike ACBP=A9
 0001:000DB374 000005EE C=CODE     S=.text    G=(none)   M=downSportStream ACBP=A9
 0001:000DB964 000003E6 C=CODE     S=.text    G=(none)   M=downStagevu ACBP=A9
 0001:000DBD4C 0000041A C=CODE     S=.text    G=(none)   M=downStastneVdovy ACBP=A9
 0001:000DC168 00000636 C=CODE     S=.text    G=(none)   M=downSteamPowered ACBP=A9
 0001:000DC7A0 000004D2 C=CODE     S=.text    G=(none)   M=downStickam ACBP=A9
 0001:000DCC74 000005CE C=CODE     S=.text    G=(none)   M=downStreetFire ACBP=A9
 0001:000DD244 000005AE C=CODE     S=.text    G=(none)   M=downStudioPlus ACBP=A9
 0001:000DD7F4 000004A6 C=CODE     S=.text    G=(none)   M=downStupidVideos ACBP=A9
 0001:000DDC9C 0000047A C=CODE     S=.text    G=(none)   M=downTangle ACBP=A9
 0001:000DE118 000004C2 C=CODE     S=.text    G=(none)   M=downTeacherTube ACBP=A9
 0001:000DE5DC 0000087A C=CODE     S=.text    G=(none)   M=downTed  ACBP=A9
 0001:000DEE58 00000426 C=CODE     S=.text    G=(none)   M=downThatVideoSite ACBP=A9
 0001:000DF280 000004C2 C=CODE     S=.text    G=(none)   M=downTMusic ACBP=A9
 0001:000DF744 0000060A C=CODE     S=.text    G=(none)   M=downTodaysBigThing ACBP=A9
 0001:000DFD50 00000412 C=CODE     S=.text    G=(none)   M=downTontuyau ACBP=A9
 0001:000E0164 000003B2 C=CODE     S=.text    G=(none)   M=downTopReceptyCZ ACBP=A9
 0001:000E0518 000005A6 C=CODE     S=.text    G=(none)   M=downTotallyCrap ACBP=A9
 0001:000E0AC0 00000796 C=CODE     S=.text    G=(none)   M=downTV2Nord ACBP=A9
 0001:000E1258 00000712 C=CODE     S=.text    G=(none)   M=downTV4PlaySE ACBP=A9
 0001:000E196C 00000632 C=CODE     S=.text    G=(none)   M=downTVHNOnlineSk ACBP=A9
 0001:000E1FA0 000003F6 C=CODE     S=.text    G=(none)   M=downTVLux ACBP=A9
 0001:000E2398 000004CA C=CODE     S=.text    G=(none)   M=downTVNoe ACBP=A9
 0001:000E2864 000003AA C=CODE     S=.text    G=(none)   M=downTVNovinySk ACBP=A9
 0001:000E2C10 0000078A C=CODE     S=.text    G=(none)   M=downTVSpl ACBP=A9
 0001:000E339C 0000067E C=CODE     S=.text    G=(none)   M=downTVVysocina ACBP=A9
 0001:000E3A1C 00000435 C=CODE     S=.text    G=(none)   M=downTyzdenSk ACBP=A9
 0001:000E3E54 0000047E C=CODE     S=.text    G=(none)   M=downUlozTo ACBP=A9
 0001:000E42D4 000007EE C=CODE     S=.text    G=(none)   M=downUniMinnesota ACBP=A9
 0001:000E4AC4 0000080A C=CODE     S=.text    G=(none)   M=downUStream ACBP=A9
 0001:000E52D0 00000246 C=CODE     S=.text    G=(none)   M=downVCTV ACBP=A9
 0001:000E5518 00000616 C=CODE     S=.text    G=(none)   M=downVeeHD ACBP=A9
 0001:000E5B30 00000FBA C=CODE     S=.text    G=(none)   M=downVideaCesky ACBP=A9
 0001:000E6AEC 0000056E C=CODE     S=.text    G=(none)   M=downVideoAlbumyAzet ACBP=A9
 0001:000E705C 0000065A C=CODE     S=.text    G=(none)   M=downVideoBB ACBP=A9
 0001:000E76B8 0000044A C=CODE     S=.text    G=(none)   M=downVideoClipsDump ACBP=A9
 0001:000E7B04 00000542 C=CODE     S=.text    G=(none)   M=downVideoNurKz ACBP=A9
 0001:000E8048 000006F6 C=CODE     S=.text    G=(none)   M=downVideoPortalSfTV ACBP=A9
 0001:000E8740 00000672 C=CODE     S=.text    G=(none)   M=downVideu ACBP=A9
 0001:000E8DB4 000004B6 C=CODE     S=.text    G=(none)   M=downViiSk ACBP=A9
 0001:000E926C 000008CA C=CODE     S=.text    G=(none)   M=downViki ACBP=A9
 0001:000E9B38 00000416 C=CODE     S=.text    G=(none)   M=downVineCo ACBP=A9
 0001:000E9F50 00000646 C=CODE     S=.text    G=(none)   M=downVitalMtb ACBP=A9
 0001:000EA598 00000732 C=CODE     S=.text    G=(none)   M=downVKontakteRuEmbed ACBP=A9
 0001:000EACCC 0000060E C=CODE     S=.text    G=(none)   M=downWeGame ACBP=A9
 0001:000EB2DC 000003B6 C=CODE     S=.text    G=(none)   M=downWimp ACBP=A9
 0001:000EB694 000003BE C=CODE     S=.text    G=(none)   M=downWordPressTV ACBP=A9
 0001:000EBA54 00000432 C=CODE     S=.text    G=(none)   M=downWorldClub ACBP=A9
 0001:000EBE88 00000536 C=CODE     S=.text    G=(none)   M=downWrzuta ACBP=A9
 0001:000EC3C0 00000392 C=CODE     S=.text    G=(none)   M=downYikers ACBP=A9
 0001:000EC754 00000286 C=CODE     S=.text    G=(none)   M=downYouTu_Be ACBP=A9
 0001:000EC9DC 000002A6 C=CODE     S=.text    G=(none)   M=downYouTubeNoCookie ACBP=A9
 0001:000ECC84 00000392 C=CODE     S=.text    G=(none)   M=downZ1TV ACBP=A9
 0001:000ED018 0000059E C=CODE     S=.text    G=(none)   M=downZAKTV ACBP=A9
 0001:000ED5B8 0000058E C=CODE     S=.text    G=(none)   M=downZapiksFr ACBP=A9
 0001:000EDB48 0000088E C=CODE     S=.text    G=(none)   M=downZDF  ACBP=A9
 0001:000EE3D8 000004E2 C=CODE     S=.text    G=(none)   M=downZkoukniTo ACBP=A9
 0001:000EE8BC 00000432 C=CODE     S=.text    G=(none)   M=downZkoukniToEmbed ACBP=A9
 0001:000EECF0 00000486 C=CODE     S=.text    G=(none)   M=downZmozek ACBP=A9
 0001:000EF178 0000021C C=CODE     S=.text    G=(none)   M=listTXT  ACBP=A9
 0001:000EF394 00000352 C=CODE     S=.text    G=(none)   M=listArchive ACBP=A9
 0001:000EF6E8 000003B2 C=CODE     S=.text    G=(none)   M=listBing ACBP=A9
 0001:000EFA9C 0000066E C=CODE     S=.text    G=(none)   M=listBlipTV ACBP=A9
 0001:000F010C 0000054E C=CODE     S=.text    G=(none)   M=listGameAnyone ACBP=A9
 0001:000F065C 00000B26 C=CODE     S=.text    G=(none)   M=listYouTube ACBP=A9
 0001:000F1184 000005A6 C=CODE     S=.text    G=(none)   M=listYouTubePage ACBP=A9
 0001:000F172C 00000C28 C=CODE     S=.text    G=(none)   M=YTD      ACBP=A9
 0002:00000000 000000AE C=ICODE    S=.itext   G=(none)   M=System   ACBP=A9
 0002:000000B0 00000011 C=ICODE    S=.itext   G=(none)   M=Windows  ACBP=A9
 0002:000000C4 00000094 C=ICODE    S=.itext   G=(none)   M=SysUtils ACBP=A9
 0002:00000158 0000000F C=ICODE    S=.itext   G=(none)   M=VarUtils ACBP=A9
 0002:00000168 000000AA C=ICODE    S=.itext   G=(none)   M=Variants ACBP=A9
 0002:00000214 00000008 C=ICODE    S=.itext   G=(none)   M=TypInfo  ACBP=A9
 0002:0000021C 00000092 C=ICODE    S=.itext   G=(none)   M=Classes  ACBP=A9
 0002:000002B0 00000298 C=ICODE    S=.itext   G=(none)   M=gnugettext ACBP=A9
 0002:00000548 00000030 C=ICODE    S=.itext   G=(none)   M=uLanguages ACBP=A9
 0002:00000578 00000008 C=ICODE    S=.itext   G=(none)   M=uSetup   ACBP=A9
 0002:00000580 00000024 C=ICODE    S=.itext   G=(none)   M=uApiForm ACBP=A9
 0002:000005A4 00000008 C=ICODE    S=.itext   G=(none)   M=uMessages ACBP=A9
 0002:000005AC 0000000F C=ICODE    S=.itext   G=(none)   M=SyncObjs ACBP=A9
 0002:000005BC 0000002F C=ICODE    S=.itext   G=(none)   M=synsock  ACBP=A9
 0002:000005EC 00000074 C=ICODE    S=.itext   G=(none)   M=synautil ACBP=A9
 0002:00000660 000000E8 C=ICODE    S=.itext   G=(none)   M=blcksock ACBP=A9
 0002:00000748 00000008 C=ICODE    S=.itext   G=(none)   M=NativeXml ACBP=A9
 0002:00000750 00000055 C=ICODE    S=.itext   G=(none)   M=ComObj   ACBP=A9
 0002:000007A8 00000008 C=ICODE    S=.itext   G=(none)   M=uFunctions ACBP=A9
 0002:000007B0 00000014 C=ICODE    S=.itext   G=(none)   M=uSystem  ACBP=A9
 0002:000007C4 00000008 C=ICODE    S=.itext   G=(none)   M=uOptions ACBP=A9
 0002:000007CC 00000008 C=ICODE    S=.itext   G=(none)   M=uCommonDownloader ACBP=A9
 0002:000007D4 0000001B C=ICODE    S=.itext   G=(none)   M=uDownloader ACBP=A9
 0002:000007F0 00000014 C=ICODE    S=.itext   G=(none)   M=guiConsts ACBP=A9
 0002:00000804 0000000F C=ICODE    S=.itext   G=(none)   M=guiSetupWINAPI ACBP=A9
 0002:00000814 000000C8 C=ICODE    S=.itext   G=(none)   M=uConsoleApp ACBP=A9
 0002:000008DC 00000008 C=ICODE    S=.itext   G=(none)   M=uUpgrade ACBP=A9
 0002:000008E4 0000003D C=ICODE    S=.itext   G=(none)   M=uDownloadClassifier ACBP=A9
 0002:00000924 00000008 C=ICODE    S=.itext   G=(none)   M=uHttp    ACBP=A9
 0002:0000092C 0000001B C=ICODE    S=.itext   G=(none)   M=ssl_openssl_lib ACBP=A9
 0002:00000948 00000020 C=ICODE    S=.itext   G=(none)   M=ssl_openssl ACBP=A9
 0002:00000968 00000018 C=ICODE    S=.itext   G=(none)   M=rtmpdump_dll ACBP=A9
 0002:00000980 00000008 C=ICODE    S=.itext   G=(none)   M=uRtmpDownloader ACBP=A9
 0002:00000988 00000014 C=ICODE    S=.itext   G=(none)   M=uRtmpDirectDownloader ACBP=A9
 0002:0000099C 00000018 C=ICODE    S=.itext   G=(none)   M=msdl_dll ACBP=A9
 0002:000009B4 00000014 C=ICODE    S=.itext   G=(none)   M=uMSDirectDownloader ACBP=A9
 0002:000009C8 0000001B C=ICODE    S=.itext   G=(none)   M=uScriptedDownloader ACBP=A9
 0002:000009E4 00000008 C=ICODE    S=.itext   G=(none)   M=guiFunctions ACBP=A9
 0002:000009EC 00000008 C=ICODE    S=.itext   G=(none)   M=guiOptions ACBP=A9
 0002:000009F4 0000000F C=ICODE    S=.itext   G=(none)   M=guiAboutWINAPI ACBP=A9
 0002:00000A04 0000000F C=ICODE    S=.itext   G=(none)   M=guiConverterWINAPI ACBP=A9
 0002:00000A14 0000000F C=ICODE    S=.itext   G=(none)   M=guiOptionsWINAPI_Downloads ACBP=A9
 0002:00000A24 0000000F C=ICODE    S=.itext   G=(none)   M=guiOptionsWINAPI_Main ACBP=A9
 0002:00000A34 0000000F C=ICODE    S=.itext   G=(none)   M=guiOptionsWINAPI_Network ACBP=A9
 0002:00000A44 0000000F C=ICODE    S=.itext   G=(none)   M=guiOptionsWINAPI_Downloaders ACBP=A9
 0002:00000A54 0000000F C=ICODE    S=.itext   G=(none)   M=guiOptionsWINAPI ACBP=A9
 0002:00000A64 00000048 C=ICODE    S=.itext   G=(none)   M=guiMainWINAPI ACBP=A9
 0002:00000AAC 00000008 C=ICODE    S=.itext   G=(none)   M=uMain    ACBP=A9
 0002:00000AB4 00000014 C=ICODE    S=.itext   G=(none)   M=downCT   ACBP=A9
 0002:00000AC8 00000014 C=ICODE    S=.itext   G=(none)   M=downEuroSeptik ACBP=A9
 0002:00000ADC 00000014 C=ICODE    S=.itext   G=(none)   M=downJoj  ACBP=A9
 0002:00000AF0 00000014 C=ICODE    S=.itext   G=(none)   M=uCrypto  ACBP=A9
 0002:00000B04 00000008 C=ICODE    S=.itext   G=(none)   M=downVoyo ACBP=A9
 0002:00000B0C 00000014 C=ICODE    S=.itext   G=(none)   M=downYouTube ACBP=A9
 0002:00000B20 00000014 C=ICODE    S=.itext   G=(none)   M=downPrahovaHD ACBP=A9
 0002:00000B34 00000014 C=ICODE    S=.itext   G=(none)   M=down1hdRo ACBP=A9
 0002:00000B48 00000014 C=ICODE    S=.itext   G=(none)   M=down3NewsCoNz ACBP=A9
 0002:00000B5C 00000014 C=ICODE    S=.itext   G=(none)   M=down4TV  ACBP=A9
 0002:00000B70 00000014 C=ICODE    S=.itext   G=(none)   M=down5min ACBP=A9
 0002:00000B84 00000014 C=ICODE    S=.itext   G=(none)   M=downAcademicEarth ACBP=A9
 0002:00000B98 00000014 C=ICODE    S=.itext   G=(none)   M=downAgresori ACBP=A9
 0002:00000BAC 00000014 C=ICODE    S=.itext   G=(none)   M=downAlternativaTV ACBP=A9
 0002:00000BC0 00000014 C=ICODE    S=.itext   G=(none)   M=downAncensored ACBP=A9
 0002:00000BD4 00000014 C=ICODE    S=.itext   G=(none)   M=downAngryAlien ACBP=A9
 0002:00000BE8 00000014 C=ICODE    S=.itext   G=(none)   M=downAnimacekTv ACBP=A9
 0002:00000BFC 00000014 C=ICODE    S=.itext   G=(none)   M=downArchive ACBP=A9
 0002:00000C10 00000014 C=ICODE    S=.itext   G=(none)   M=downAutoTube ACBP=A9
 0002:00000C24 00000014 C=ICODE    S=.itext   G=(none)   M=downAzetSk ACBP=A9
 0002:00000C38 00000014 C=ICODE    S=.itext   G=(none)   M=downBahnorama ACBP=A9
 0002:00000C4C 00000014 C=ICODE    S=.itext   G=(none)   M=downBandZone ACBP=A9
 0002:00000C60 00000014 C=ICODE    S=.itext   G=(none)   M=downBarrandovTV ACBP=A9
 0002:00000C74 00000014 C=ICODE    S=.itext   G=(none)   M=downBBCNews ACBP=A9
 0002:00000C88 00000014 C=ICODE    S=.itext   G=(none)   M=downBlennus ACBP=A9
 0002:00000C9C 00000014 C=ICODE    S=.itext   G=(none)   M=downBlipTv_Embed ACBP=A9
 0002:00000CB0 00000014 C=ICODE    S=.itext   G=(none)   M=downBlipTv ACBP=A9
 0002:00000CC4 00000014 C=ICODE    S=.itext   G=(none)   M=downBMovies ACBP=A9
 0002:00000CD8 00000014 C=ICODE    S=.itext   G=(none)   M=downBofunk ACBP=A9
 0002:00000CEC 00000014 C=ICODE    S=.itext   G=(none)   M=downBolt ACBP=A9
 0002:00000D00 00000014 C=ICODE    S=.itext   G=(none)   M=downBomba ACBP=A9
 0002:00000D14 00000014 C=ICODE    S=.itext   G=(none)   M=downBreak ACBP=A9
 0002:00000D28 00000014 C=ICODE    S=.itext   G=(none)   M=downBreakEmbed ACBP=A9
 0002:00000D3C 00000014 C=ICODE    S=.itext   G=(none)   M=downBreakEmbedV2 ACBP=A9
 0002:00000D50 00000014 C=ICODE    S=.itext   G=(none)   M=downBritishPathe ACBP=A9
 0002:00000D64 00000014 C=ICODE    S=.itext   G=(none)   M=downBTVCz ACBP=A9
 0002:00000D78 00000014 C=ICODE    S=.itext   G=(none)   M=downCasSk ACBP=A9
 0002:00000D8C 00000014 C=ICODE    S=.itext   G=(none)   M=downCekniTo ACBP=A9
 0002:00000DA0 00000014 C=ICODE    S=.itext   G=(none)   M=downCeskeDrahy ACBP=A9
 0002:00000DB4 00000014 C=ICODE    S=.itext   G=(none)   M=downCesnet ACBP=A9
 0002:00000DC8 00000014 C=ICODE    S=.itext   G=(none)   M=downCKKlic ACBP=A9
 0002:00000DDC 00000014 C=ICODE    S=.itext   G=(none)   M=downClevver ACBP=A9
 0002:00000DF0 00000014 C=ICODE    S=.itext   G=(none)   M=downClipfish ACBP=A9
 0002:00000E04 00000014 C=ICODE    S=.itext   G=(none)   M=downClipFishV2 ACBP=A9
 0002:00000E18 00000014 C=ICODE    S=.itext   G=(none)   M=downCNBC ACBP=A9
 0002:00000E2C 00000014 C=ICODE    S=.itext   G=(none)   M=downCollegeHumor ACBP=A9
 0002:00000E40 00000014 C=ICODE    S=.itext   G=(none)   M=downCriticalPast ACBP=A9
 0002:00000E54 00000014 C=ICODE    S=.itext   G=(none)   M=downCurrent ACBP=A9
 0002:00000E68 00000014 C=ICODE    S=.itext   G=(none)   M=downDailyHaha ACBP=A9
 0002:00000E7C 00000014 C=ICODE    S=.itext   G=(none)   M=downDailyMotion ACBP=A9
 0002:00000E90 00000014 C=ICODE    S=.itext   G=(none)   M=downDeutscheBahn ACBP=A9
 0002:00000EA4 00000014 C=ICODE    S=.itext   G=(none)   M=downDenik ACBP=A9
 0002:00000EB8 00000014 C=ICODE    S=.itext   G=(none)   M=downDevilDucky ACBP=A9
 0002:00000ECC 00000014 C=ICODE    S=.itext   G=(none)   M=downDokumentarniTV ACBP=A9
 0002:00000EE0 00000014 C=ICODE    S=.itext   G=(none)   M=downDotSub ACBP=A9
 0002:00000EF4 00000014 C=ICODE    S=.itext   G=(none)   M=downDoubleAgent ACBP=A9
 0002:00000F08 00000014 C=ICODE    S=.itext   G=(none)   M=downDrsnySvet ACBP=A9
 0002:00000F1C 00000014 C=ICODE    S=.itext   G=(none)   M=downDUB  ACBP=A9
 0002:00000F30 00000014 C=ICODE    S=.itext   G=(none)   M=downEbaumsWorld ACBP=A9
 0002:00000F44 00000014 C=ICODE    S=.itext   G=(none)   M=downEHow ACBP=A9
 0002:00000F58 00000014 C=ICODE    S=.itext   G=(none)   M=downEKucharkaNet ACBP=A9
 0002:00000F6C 00000014 C=ICODE    S=.itext   G=(none)   M=downESPN ACBP=A9
 0002:00000F80 00000014 C=ICODE    S=.itext   G=(none)   M=downEuroGamer ACBP=A9
 0002:00000F94 00000014 C=ICODE    S=.itext   G=(none)   M=downEVTV1 ACBP=A9
 0002:00000FA8 00000014 C=ICODE    S=.itext   G=(none)   M=downEyeneer ACBP=A9
 0002:00000FBC 00000014 C=ICODE    S=.itext   G=(none)   M=downFileCabi ACBP=A9
 0002:00000FD0 00000014 C=ICODE    S=.itext   G=(none)   M=downFishki ACBP=A9
 0002:00000FE4 00000014 C=ICODE    S=.itext   G=(none)   M=downFlickr ACBP=A9
 0002:00000FF8 00000014 C=ICODE    S=.itext   G=(none)   M=downFreeCaster ACBP=A9
 0002:0000100C 00000014 C=ICODE    S=.itext   G=(none)   M=downFreeSk ACBP=A9
 0002:00001020 00000014 C=ICODE    S=.itext   G=(none)   M=downFreeRide ACBP=A9
 0002:00001034 00000014 C=ICODE    S=.itext   G=(none)   M=downFreeVideoRu ACBP=A9
 0002:00001048 00000014 C=ICODE    S=.itext   G=(none)   M=downFunnyOrDie ACBP=A9
 0002:0000105C 00000014 C=ICODE    S=.itext   G=(none)   M=downG4TV ACBP=A9
 0002:00001070 00000014 C=ICODE    S=.itext   G=(none)   M=downGameAnyone ACBP=A9
 0002:00001084 00000014 C=ICODE    S=.itext   G=(none)   M=downGamePark ACBP=A9
 0002:00001098 00000014 C=ICODE    S=.itext   G=(none)   M=downGameZone ACBP=A9
 0002:000010AC 00000014 C=ICODE    S=.itext   G=(none)   M=downGamesTiscaliCz ACBP=A9
 0002:000010C0 00000014 C=ICODE    S=.itext   G=(none)   M=downGodTube ACBP=A9
 0002:000010D4 00000014 C=ICODE    S=.itext   G=(none)   M=downGoogleVideo_Embed ACBP=A9
 0002:000010E8 00000014 C=ICODE    S=.itext   G=(none)   M=downGoogleVideo ACBP=A9
 0002:000010FC 00000014 C=ICODE    S=.itext   G=(none)   M=downGordonUraCz ACBP=A9
 0002:00001110 00000014 C=ICODE    S=.itext   G=(none)   M=downGuba ACBP=A9
 0002:00001124 00000014 C=ICODE    S=.itext   G=(none)   M=downGrindTV ACBP=A9
 0002:00001138 00000014 C=ICODE    S=.itext   G=(none)   M=downHasici150 ACBP=A9
 0002:0000114C 00000014 C=ICODE    S=.itext   G=(none)   M=downHejbejSe ACBP=A9
 0002:00001160 00000014 C=ICODE    S=.itext   G=(none)   M=downHellTV ACBP=A9
 0002:00001174 00000014 C=ICODE    S=.itext   G=(none)   M=downHokejCbCz ACBP=A9
 0002:00001188 00000014 C=ICODE    S=.itext   G=(none)   M=downHokejCz ACBP=A9
 0002:0000119C 00000014 C=ICODE    S=.itext   G=(none)   M=downHrej ACBP=A9
 0002:000011B0 00000014 C=ICODE    S=.itext   G=(none)   M=downiConcerts ACBP=A9
 0002:000011C4 00000014 C=ICODE    S=.itext   G=(none)   M=downIDnes_Embed ACBP=A9
 0002:000011D8 00000014 C=ICODE    S=.itext   G=(none)   M=downIDnes ACBP=A9
 0002:000011EC 00000014 C=ICODE    S=.itext   G=(none)   M=downIHned ACBP=A9
 0002:00001200 00000014 C=ICODE    S=.itext   G=(none)   M=downILikeBike ACBP=A9
 0002:00001214 00000014 C=ICODE    S=.itext   G=(none)   M=downStream ACBP=A9
 0002:00001228 00000014 C=ICODE    S=.itext   G=(none)   M=downIPrima ACBP=A9
 0002:0000123C 00000014 C=ICODE    S=.itext   G=(none)   M=downiPrima_ShowJanaKrause ACBP=A9
 0002:00001250 00000014 C=ICODE    S=.itext   G=(none)   M=downiViewTube ACBP=A9
 0002:00001264 00000014 C=ICODE    S=.itext   G=(none)   M=downJenProZeny ACBP=A9
 0002:00001278 00000014 C=ICODE    S=.itext   G=(none)   M=downKanalTurk ACBP=A9
 0002:0000128C 00000014 C=ICODE    S=.itext   G=(none)   M=downKinobox ACBP=A9
 0002:000012A0 00000014 C=ICODE    S=.itext   G=(none)   M=downKiwi ACBP=A9
 0002:000012B4 00000014 C=ICODE    S=.itext   G=(none)   M=downKontraband ACBP=A9
 0002:000012C8 00000014 C=ICODE    S=.itext   G=(none)   M=downKoukni ACBP=A9
 0002:000012DC 00000014 C=ICODE    S=.itext   G=(none)   M=downKukaj ACBP=A9
 0002:000012F0 00000014 C=ICODE    S=.itext   G=(none)   M=downLaola1 ACBP=A9
 0002:00001304 00000014 C=ICODE    S=.itext   G=(none)   M=downLenkaFilipova ACBP=A9
 0002:00001318 00000014 C=ICODE    S=.itext   G=(none)   M=downLevelTV ACBP=A9
 0002:0000132C 00000014 C=ICODE    S=.itext   G=(none)   M=downLibimSeTi ACBP=A9
 0002:00001340 00000014 C=ICODE    S=.itext   G=(none)   M=downLiveLeak ACBP=A9
 0002:00001354 00000014 C=ICODE    S=.itext   G=(none)   M=downLiveLeakEmbedded ACBP=A9
 0002:00001368 00000014 C=ICODE    S=.itext   G=(none)   M=downLoupak ACBP=A9
 0002:0000137C 00000014 C=ICODE    S=.itext   G=(none)   M=downMarkiza ACBP=A9
 0002:00001390 00000014 C=ICODE    S=.itext   G=(none)   M=downMarkizaParticka ACBP=A9
 0002:000013A4 00000014 C=ICODE    S=.itext   G=(none)   M=downMatrix2001 ACBP=A9
 0002:000013B8 00000014 C=ICODE    S=.itext   G=(none)   M=downMediaSport ACBP=A9
 0002:000013CC 00000014 C=ICODE    S=.itext   G=(none)   M=downMegaVideo ACBP=A9
 0002:000013E0 00000014 C=ICODE    S=.itext   G=(none)   M=downMegaVideo_Embed ACBP=A9
 0002:000013F4 00000014 C=ICODE    S=.itext   G=(none)   M=downMetaCafe ACBP=A9
 0002:00001408 00000014 C=ICODE    S=.itext   G=(none)   M=downMetooCz ACBP=A9
 0002:0000141C 00000014 C=ICODE    S=.itext   G=(none)   M=downMetooSk ACBP=A9
 0002:00001430 00000014 C=ICODE    S=.itext   G=(none)   M=downMetropolCZ ACBP=A9
 0002:00001444 00000014 C=ICODE    S=.itext   G=(none)   M=downMetropolCZ_Zpravy ACBP=A9
 0002:00001458 00000014 C=ICODE    S=.itext   G=(none)   M=downMetropolTV ACBP=A9
 0002:0000146C 00000014 C=ICODE    S=.itext   G=(none)   M=downMetroProjekt ACBP=A9
 0002:00001480 00000014 C=ICODE    S=.itext   G=(none)   M=downMojeTelevize ACBP=A9
 0002:00001494 00000014 C=ICODE    S=.itext   G=(none)   M=downMojeVideo ACBP=A9
 0002:000014A8 00000014 C=ICODE    S=.itext   G=(none)   M=downMojeVideoSk ACBP=A9
 0002:000014BC 00000014 C=ICODE    S=.itext   G=(none)   M=downMovtex ACBP=A9
 0002:000014D0 00000014 C=ICODE    S=.itext   G=(none)   M=downMpora ACBP=A9
 0002:000014E4 00000014 C=ICODE    S=.itext   G=(none)   M=downMTVEmbed ACBP=A9
 0002:000014F8 00000014 C=ICODE    S=.itext   G=(none)   M=downMTV  ACBP=A9
 0002:0000150C 00000014 C=ICODE    S=.itext   G=(none)   M=downMULitvinov ACBP=A9
 0002:00001520 00000014 C=ICODE    S=.itext   G=(none)   M=downMultimediaVseCz ACBP=A9
 0002:00001534 00000014 C=ICODE    S=.itext   G=(none)   M=downMustWatch ACBP=A9
 0002:00001548 00000014 C=ICODE    S=.itext   G=(none)   M=downMuvi ACBP=A9
 0002:0000155C 00000014 C=ICODE    S=.itext   G=(none)   M=downMuzu ACBP=A9
 0002:00001570 00000014 C=ICODE    S=.itext   G=(none)   M=downMySpace ACBP=A9
 0002:00001584 00000014 C=ICODE    S=.itext   G=(none)   M=downMyubo ACBP=A9
 0002:00001598 00000014 C=ICODE    S=.itext   G=(none)   M=downMyvi_Embed ACBP=A9
 0002:000015AC 00000014 C=ICODE    S=.itext   G=(none)   M=downMyvi ACBP=A9
 0002:000015C0 00000014 C=ICODE    S=.itext   G=(none)   M=downNaHnoji ACBP=A9
 0002:000015D4 00000014 C=ICODE    S=.itext   G=(none)   M=downNaStojaka ACBP=A9
 0002:000015E8 00000014 C=ICODE    S=.itext   G=(none)   M=downNBC  ACBP=A9
 0002:000015FC 00000014 C=ICODE    S=.itext   G=(none)   M=downNebickoVPapulke ACBP=A9
 0002:00001610 00000014 C=ICODE    S=.itext   G=(none)   M=downNHL  ACBP=A9
 0002:00001624 00000014 C=ICODE    S=.itext   G=(none)   M=downNJoy ACBP=A9
 0002:00001638 00000014 C=ICODE    S=.itext   G=(none)   M=downNothingToxic ACBP=A9
 0002:0000164C 00000014 C=ICODE    S=.itext   G=(none)   M=downNova ACBP=A9
 0002:00001660 00000014 C=ICODE    S=.itext   G=(none)   M=downNovaTN ACBP=A9
 0002:00001674 00000014 C=ICODE    S=.itext   G=(none)   M=downNovaMov_Embed ACBP=A9
 0002:00001688 00000014 C=ICODE    S=.itext   G=(none)   M=downNovaMov ACBP=A9
 0002:0000169C 00000014 C=ICODE    S=.itext   G=(none)   M=downNovinky ACBP=A9
 0002:000016B0 00000014 C=ICODE    S=.itext   G=(none)   M=downNRSR ACBP=A9
 0002:000016C4 00000014 C=ICODE    S=.itext   G=(none)   M=downOckoTV ACBP=A9
 0002:000016D8 00000014 C=ICODE    S=.itext   G=(none)   M=downOKTeam ACBP=A9
 0002:000016EC 0000001E C=ICODE    S=.itext   G=(none)   M=downOldStream ACBP=A9
 0002:0000170C 00000014 C=ICODE    S=.itext   G=(none)   M=downOsobnostiCZ ACBP=A9
 0002:00001720 00000014 C=ICODE    S=.itext   G=(none)   M=downOverStream ACBP=A9
 0002:00001734 00000014 C=ICODE    S=.itext   G=(none)   M=downOwn3D_Embed ACBP=A9
 0002:00001748 00000014 C=ICODE    S=.itext   G=(none)   M=downPBS  ACBP=A9
 0002:0000175C 00000014 C=ICODE    S=.itext   G=(none)   M=downPCPlanets ACBP=A9
 0002:00001770 00000014 C=ICODE    S=.itext   G=(none)   M=downPicSpoon ACBP=A9
 0002:00001784 00000014 C=ICODE    S=.itext   G=(none)   M=downPlayFm ACBP=A9
 0002:00001798 00000014 C=ICODE    S=.itext   G=(none)   M=downPlaywire ACBP=A9
 0002:000017AC 00000014 C=ICODE    S=.itext   G=(none)   M=downPlayZone ACBP=A9
 0002:000017C0 00000014 C=ICODE    S=.itext   G=(none)   M=downPolarCz ACBP=A9
 0002:000017D4 00000014 C=ICODE    S=.itext   G=(none)   M=downPracticalMethod ACBP=A9
 0002:000017E8 00000014 C=ICODE    S=.itext   G=(none)   M=downPrazdninyVTelci ACBP=A9
 0002:000017FC 00000014 C=ICODE    S=.itext   G=(none)   M=downPrimaCool ACBP=A9
 0002:00001810 00000014 C=ICODE    S=.itext   G=(none)   M=downProglas ACBP=A9
 0002:00001824 00000014 C=ICODE    S=.itext   G=(none)   M=downProstoPleer ACBP=A9
 0002:00001838 00000014 C=ICODE    S=.itext   G=(none)   M=downPublicTV ACBP=A9
 0002:0000184C 00000014 C=ICODE    S=.itext   G=(none)   M=downQipRu_Embed ACBP=A9
 0002:00001860 00000014 C=ICODE    S=.itext   G=(none)   M=downRajce ACBP=A9
 0002:00001874 00000014 C=ICODE    S=.itext   G=(none)   M=downReflex ACBP=A9
 0002:00001888 00000014 C=ICODE    S=.itext   G=(none)   M=downRevver ACBP=A9
 0002:0000189C 00000014 C=ICODE    S=.itext   G=(none)   M=downRingTV ACBP=A9
 0002:000018B0 00000014 C=ICODE    S=.itext   G=(none)   M=downRockstarGames ACBP=A9
 0002:000018C4 00000014 C=ICODE    S=.itext   G=(none)   M=downRockstarGames_IV ACBP=A9
 0002:000018D8 00000014 C=ICODE    S=.itext   G=(none)   M=downRozhlas ACBP=A9
 0002:000018EC 00000014 C=ICODE    S=.itext   G=(none)   M=downRTA_Embed ACBP=A9
 0002:00001900 00000014 C=ICODE    S=.itext   G=(none)   M=downRTA  ACBP=A9
 0002:00001914 00000014 C=ICODE    S=.itext   G=(none)   M=downRtlNl ACBP=A9
 0002:00001928 00000014 C=ICODE    S=.itext   G=(none)   M=downRuTube ACBP=A9
 0002:0000193C 00000014 C=ICODE    S=.itext   G=(none)   M=downSchoolOfCare ACBP=A9
 0002:00001950 00000014 C=ICODE    S=.itext   G=(none)   M=downSerialOnline ACBP=A9
 0002:00001964 00000014 C=ICODE    S=.itext   G=(none)   M=downSerialyCZ ACBP=A9
 0002:00001978 00000014 C=ICODE    S=.itext   G=(none)   M=downSevenLoad ACBP=A9
 0002:0000198C 00000014 C=ICODE    S=.itext   G=(none)   M=downShackNews ACBP=A9
 0002:000019A0 00000014 C=ICODE    S=.itext   G=(none)   M=downSibnet ACBP=A9
 0002:000019B4 00000014 C=ICODE    S=.itext   G=(none)   M=downSmeSK ACBP=A9
 0002:000019C8 00000014 C=ICODE    S=.itext   G=(none)   M=downSmotri ACBP=A9
 0002:000019DC 00000014 C=ICODE    S=.itext   G=(none)   M=downSnotr ACBP=A9
 0002:000019F0 00000014 C=ICODE    S=.itext   G=(none)   M=downSoundCloud ACBP=A9
 0002:00001A04 00000014 C=ICODE    S=.itext   G=(none)   M=downSpike ACBP=A9
 0002:00001A18 00000014 C=ICODE    S=.itext   G=(none)   M=downSportStream ACBP=A9
 0002:00001A2C 00000014 C=ICODE    S=.itext   G=(none)   M=downStagevu ACBP=A9
 0002:00001A40 00000014 C=ICODE    S=.itext   G=(none)   M=downStastneVdovy ACBP=A9
 0002:00001A54 00000014 C=ICODE    S=.itext   G=(none)   M=downSteamPowered ACBP=A9
 0002:00001A68 00000014 C=ICODE    S=.itext   G=(none)   M=downStickam ACBP=A9
 0002:00001A7C 00000014 C=ICODE    S=.itext   G=(none)   M=downStreetFire ACBP=A9
 0002:00001A90 00000014 C=ICODE    S=.itext   G=(none)   M=downStudioPlus ACBP=A9
 0002:00001AA4 00000014 C=ICODE    S=.itext   G=(none)   M=downStupidVideos ACBP=A9
 0002:00001AB8 00000014 C=ICODE    S=.itext   G=(none)   M=downTangle ACBP=A9
 0002:00001ACC 00000014 C=ICODE    S=.itext   G=(none)   M=downTeacherTube ACBP=A9
 0002:00001AE0 00000014 C=ICODE    S=.itext   G=(none)   M=downTed  ACBP=A9
 0002:00001AF4 00000014 C=ICODE    S=.itext   G=(none)   M=downThatVideoSite ACBP=A9
 0002:00001B08 00000014 C=ICODE    S=.itext   G=(none)   M=downTMusic ACBP=A9
 0002:00001B1C 00000014 C=ICODE    S=.itext   G=(none)   M=downTodaysBigThing ACBP=A9
 0002:00001B30 00000014 C=ICODE    S=.itext   G=(none)   M=downTontuyau ACBP=A9
 0002:00001B44 00000014 C=ICODE    S=.itext   G=(none)   M=downTopReceptyCZ ACBP=A9
 0002:00001B58 00000014 C=ICODE    S=.itext   G=(none)   M=downTotallyCrap ACBP=A9
 0002:00001B6C 00000014 C=ICODE    S=.itext   G=(none)   M=downTV2Nord ACBP=A9
 0002:00001B80 00000014 C=ICODE    S=.itext   G=(none)   M=downTV4PlaySE ACBP=A9
 0002:00001B94 00000014 C=ICODE    S=.itext   G=(none)   M=downTVHNOnlineSk ACBP=A9
 0002:00001BA8 00000014 C=ICODE    S=.itext   G=(none)   M=downTVLux ACBP=A9
 0002:00001BBC 00000014 C=ICODE    S=.itext   G=(none)   M=downTVNoe ACBP=A9
 0002:00001BD0 00000014 C=ICODE    S=.itext   G=(none)   M=downTVNovinySk ACBP=A9
 0002:00001BE4 00000014 C=ICODE    S=.itext   G=(none)   M=downTVSpl ACBP=A9
 0002:00001BF8 00000014 C=ICODE    S=.itext   G=(none)   M=downTVVysocina ACBP=A9
 0002:00001C0C 00000014 C=ICODE    S=.itext   G=(none)   M=downTyzdenSk ACBP=A9
 0002:00001C20 00000014 C=ICODE    S=.itext   G=(none)   M=downUlozTo ACBP=A9
 0002:00001C34 00000014 C=ICODE    S=.itext   G=(none)   M=downUniMinnesota ACBP=A9
 0002:00001C48 00000014 C=ICODE    S=.itext   G=(none)   M=downUStream ACBP=A9
 0002:00001C5C 00000014 C=ICODE    S=.itext   G=(none)   M=downVCTV ACBP=A9
 0002:00001C70 00000014 C=ICODE    S=.itext   G=(none)   M=downVeeHD ACBP=A9
 0002:00001C84 00000014 C=ICODE    S=.itext   G=(none)   M=downVideaCesky ACBP=A9
 0002:00001C98 00000014 C=ICODE    S=.itext   G=(none)   M=downVideoAlbumyAzet ACBP=A9
 0002:00001CAC 00000014 C=ICODE    S=.itext   G=(none)   M=downVideoBB ACBP=A9
 0002:00001CC0 00000014 C=ICODE    S=.itext   G=(none)   M=downVideoClipsDump ACBP=A9
 0002:00001CD4 00000014 C=ICODE    S=.itext   G=(none)   M=downVideoNurKz ACBP=A9
 0002:00001CE8 00000014 C=ICODE    S=.itext   G=(none)   M=downVideoPortalSfTV ACBP=A9
 0002:00001CFC 00000014 C=ICODE    S=.itext   G=(none)   M=downVideu ACBP=A9
 0002:00001D10 00000014 C=ICODE    S=.itext   G=(none)   M=downViiSk ACBP=A9
 0002:00001D24 00000014 C=ICODE    S=.itext   G=(none)   M=downViki ACBP=A9
 0002:00001D38 00000014 C=ICODE    S=.itext   G=(none)   M=downVineCo ACBP=A9
 0002:00001D4C 00000014 C=ICODE    S=.itext   G=(none)   M=downVitalMtb ACBP=A9
 0002:00001D60 00000014 C=ICODE    S=.itext   G=(none)   M=downVKontakteRuEmbed ACBP=A9
 0002:00001D74 00000014 C=ICODE    S=.itext   G=(none)   M=downWeGame ACBP=A9
 0002:00001D88 00000014 C=ICODE    S=.itext   G=(none)   M=downWimp ACBP=A9
 0002:00001D9C 00000014 C=ICODE    S=.itext   G=(none)   M=downWordPressTV ACBP=A9
 0002:00001DB0 00000014 C=ICODE    S=.itext   G=(none)   M=downWorldClub ACBP=A9
 0002:00001DC4 00000014 C=ICODE    S=.itext   G=(none)   M=downWrzuta ACBP=A9
 0002:00001DD8 00000014 C=ICODE    S=.itext   G=(none)   M=downYikers ACBP=A9
 0002:00001DEC 00000014 C=ICODE    S=.itext   G=(none)   M=downYouTu_Be ACBP=A9
 0002:00001E00 00000014 C=ICODE    S=.itext   G=(none)   M=downYouTubeNoCookie ACBP=A9
 0002:00001E14 00000014 C=ICODE    S=.itext   G=(none)   M=downZ1TV ACBP=A9
 0002:00001E28 00000014 C=ICODE    S=.itext   G=(none)   M=downZAKTV ACBP=A9
 0002:00001E3C 00000014 C=ICODE    S=.itext   G=(none)   M=downZapiksFr ACBP=A9
 0002:00001E50 00000014 C=ICODE    S=.itext   G=(none)   M=downZDF  ACBP=A9
 0002:00001E64 00000014 C=ICODE    S=.itext   G=(none)   M=downZkoukniTo ACBP=A9
 0002:00001E78 00000014 C=ICODE    S=.itext   G=(none)   M=downZkoukniToEmbed ACBP=A9
 0002:00001E8C 00000014 C=ICODE    S=.itext   G=(none)   M=downZmozek ACBP=A9
 0002:00001EA0 00000014 C=ICODE    S=.itext   G=(none)   M=listArchive ACBP=A9
 0002:00001EB4 00000014 C=ICODE    S=.itext   G=(none)   M=listBing ACBP=A9
 0002:00001EC8 00000014 C=ICODE    S=.itext   G=(none)   M=listBlipTV ACBP=A9
 0002:00001EDC 00000014 C=ICODE    S=.itext   G=(none)   M=listGameAnyone ACBP=A9
 0002:00001EF0 00000014 C=ICODE    S=.itext   G=(none)   M=listYouTube ACBP=A9
 0002:00001F04 00000014 C=ICODE    S=.itext   G=(none)   M=listYouTubePage ACBP=A9
 0002:00001F18 00000022 C=ICODE    S=.itext   G=(none)   M=YTD      ACBP=A9
 0003:00000000 000007C6 C=DATA     S=.data    G=DGROUP   M=System   ACBP=A9
 0003:000007C8 00000020 C=DATA     S=.data    G=DGROUP   M=SysInit  ACBP=A9
 0003:000007E8 00000010 C=DATA     S=.data    G=DGROUP   M=ActiveX  ACBP=A9
 0003:000007F8 00000100 C=DATA     S=.data    G=DGROUP   M=Character ACBP=A9
 0003:000008F8 0000027C C=DATA     S=.data    G=DGROUP   M=SysUtils ACBP=A9
 0003:00000B74 00000008 C=DATA     S=.data    G=DGROUP   M=VarUtils ACBP=A9
 0003:00000B7C 00000092 C=DATA     S=.data    G=DGROUP   M=Variants ACBP=A9
 0003:00000C10 0000000C C=DATA     S=.data    G=DGROUP   M=TypInfo  ACBP=A9
 0003:00000C1C 00000014 C=DATA     S=.data    G=DGROUP   M=Classes  ACBP=A9
 0003:00000C30 00000073 C=DATA     S=.data    G=DGROUP   M=gnugettext ACBP=A9
 0003:00000CA4 00000010 C=DATA     S=.data    G=DGROUP   M=ShlObj   ACBP=A9
 0003:00000CB4 00000010 C=DATA     S=.data    G=DGROUP   M=uCompatibility ACBP=A9
 0003:00000CC4 00000018 C=DATA     S=.data    G=DGROUP   M=uSetup   ACBP=A9
 0003:00000CDC 00000014 C=DATA     S=.data    G=DGROUP   M=uApiFunctions ACBP=A9
 0003:00000CF0 00000008 C=DATA     S=.data    G=DGROUP   M=uApiForm ACBP=A9
 0003:00000CF8 00000014 C=DATA     S=.data    G=DGROUP   M=uMessages ACBP=A9
 0003:00000D0C 000000A4 C=DATA     S=.data    G=DGROUP   M=synsock  ACBP=A9
 0003:00000DB0 0000016C C=DATA     S=.data    G=DGROUP   M=synautil ACBP=A9
 0003:00000F1C 00000020 C=DATA     S=.data    G=DGROUP   M=synacode ACBP=A9
 0003:00000F3C 00000004 C=DATA     S=.data    G=DGROUP   M=blcksock ACBP=A9
 0003:00000F40 000001DC C=DATA     S=.data    G=DGROUP   M=NativeXml ACBP=A9
 0003:0000111C 00000030 C=DATA     S=.data    G=DGROUP   M=ComObj   ACBP=A9
 0003:0000114C 00000007 C=DATA     S=.data    G=DGROUP   M=uFiles   ACBP=A9
 0003:00001154 00000030 C=DATA     S=.data    G=DGROUP   M=uFunctions ACBP=A9
 0003:00001184 00000014 C=DATA     S=.data    G=DGROUP   M=uSystem  ACBP=A9
 0003:00001198 0000001C C=DATA     S=.data    G=DGROUP   M=uOptions ACBP=A9
 0003:000011B4 0000E644 C=DATA     S=.data    G=DGROUP   M=pcre     ACBP=A9
 0003:0000F7F8 0000001C C=DATA     S=.data    G=DGROUP   M=uCommonDownloader ACBP=A9
 0003:0000F814 000001B4 C=DATA     S=.data    G=DGROUP   M=uDownloader ACBP=A9
 0003:0000F9C8 00000058 C=DATA     S=.data    G=DGROUP   M=guiConsts ACBP=A9
 0003:0000FA20 00000010 C=DATA     S=.data    G=DGROUP   M=uConsoleApp ACBP=A9
 0003:0000FA30 00000008 C=DATA     S=.data    G=DGROUP   M=uUpgrade ACBP=A9
 0003:0000FA38 00000038 C=DATA     S=.data    G=DGROUP   M=uHttp    ACBP=A9
 0003:0000FA70 00000199 C=DATA     S=.data    G=DGROUP   M=ssl_openssl_lib ACBP=A9
 0003:0000FC0C 00000004 C=DATA     S=.data    G=DGROUP   M=uRtmpDownloader ACBP=A9
 0003:0000FC10 00000004 C=DATA     S=.data    G=DGROUP   M=uScriptedDownloader ACBP=A9
 0003:0000FC14 00000008 C=DATA     S=.data    G=DGROUP   M=guiFunctions ACBP=A9
 0003:0000FC1C 00000038 C=DATA     S=.data    G=DGROUP   M=guiOptions ACBP=A9
 0003:0000FC54 0000001C C=DATA     S=.data    G=DGROUP   M=guiOptionsWINAPI_Downloads ACBP=A9
 0003:0000FC70 00000008 C=DATA     S=.data    G=DGROUP   M=guiOptionsWINAPI_Main ACBP=A9
 0003:0000FC78 00000008 C=DATA     S=.data    G=DGROUP   M=guiOptionsWINAPI_Network ACBP=A9
 0003:0000FC80 00000008 C=DATA     S=.data    G=DGROUP   M=guiOptionsWINAPI_CommonDownloader ACBP=A9
 0003:0000FC88 00000210 C=DATA     S=.data    G=DGROUP   M=guiMainWINAPI ACBP=A9
 0003:0000FE98 00000018 C=DATA     S=.data    G=DGROUP   M=downCT   ACBP=A9
 0003:0000FEB0 00000004 C=DATA     S=.data    G=DGROUP   M=downEuroSeptik ACBP=A9
 0003:0000FEB4 00000008 C=DATA     S=.data    G=DGROUP   M=downJoj  ACBP=A9
 0003:0000FEBC 00000014 C=DATA     S=.data    G=DGROUP   M=uCrypto  ACBP=A9
 0003:0000FED0 00000020 C=DATA     S=.data    G=DGROUP   M=downVoyo ACBP=A9
 0003:0000FEF0 00000008 C=DATA     S=.data    G=DGROUP   M=guiOptionsWINAPI_Nova ACBP=A9
 0003:0000FEF8 00000024 C=DATA     S=.data    G=DGROUP   M=downYouTube ACBP=A9
 0003:0000FF1C 00000008 C=DATA     S=.data    G=DGROUP   M=guiOptionsWINAPI_YouTube ACBP=A9
 0003:0000FF24 00000004 C=DATA     S=.data    G=DGROUP   M=downBarrandovTV ACBP=A9
 0003:0000FF28 0000000C C=DATA     S=.data    G=DGROUP   M=downCasSk ACBP=A9
 0003:0000FF34 00000004 C=DATA     S=.data    G=DGROUP   M=downEuroGamer ACBP=A9
 0003:0000FF38 00000004 C=DATA     S=.data    G=DGROUP   M=downMatrix2001 ACBP=A9
 0003:0000FF3C 00000010 C=DATA     S=.data    G=DGROUP   M=downMetooSk ACBP=A9
 0003:0000FF4C 00000004 C=DATA     S=.data    G=DGROUP   M=downMetroProjekt ACBP=A9
 0003:0000FF50 00000004 C=DATA     S=.data    G=DGROUP   M=downMojeVideoSk ACBP=A9
 0003:0000FF54 0000000C C=DATA     S=.data    G=DGROUP   M=downMustWatch ACBP=A9
 0003:0000FF60 0000000C C=DATA     S=.data    G=DGROUP   M=downOsobnostiCZ ACBP=A9
 0003:0000FF6C 00000008 C=DATA     S=.data    G=DGROUP   M=downPolarCz ACBP=A9
 0003:0000FF74 00000008 C=DATA     S=.data    G=DGROUP   M=downSerialyCZ ACBP=A9
 0003:0000FF7C 00000004 C=DATA     S=.data    G=DGROUP   M=downTVVysocina ACBP=A9
 0003:0000FF80 00000008 C=DATA     S=.data    G=DGROUP   M=downTyzdenSk ACBP=A9
 0003:0000FF88 00000024 C=DATA     S=.data    G=DGROUP   M=downVideaCesky ACBP=A9
 0003:0000FFAC 00000010 C=DATA     S=.data    G=DGROUP   M=downVKontakteRuEmbed ACBP=A9
 0004:00000000 00002B4C C=BSS      S=.bss     G=DGROUP   M=System   ACBP=A9
 0004:00002B4C 0000000C C=BSS      S=.bss     G=DGROUP   M=SysInit  ACBP=A9
 0004:00002B58 00000008 C=BSS      S=.bss     G=DGROUP   M=Windows  ACBP=A9
 0004:00002B60 0000001C C=BSS      S=.bss     G=DGROUP   M=Character ACBP=A9
 0004:00002B7C 00002234 C=BSS      S=.bss     G=DGROUP   M=SysUtils ACBP=A9
 0004:00004DB0 0000005C C=BSS      S=.bss     G=DGROUP   M=VarUtils ACBP=A9
 0004:00004E0C 00000040 C=BSS      S=.bss     G=DGROUP   M=Variants ACBP=A9
 0004:00004E4C 00000004 C=BSS      S=.bss     G=DGROUP   M=TypInfo  ACBP=A9
 0004:00004E50 0000003C C=BSS      S=.bss     G=DGROUP   M=Classes  ACBP=A9
 0004:00004E8C 00000030 C=BSS      S=.bss     G=DGROUP   M=gnugettext ACBP=A9
 0004:00004EBC 00000004 C=BSS      S=.bss     G=DGROUP   M=uLanguages ACBP=A9
 0004:00004EC0 00000004 C=BSS      S=.bss     G=DGROUP   M=uSetup   ACBP=A9
 0004:00004EC4 00000004 C=BSS      S=.bss     G=DGROUP   M=uApiForm ACBP=A9
 0004:00004EC8 00000004 C=BSS      S=.bss     G=DGROUP   M=uMessages ACBP=A9
 0004:00004ECC 00000014 C=BSS      S=.bss     G=DGROUP   M=SyncObjs ACBP=A9
 0004:00004EE0 0000002C C=BSS      S=.bss     G=DGROUP   M=synsock  ACBP=A9
 0004:00004F0C 00000038 C=BSS      S=.bss     G=DGROUP   M=synautil ACBP=A9
 0004:00004F44 00000194 C=BSS      S=.bss     G=DGROUP   M=blcksock ACBP=A9
 0004:000050D8 00000004 C=BSS      S=.bss     G=DGROUP   M=NativeXml ACBP=A9
 0004:000050DC 00000011 C=BSS      S=.bss     G=DGROUP   M=ComObj   ACBP=A9
 0004:000050F0 00000004 C=BSS      S=.bss     G=DGROUP   M=uFunctions ACBP=A9
 0004:000050F4 00000004 C=BSS      S=.bss     G=DGROUP   M=uSystem  ACBP=A9
 0004:000050F8 00000004 C=BSS      S=.bss     G=DGROUP   M=uOptions ACBP=A9
 0004:000050FC 00000008 C=BSS      S=.bss     G=DGROUP   M=pcre     ACBP=A9
 0004:00005104 00000004 C=BSS      S=.bss     G=DGROUP   M=uCommonDownloader ACBP=A9
 0004:00005108 00000004 C=BSS      S=.bss     G=DGROUP   M=uDownloader ACBP=A9
 0004:0000510C 00000004 C=BSS      S=.bss     G=DGROUP   M=guiConsts ACBP=A9
 0004:00005110 00000004 C=BSS      S=.bss     G=DGROUP   M=guiSetupWINAPI ACBP=A9
 0004:00005114 00000004 C=BSS      S=.bss     G=DGROUP   M=uConsoleApp ACBP=A9
 0004:00005118 00000004 C=BSS      S=.bss     G=DGROUP   M=uUpgrade ACBP=A9
 0004:0000511C 00000010 C=BSS      S=.bss     G=DGROUP   M=uDownloadClassifier ACBP=A9
 0004:0000512C 00000004 C=BSS      S=.bss     G=DGROUP   M=uHttp    ACBP=A9
 0004:00005130 0000000C C=BSS      S=.bss     G=DGROUP   M=ssl_openssl_lib ACBP=A9
 0004:0000513C 00000004 C=BSS      S=.bss     G=DGROUP   M=ssl_openssl ACBP=A9
 0004:00005140 0000000C C=BSS      S=.bss     G=DGROUP   M=rtmpdump_dll ACBP=A9
 0004:0000514C 00000004 C=BSS      S=.bss     G=DGROUP   M=uRtmpDownloader ACBP=A9
 0004:00005150 00000004 C=BSS      S=.bss     G=DGROUP   M=uRtmpDirectDownloader ACBP=A9
 0004:00005154 0000000C C=BSS      S=.bss     G=DGROUP   M=msdl_dll ACBP=A9
 0004:00005160 00000004 C=BSS      S=.bss     G=DGROUP   M=uMSDirectDownloader ACBP=A9
 0004:00005164 00000004 C=BSS      S=.bss     G=DGROUP   M=uScriptedDownloader ACBP=A9
 0004:00005168 00000004 C=BSS      S=.bss     G=DGROUP   M=guiFunctions ACBP=A9
 0004:0000516C 00000004 C=BSS      S=.bss     G=DGROUP   M=guiOptions ACBP=A9
 0004:00005170 00000004 C=BSS      S=.bss     G=DGROUP   M=guiAboutWINAPI ACBP=A9
 0004:00005174 00000004 C=BSS      S=.bss     G=DGROUP   M=guiConverterWINAPI ACBP=A9
 0004:00005178 00000004 C=BSS      S=.bss     G=DGROUP   M=guiOptionsWINAPI_Downloads ACBP=A9
 0004:0000517C 00000004 C=BSS      S=.bss     G=DGROUP   M=guiOptionsWINAPI_Main ACBP=A9
 0004:00005180 00000004 C=BSS      S=.bss     G=DGROUP   M=guiOptionsWINAPI_Network ACBP=A9
 0004:00005184 00000004 C=BSS      S=.bss     G=DGROUP   M=guiOptionsWINAPI_Downloaders ACBP=A9
 0004:00005188 00000004 C=BSS      S=.bss     G=DGROUP   M=guiOptionsWINAPI ACBP=A9
 0004:0000518C 00000034 C=BSS      S=.bss     G=DGROUP   M=guiMainWINAPI ACBP=A9
 0004:000051C0 00000013 C=BSS      S=.bss     G=DGROUP   M=uMain    ACBP=A9
 0004:000051D4 00000004 C=BSS      S=.bss     G=DGROUP   M=downCT   ACBP=A9
 0004:000051D8 00000004 C=BSS      S=.bss     G=DGROUP   M=downEuroSeptik ACBP=A9
 0004:000051DC 00000004 C=BSS      S=.bss     G=DGROUP   M=downJoj  ACBP=A9
 0004:000051E0 0000001C C=BSS      S=.bss     G=DGROUP   M=uCrypto  ACBP=A9
 0004:000051FC 00000004 C=BSS      S=.bss     G=DGROUP   M=downVoyo ACBP=A9
 0004:00005200 00000004 C=BSS      S=.bss     G=DGROUP   M=downYouTube ACBP=A9
 0004:00005204 00000004 C=BSS      S=.bss     G=DGROUP   M=downPrahovaHD ACBP=A9
 0004:00005208 00000004 C=BSS      S=.bss     G=DGROUP   M=down1hdRo ACBP=A9
 0004:0000520C 00000004 C=BSS      S=.bss     G=DGROUP   M=down3NewsCoNz ACBP=A9
 0004:00005210 00000004 C=BSS      S=.bss     G=DGROUP   M=down4TV  ACBP=A9
 0004:00005214 00000004 C=BSS      S=.bss     G=DGROUP   M=down5min ACBP=A9
 0004:00005218 00000004 C=BSS      S=.bss     G=DGROUP   M=downAcademicEarth ACBP=A9
 0004:0000521C 00000004 C=BSS      S=.bss     G=DGROUP   M=downAgresori ACBP=A9
 0004:00005220 00000004 C=BSS      S=.bss     G=DGROUP   M=downAlternativaTV ACBP=A9
 0004:00005224 00000004 C=BSS      S=.bss     G=DGROUP   M=downAncensored ACBP=A9
 0004:00005228 00000004 C=BSS      S=.bss     G=DGROUP   M=downAngryAlien ACBP=A9
 0004:0000522C 00000004 C=BSS      S=.bss     G=DGROUP   M=downAnimacekTv ACBP=A9
 0004:00005230 00000004 C=BSS      S=.bss     G=DGROUP   M=downArchive ACBP=A9
 0004:00005234 00000004 C=BSS      S=.bss     G=DGROUP   M=downAutoTube ACBP=A9
 0004:00005238 00000004 C=BSS      S=.bss     G=DGROUP   M=downAzetSk ACBP=A9
 0004:0000523C 00000004 C=BSS      S=.bss     G=DGROUP   M=downBahnorama ACBP=A9
 0004:00005240 00000004 C=BSS      S=.bss     G=DGROUP   M=downBandZone ACBP=A9
 0004:00005244 00000004 C=BSS      S=.bss     G=DGROUP   M=downBarrandovTV ACBP=A9
 0004:00005248 00000004 C=BSS      S=.bss     G=DGROUP   M=downBBCNews ACBP=A9
 0004:0000524C 00000004 C=BSS      S=.bss     G=DGROUP   M=downBlennus ACBP=A9
 0004:00005250 00000004 C=BSS      S=.bss     G=DGROUP   M=downBlipTv_Embed ACBP=A9
 0004:00005254 00000004 C=BSS      S=.bss     G=DGROUP   M=downBlipTv ACBP=A9
 0004:00005258 00000004 C=BSS      S=.bss     G=DGROUP   M=downBMovies ACBP=A9
 0004:0000525C 00000004 C=BSS      S=.bss     G=DGROUP   M=downBofunk ACBP=A9
 0004:00005260 00000004 C=BSS      S=.bss     G=DGROUP   M=downBolt ACBP=A9
 0004:00005264 00000004 C=BSS      S=.bss     G=DGROUP   M=downBomba ACBP=A9
 0004:00005268 00000004 C=BSS      S=.bss     G=DGROUP   M=downBreak ACBP=A9
 0004:0000526C 00000004 C=BSS      S=.bss     G=DGROUP   M=downBreakEmbed ACBP=A9
 0004:00005270 00000004 C=BSS      S=.bss     G=DGROUP   M=downBreakEmbedV2 ACBP=A9
 0004:00005274 00000004 C=BSS      S=.bss     G=DGROUP   M=downBritishPathe ACBP=A9
 0004:00005278 00000004 C=BSS      S=.bss     G=DGROUP   M=downBTVCz ACBP=A9
 0004:0000527C 00000004 C=BSS      S=.bss     G=DGROUP   M=downCasSk ACBP=A9
 0004:00005280 00000004 C=BSS      S=.bss     G=DGROUP   M=downCekniTo ACBP=A9
 0004:00005284 00000004 C=BSS      S=.bss     G=DGROUP   M=downCeskeDrahy ACBP=A9
 0004:00005288 00000004 C=BSS      S=.bss     G=DGROUP   M=downCesnet ACBP=A9
 0004:0000528C 00000004 C=BSS      S=.bss     G=DGROUP   M=downCKKlic ACBP=A9
 0004:00005290 00000004 C=BSS      S=.bss     G=DGROUP   M=downClevver ACBP=A9
 0004:00005294 00000004 C=BSS      S=.bss     G=DGROUP   M=downClipfish ACBP=A9
 0004:00005298 00000004 C=BSS      S=.bss     G=DGROUP   M=downClipFishV2 ACBP=A9
 0004:0000529C 00000004 C=BSS      S=.bss     G=DGROUP   M=downCNBC ACBP=A9
 0004:000052A0 00000004 C=BSS      S=.bss     G=DGROUP   M=downCollegeHumor ACBP=A9
 0004:000052A4 00000004 C=BSS      S=.bss     G=DGROUP   M=downCriticalPast ACBP=A9
 0004:000052A8 00000004 C=BSS      S=.bss     G=DGROUP   M=downCurrent ACBP=A9
 0004:000052AC 00000004 C=BSS      S=.bss     G=DGROUP   M=downDailyHaha ACBP=A9
 0004:000052B0 00000004 C=BSS      S=.bss     G=DGROUP   M=downDailyMotion ACBP=A9
 0004:000052B4 00000004 C=BSS      S=.bss     G=DGROUP   M=downDeutscheBahn ACBP=A9
 0004:000052B8 00000004 C=BSS      S=.bss     G=DGROUP   M=downDenik ACBP=A9
 0004:000052BC 00000004 C=BSS      S=.bss     G=DGROUP   M=downDevilDucky ACBP=A9
 0004:000052C0 00000004 C=BSS      S=.bss     G=DGROUP   M=downDokumentarniTV ACBP=A9
 0004:000052C4 00000004 C=BSS      S=.bss     G=DGROUP   M=downDotSub ACBP=A9
 0004:000052C8 00000004 C=BSS      S=.bss     G=DGROUP   M=downDoubleAgent ACBP=A9
 0004:000052CC 00000004 C=BSS      S=.bss     G=DGROUP   M=downDrsnySvet ACBP=A9
 0004:000052D0 00000004 C=BSS      S=.bss     G=DGROUP   M=downDUB  ACBP=A9
 0004:000052D4 00000004 C=BSS      S=.bss     G=DGROUP   M=downEbaumsWorld ACBP=A9
 0004:000052D8 00000004 C=BSS      S=.bss     G=DGROUP   M=downEHow ACBP=A9
 0004:000052DC 00000004 C=BSS      S=.bss     G=DGROUP   M=downEKucharkaNet ACBP=A9
 0004:000052E0 00000004 C=BSS      S=.bss     G=DGROUP   M=downESPN ACBP=A9
 0004:000052E4 00000004 C=BSS      S=.bss     G=DGROUP   M=downEuroGamer ACBP=A9
 0004:000052E8 00000004 C=BSS      S=.bss     G=DGROUP   M=downEVTV1 ACBP=A9
 0004:000052EC 00000004 C=BSS      S=.bss     G=DGROUP   M=downEyeneer ACBP=A9
 0004:000052F0 00000004 C=BSS      S=.bss     G=DGROUP   M=downFileCabi ACBP=A9
 0004:000052F4 00000004 C=BSS      S=.bss     G=DGROUP   M=downFishki ACBP=A9
 0004:000052F8 00000004 C=BSS      S=.bss     G=DGROUP   M=downFlickr ACBP=A9
 0004:000052FC 00000004 C=BSS      S=.bss     G=DGROUP   M=downFreeCaster ACBP=A9
 0004:00005300 00000004 C=BSS      S=.bss     G=DGROUP   M=downFreeSk ACBP=A9
 0004:00005304 00000004 C=BSS      S=.bss     G=DGROUP   M=downFreeRide ACBP=A9
 0004:00005308 00000004 C=BSS      S=.bss     G=DGROUP   M=downFreeVideoRu ACBP=A9
 0004:0000530C 00000004 C=BSS      S=.bss     G=DGROUP   M=downFunnyOrDie ACBP=A9
 0004:00005310 00000004 C=BSS      S=.bss     G=DGROUP   M=downG4TV ACBP=A9
 0004:00005314 00000004 C=BSS      S=.bss     G=DGROUP   M=downGameAnyone ACBP=A9
 0004:00005318 00000004 C=BSS      S=.bss     G=DGROUP   M=downGamePark ACBP=A9
 0004:0000531C 00000004 C=BSS      S=.bss     G=DGROUP   M=downGameZone ACBP=A9
 0004:00005320 00000004 C=BSS      S=.bss     G=DGROUP   M=downGamesTiscaliCz ACBP=A9
 0004:00005324 00000004 C=BSS      S=.bss     G=DGROUP   M=downGodTube ACBP=A9
 0004:00005328 00000004 C=BSS      S=.bss     G=DGROUP   M=downGoogleVideo_Embed ACBP=A9
 0004:0000532C 00000004 C=BSS      S=.bss     G=DGROUP   M=downGoogleVideo ACBP=A9
 0004:00005330 00000004 C=BSS      S=.bss     G=DGROUP   M=downGordonUraCz ACBP=A9
 0004:00005334 00000004 C=BSS      S=.bss     G=DGROUP   M=downGuba ACBP=A9
 0004:00005338 00000004 C=BSS      S=.bss     G=DGROUP   M=downGrindTV ACBP=A9
 0004:0000533C 00000004 C=BSS      S=.bss     G=DGROUP   M=downHasici150 ACBP=A9
 0004:00005340 00000004 C=BSS      S=.bss     G=DGROUP   M=downHejbejSe ACBP=A9
 0004:00005344 00000004 C=BSS      S=.bss     G=DGROUP   M=downHellTV ACBP=A9
 0004:00005348 00000004 C=BSS      S=.bss     G=DGROUP   M=downHokejCbCz ACBP=A9
 0004:0000534C 00000004 C=BSS      S=.bss     G=DGROUP   M=downHokejCz ACBP=A9
 0004:00005350 00000004 C=BSS      S=.bss     G=DGROUP   M=downHrej ACBP=A9
 0004:00005354 00000004 C=BSS      S=.bss     G=DGROUP   M=downiConcerts ACBP=A9
 0004:00005358 00000004 C=BSS      S=.bss     G=DGROUP   M=downIDnes_Embed ACBP=A9
 0004:0000535C 00000004 C=BSS      S=.bss     G=DGROUP   M=downIDnes ACBP=A9
 0004:00005360 00000004 C=BSS      S=.bss     G=DGROUP   M=downIHned ACBP=A9
 0004:00005364 00000004 C=BSS      S=.bss     G=DGROUP   M=downILikeBike ACBP=A9
 0004:00005368 00000004 C=BSS      S=.bss     G=DGROUP   M=downStream ACBP=A9
 0004:0000536C 00000004 C=BSS      S=.bss     G=DGROUP   M=downIPrima ACBP=A9
 0004:00005370 00000004 C=BSS      S=.bss     G=DGROUP   M=downiPrima_ShowJanaKrause ACBP=A9
 0004:00005374 00000004 C=BSS      S=.bss     G=DGROUP   M=downiViewTube ACBP=A9
 0004:00005378 00000004 C=BSS      S=.bss     G=DGROUP   M=downJenProZeny ACBP=A9
 0004:0000537C 00000004 C=BSS      S=.bss     G=DGROUP   M=downKanalTurk ACBP=A9
 0004:00005380 00000004 C=BSS      S=.bss     G=DGROUP   M=downKinobox ACBP=A9
 0004:00005384 00000004 C=BSS      S=.bss     G=DGROUP   M=downKiwi ACBP=A9
 0004:00005388 00000004 C=BSS      S=.bss     G=DGROUP   M=downKontraband ACBP=A9
 0004:0000538C 00000004 C=BSS      S=.bss     G=DGROUP   M=downKoukni ACBP=A9
 0004:00005390 00000004 C=BSS      S=.bss     G=DGROUP   M=downKukaj ACBP=A9
 0004:00005394 00000004 C=BSS      S=.bss     G=DGROUP   M=downLaola1 ACBP=A9
 0004:00005398 00000004 C=BSS      S=.bss     G=DGROUP   M=downLenkaFilipova ACBP=A9
 0004:0000539C 00000004 C=BSS      S=.bss     G=DGROUP   M=downLevelTV ACBP=A9
 0004:000053A0 00000004 C=BSS      S=.bss     G=DGROUP   M=downLibimSeTi ACBP=A9
 0004:000053A4 00000004 C=BSS      S=.bss     G=DGROUP   M=downLiveLeak ACBP=A9
 0004:000053A8 00000004 C=BSS      S=.bss     G=DGROUP   M=downLiveLeakEmbedded ACBP=A9
 0004:000053AC 00000004 C=BSS      S=.bss     G=DGROUP   M=downLoupak ACBP=A9
 0004:000053B0 00000004 C=BSS      S=.bss     G=DGROUP   M=downMarkiza ACBP=A9
 0004:000053B4 00000004 C=BSS      S=.bss     G=DGROUP   M=downMarkizaParticka ACBP=A9
 0004:000053B8 00000004 C=BSS      S=.bss     G=DGROUP   M=downMatrix2001 ACBP=A9
 0004:000053BC 00000004 C=BSS      S=.bss     G=DGROUP   M=downMediaSport ACBP=A9
 0004:000053C0 00000004 C=BSS      S=.bss     G=DGROUP   M=downMegaVideo ACBP=A9
 0004:000053C4 00000004 C=BSS      S=.bss     G=DGROUP   M=downMegaVideo_Embed ACBP=A9
 0004:000053C8 00000004 C=BSS      S=.bss     G=DGROUP   M=downMetaCafe ACBP=A9
 0004:000053CC 00000004 C=BSS      S=.bss     G=DGROUP   M=downMetooCz ACBP=A9
 0004:000053D0 00000004 C=BSS      S=.bss     G=DGROUP   M=downMetooSk ACBP=A9
 0004:000053D4 00000004 C=BSS      S=.bss     G=DGROUP   M=downMetropolCZ ACBP=A9
 0004:000053D8 00000004 C=BSS      S=.bss     G=DGROUP   M=downMetropolCZ_Zpravy ACBP=A9
 0004:000053DC 00000004 C=BSS      S=.bss     G=DGROUP   M=downMetropolTV ACBP=A9
 0004:000053E0 00000004 C=BSS      S=.bss     G=DGROUP   M=downMetroProjekt ACBP=A9
 0004:000053E4 00000004 C=BSS      S=.bss     G=DGROUP   M=downMojeTelevize ACBP=A9
 0004:000053E8 00000004 C=BSS      S=.bss     G=DGROUP   M=downMojeVideo ACBP=A9
 0004:000053EC 00000004 C=BSS      S=.bss     G=DGROUP   M=downMojeVideoSk ACBP=A9
 0004:000053F0 00000004 C=BSS      S=.bss     G=DGROUP   M=downMovtex ACBP=A9
 0004:000053F4 00000004 C=BSS      S=.bss     G=DGROUP   M=downMpora ACBP=A9
 0004:000053F8 00000004 C=BSS      S=.bss     G=DGROUP   M=downMTVEmbed ACBP=A9
 0004:000053FC 00000004 C=BSS      S=.bss     G=DGROUP   M=downMTV  ACBP=A9
 0004:00005400 00000004 C=BSS      S=.bss     G=DGROUP   M=downMULitvinov ACBP=A9
 0004:00005404 00000004 C=BSS      S=.bss     G=DGROUP   M=downMultimediaVseCz ACBP=A9
 0004:00005408 00000004 C=BSS      S=.bss     G=DGROUP   M=downMustWatch ACBP=A9
 0004:0000540C 00000004 C=BSS      S=.bss     G=DGROUP   M=downMuvi ACBP=A9
 0004:00005410 00000004 C=BSS      S=.bss     G=DGROUP   M=downMuzu ACBP=A9
 0004:00005414 00000004 C=BSS      S=.bss     G=DGROUP   M=downMySpace ACBP=A9
 0004:00005418 00000004 C=BSS      S=.bss     G=DGROUP   M=downMyubo ACBP=A9
 0004:0000541C 00000004 C=BSS      S=.bss     G=DGROUP   M=downMyvi_Embed ACBP=A9
 0004:00005420 00000004 C=BSS      S=.bss     G=DGROUP   M=downMyvi ACBP=A9
 0004:00005424 00000004 C=BSS      S=.bss     G=DGROUP   M=downNaHnoji ACBP=A9
 0004:00005428 00000004 C=BSS      S=.bss     G=DGROUP   M=downNaStojaka ACBP=A9
 0004:0000542C 00000004 C=BSS      S=.bss     G=DGROUP   M=downNBC  ACBP=A9
 0004:00005430 00000004 C=BSS      S=.bss     G=DGROUP   M=downNebickoVPapulke ACBP=A9
 0004:00005434 00000004 C=BSS      S=.bss     G=DGROUP   M=downNHL  ACBP=A9
 0004:00005438 00000004 C=BSS      S=.bss     G=DGROUP   M=downNJoy ACBP=A9
 0004:0000543C 00000004 C=BSS      S=.bss     G=DGROUP   M=downNothingToxic ACBP=A9
 0004:00005440 00000004 C=BSS      S=.bss     G=DGROUP   M=downNova ACBP=A9
 0004:00005444 00000004 C=BSS      S=.bss     G=DGROUP   M=downNovaTN ACBP=A9
 0004:00005448 00000004 C=BSS      S=.bss     G=DGROUP   M=downNovaMov_Embed ACBP=A9
 0004:0000544C 00000004 C=BSS      S=.bss     G=DGROUP   M=downNovaMov ACBP=A9
 0004:00005450 00000004 C=BSS      S=.bss     G=DGROUP   M=downNovinky ACBP=A9
 0004:00005454 00000004 C=BSS      S=.bss     G=DGROUP   M=downNRSR ACBP=A9
 0004:00005458 00000004 C=BSS      S=.bss     G=DGROUP   M=downOckoTV ACBP=A9
 0004:0000545C 00000004 C=BSS      S=.bss     G=DGROUP   M=downOKTeam ACBP=A9
 0004:00005460 00000004 C=BSS      S=.bss     G=DGROUP   M=downOldStream ACBP=A9
 0004:00005464 00000004 C=BSS      S=.bss     G=DGROUP   M=downOsobnostiCZ ACBP=A9
 0004:00005468 00000004 C=BSS      S=.bss     G=DGROUP   M=downOverStream ACBP=A9
 0004:0000546C 00000004 C=BSS      S=.bss     G=DGROUP   M=downOwn3D_Embed ACBP=A9
 0004:00005470 00000004 C=BSS      S=.bss     G=DGROUP   M=downPBS  ACBP=A9
 0004:00005474 00000004 C=BSS      S=.bss     G=DGROUP   M=downPCPlanets ACBP=A9
 0004:00005478 00000004 C=BSS      S=.bss     G=DGROUP   M=downPicSpoon ACBP=A9
 0004:0000547C 00000004 C=BSS      S=.bss     G=DGROUP   M=downPlayFm ACBP=A9
 0004:00005480 00000004 C=BSS      S=.bss     G=DGROUP   M=downPlaywire ACBP=A9
 0004:00005484 00000004 C=BSS      S=.bss     G=DGROUP   M=downPlayZone ACBP=A9
 0004:00005488 00000004 C=BSS      S=.bss     G=DGROUP   M=downPolarCz ACBP=A9
 0004:0000548C 00000004 C=BSS      S=.bss     G=DGROUP   M=downPracticalMethod ACBP=A9
 0004:00005490 00000004 C=BSS      S=.bss     G=DGROUP   M=downPrazdninyVTelci ACBP=A9
 0004:00005494 00000004 C=BSS      S=.bss     G=DGROUP   M=downPrimaCool ACBP=A9
 0004:00005498 00000004 C=BSS      S=.bss     G=DGROUP   M=downProglas ACBP=A9
 0004:0000549C 00000004 C=BSS      S=.bss     G=DGROUP   M=downProstoPleer ACBP=A9
 0004:000054A0 00000004 C=BSS      S=.bss     G=DGROUP   M=downPublicTV ACBP=A9
 0004:000054A4 00000004 C=BSS      S=.bss     G=DGROUP   M=downQipRu_Embed ACBP=A9
 0004:000054A8 00000004 C=BSS      S=.bss     G=DGROUP   M=downRajce ACBP=A9
 0004:000054AC 00000004 C=BSS      S=.bss     G=DGROUP   M=downReflex ACBP=A9
 0004:000054B0 00000004 C=BSS      S=.bss     G=DGROUP   M=downRevver ACBP=A9
 0004:000054B4 00000004 C=BSS      S=.bss     G=DGROUP   M=downRingTV ACBP=A9
 0004:000054B8 00000004 C=BSS      S=.bss     G=DGROUP   M=downRockstarGames ACBP=A9
[...]
 0004:000008DC       System.ReportMemoryLeaksOnShutdown
 0004:000008DD       System.NeverSleepOnMMThreadContention
 0004:000008E0       System..6
 0004:000008E4       System.AllocSize2SmallBlockTypeIndX4
 0004:00000A2A       System.MinimumBlockAlignment
 0004:00000A2C       System.MediumBlockPoolsCircularList
 0004:00000A3C       System.MediumBlocksLocked
 0004:00000A40       System.LastSequentiallyFedMediumBlock
 0004:00000A44       System.MediumSequentialFeedBytesLeft
 0004:00000A48       System.MediumBlockBinGroupBitmap
 0004:00000A4C       System.MediumBlockBinBitmaps
 0004:00000ACC       System.MediumBlockBins
 0004:00002ACC       System.LargeBlocksLocked
 0004:00002AD0       System.LargeBlocksCircularList
 0004:00002AE0       System.ExpectedMemoryLeaks
 0004:00002AE4       System.ExpectedMemoryLeaksListLocked
 0004:00002AE8       System.MappingObjectHandle
 0004:00002AEC       System.InitContext
 0004:00002B1C       System.DLLThreadContext
 0004:00002B4C       SysInit.ModuleIsLib
 0004:00002B4D       SysInit.ModuleIsCpp
 0004:00002B50       SysInit.HInstance
 0004:00002B54       SysInit.tlsBuffer
 0004:00002B58       Windows..2
 0004:00002B5C       Windows.HtmlHelpModule
 0004:00002B60       Character.DataTable
 0004:00002B64       Character.CatIndexPrimary
 0004:00002B68       Character.CatIndexSecondary
 0004:00002B6C       Character.CategoryTable
 0004:00002B70       Character.NumIndexPrimary
 0004:00002B74       Character.NumIndexSecondary
 0004:00002B78       Character.NumericValueTable
 0004:00002B7C       SysUtils.Exception.GetExceptionStackInfoProc
 0004:00002B80       SysUtils.Exception.CleanUpStackInfoProc
 0004:00002B84       SysUtils.CurrencyString
 0004:00002B88       SysUtils.CurrencyFormat
 0004:00002B89       SysUtils.NegCurrFormat
 0004:00002B8A       SysUtils.ThousandSeparator
 0004:00002B8C       SysUtils.DecimalSeparator
 0004:00002B8E       SysUtils.CurrencyDecimals
 0004:00002B90       SysUtils.DateSeparator
 0004:00002B94       SysUtils.ShortDateFormat
 0004:00002B98       SysUtils.LongDateFormat
 0004:00002B9C       SysUtils.TimeSeparator
 0004:00002BA0       SysUtils.TimeAMString
 0004:00002BA4       SysUtils.TimePMString
 0004:00002BA8       SysUtils.ShortTimeFormat
 0004:00002BAC       SysUtils.LongTimeFormat
 0004:00002BB0       SysUtils.ShortMonthNames
 0004:00002BE0       SysUtils.LongMonthNames
 0004:00002C10       SysUtils.ShortDayNames
 0004:00002C2C       SysUtils.LongDayNames
 0004:00002C48       SysUtils.SysLocale
 0004:00002C56       SysUtils.ListSeparator
 0004:00002C58       SysUtils.EraNames
 0004:00002C74       SysUtils.EraYearOffsets
 0004:00002C90       SysUtils.TrueBoolStrs
 0004:00002C94       SysUtils.FalseBoolStrs
 0004:00002C98       SysUtils.TEncoding.FASCIIEncoding
 0004:00002C9C       SysUtils.TEncoding.FBigEndianUnicodeEncoding
 0004:00002CA0       SysUtils.TEncoding.FDefaultEncoding
 0004:00002CA4       SysUtils.TEncoding.FUnicodeEncoding
 0004:00002CA8       SysUtils.TEncoding.FUTF7Encoding
 0004:00002CAC       SysUtils.TEncoding.FUTF8Encoding
 0004:00002CB0       SysUtils..36
 0004:00002CB4       SysUtils.OutOfMemory
 0004:00002CB8       SysUtils.InvalidPointer
 0004:00002CBC       SysUtils.SyncEventCache
 0004:00002DBC       SysUtils.EventCache
 0004:00002DC0       SysUtils.EventItemHolders
 0004:00002DC4       SysUtils.ValidatedUnitHashBuckets
 0004:00003DB8       SysUtils.UnitHashBuckets
 0004:00004DAC       SysUtils.FLanguages
 0004:00004DB0       VarUtils.VariantChangeTypeEx
 0004:00004DB4       VarUtils.VarNeg
 0004:00004DB8       VarUtils.VarNot
 0004:00004DBC       VarUtils.VarAdd
 0004:00004DC0       VarUtils.VarSub
 0004:00004DC4       VarUtils.VarMul
 0004:00004DC8       VarUtils.VarDiv
 0004:00004DCC       VarUtils.VarIDiv
 0004:00004DD0       VarUtils.VarMod
 0004:00004DD4       VarUtils.VarAnd
 0004:00004DD8       VarUtils.VarOr
 0004:00004DDC       VarUtils.VarXor
 0004:00004DE0       VarUtils.VarCmp
 0004:00004DE4       VarUtils.VarI4FromStr
 0004:00004DE8       VarUtils.VarR4FromStr
 0004:00004DEC       VarUtils.VarR8FromStr
 0004:00004DF0       VarUtils.VarDateFromStr
 0004:00004DF4       VarUtils.VarCyFromStr
 0004:00004DF8       VarUtils.VarBoolFromStr
 0004:00004DFC       VarUtils.VarBstrFromCy
 0004:00004E00       VarUtils.VarBstrFromDate
 0004:00004E04       VarUtils.VarBstrFromBool
 0004:00004E08       VarUtils..5
 0004:00004E0C       Variants.EmptyParam
 0004:00004E1C       Variants.VarDispProc
 0004:00004E20       Variants.ClearAnyProc
 0004:00004E24       Variants.ChangeAnyProc
 0004:00004E28       Variants.RefAnyProc
 0004:00004E2C       Variants..81
 0004:00004E30       Variants.LVarTypes
 0004:00004E34       Variants.LVarTypeSync
 0004:00004E4C       TypInfo..5
 0004:00004E50       Classes.GlobalNameSpace
 0004:00004E54       Classes.SyncEvent
 0004:00004E58       Classes..66
 0004:00004E5C       Classes.IntConstList
 0004:00004E60       Classes.RegGroups
 0004:00004E64       Classes.FindGlobalComponentProcs
 0004:00004E68       Classes.GlobalFixupList
 0004:00004E6C       Classes.ThreadLock
 0004:00004E84       Classes.ThreadCount
 0004:00004E88       Classes.ExternalThreads
 0004:00004E8C       gnugettext.ExecutableFilename
 0004:00004E90       gnugettext.DefaultInstance
 0004:00004E94       gnugettext..01
 0004:00004E98       gnugettext.FileLocator
 0004:00004E9C       gnugettext.ResourceStringDomainListCS
 0004:00004EA0       gnugettext.ResourceStringDomainList
 0004:00004EA4       gnugettext.ComponentDomainListCS
 0004:00004EA8       gnugettext.ComponentDomainList
 0004:00004EAC       gnugettext.HookLoadResString
 0004:00004EB0       gnugettext.HookLoadStr
 0004:00004EB4       gnugettext.HookFmtLoadStr
 0004:00004EB8       gnugettext.param0
 0004:00004EBC       uLanguages..1
 0004:00004EC0       uSetup..1
 0004:00004EC4       uApiForm..2
 0004:00004EC8       uMessages..1
 0004:00004ECC       SyncObjs..01
 0004:00004ED0       SyncObjs.InitializeConditionVariableProc
 0004:00004ED4       SyncObjs.SleepConditionVariableCSProc
 0004:00004ED8       SyncObjs.WakeConditionVariableProc
 0004:00004EDC       SyncObjs.WakeAllConditionVariableProc
 0004:00004EE0       synsock.in6addr_any
 0004:00004EF0       synsock.in6addr_loopback
 0004:00004F00       synsock.SynSockCS
 0004:00004F04       synsock.SockEnhancedApi
 0004:00004F05       synsock.SockWship6Api
 0004:00004F08       synsock..1
 0004:00004F0C       synautil.CustomMonthNames
 0004:00004F3C       synautil..2
 0004:00004F40       synautil.n
 0004:00004F44       blcksock..51
 0004:00004F48       blcksock.WsaDataOnce
 0004:000050D8       NativeXml..11
 0004:000050DC       ComObj..41
 0004:000050E0       ComObj.OleUninitializing
 0004:000050E4       ComObj.ComClassManagerVar
 0004:000050E8       ComObj.SaveInitProc
 0004:000050EC       ComObj.NeedToUninitialize
 0004:000050F0       uFunctions..1
 0004:000050F4       uSystem..1
 0004:000050F8       uOptions..2
 0004:000050FC       pcre.pcre_malloc_user
 0004:00005100       pcre.pcre_free_user
 0004:00005104       uCommonDownloader..2
 0004:00005108       uDownloader..3
 0004:0000510C       guiConsts..3
 0004:00005110       guiSetupWINAPI..2
 0004:00005114       uConsoleApp..3
 0004:00005118       uUpgrade..2
 0004:0000511C       uDownloadClassifier..2
 0004:00005120       uDownloadClassifier.RegisteredDownloaders
 0004:00005124       uDownloadClassifier.RegisteredProviders
 0004:00005128       uDownloadClassifier.RegisteredProviderNames
 0004:0000512C       uHttp..2
 0004:00005130       ssl_openssl_lib..1
 0004:00005134       ssl_openssl_lib.SSLCS
 0004:00005138       ssl_openssl_lib.Locks
 0004:0000513C       ssl_openssl..2
 0004:00005140       rtmpdump_dll..1
 0004:00005144       rtmpdump_dll.LibHandle
 0004:00005148       rtmpdump_dll.RtmpDumpMain
 0004:0000514C       uRtmpDownloader..3
 0004:00005150       uRtmpDirectDownloader..2
 0004:00005154       msdl_dll..1
 0004:00005158       msdl_dll.LibHandle
 0004:0000515C       msdl_dll.MsdlMain
 0004:00005160       uMSDirectDownloader..2
 0004:00005164       uScriptedDownloader..2
 0004:00005168       guiFunctions..1
 0004:0000516C       guiOptions..2
 0004:00005170       guiAboutWINAPI..2
 0004:00005174       guiConverterWINAPI..2
 0004:00005178       guiOptionsWINAPI_Downloads..2
 0004:0000517C       guiOptionsWINAPI_Main..2
 0004:00005180       guiOptionsWINAPI_Network..2
 0004:00005184       guiOptionsWINAPI_Downloaders..2
 0004:00005188       guiOptionsWINAPI..3
 0004:0000518C       guiMainWINAPI..2
 0004:00005190       guiMainWINAPI.TranslatedThreadStates
 0004:000051A8       guiMainWINAPI.TranslatedConvertThreadStates
 0004:000051BC       guiMainWINAPI.TranslatedThreadStatePaused
 0004:000051C0       uMain..1
 0004:000051C4       uMain.StartedFromIDE
 0004:000051C5       uMain.RunExternal
 0004:000051C8       uMain.ErrorMsg
 0004:000051CC       uMain.InstallDir
 0004:000051D0       uMain.DesktopShortcut
 0004:000051D1       uMain.StartMenuShortcut
 0004:000051D2       uMain.RestartYTD
 0004:000051D4       downCT..3
 0004:000051D8       downEuroSeptik..2
 0004:000051DC       downJoj..2
 0004:000051E0       uCrypto..1
 0004:000051E4       uCrypto.LibEay32Lock
 0004:000051FC       downVoyo..2
 0004:00005200       downYouTube..2
 0004:00005204       downPrahovaHD..2
 0004:00005208       down1hdRo..2
 0004:0000520C       down3NewsCoNz..2
 0004:00005210       down4TV..2
 0004:00005214       down5min..2
 0004:00005218       downAcademicEarth..2
 0004:0000521C       downAgresori..2
 0004:00005220       downAlternativaTV..2
 0004:00005224       downAncensored..2
 0004:00005228       downAngryAlien..2
 0004:0000522C       downAnimacekTv..2
 0004:00005230       downArchive..2
 0004:00005234       downAutoTube..2
 0004:00005238       downAzetSk..2
 0004:0000523C       downBahnorama..2
 0004:00005240       downBandZone..2
 0004:00005244       downBarrandovTV..2
 0004:00005248       downBBCNews..2
 0004:0000524C       downBlennus..2
 0004:00005250       downBlipTv_Embed..2
 0004:00005254       downBlipTv..2
 0004:00005258       downBMovies..2
 0004:0000525C       downBofunk..2
 0004:00005260       downBolt..2
 0004:00005264       downBomba..2
 0004:00005268       downBreak..2
 0004:0000526C       downBreakEmbed..2
 0004:00005270       downBreakEmbedV2..2
 0004:00005274       downBritishPathe..2
 0004:00005278       downBTVCz..2
 0004:0000527C       downCasSk..2
 0004:00005280       downCekniTo..2
 0004:00005284       downCeskeDrahy..2
 0004:00005288       downCesnet..2
 0004:0000528C       downCKKlic..2
 0004:00005290       downClevver..2
 0004:00005294       downClipfish..2
 0004:00005298       downClipFishV2..2
 0004:0000529C       downCNBC..2
 0004:000052A0       downCollegeHumor..2
 0004:000052A4       downCriticalPast..2
 0004:000052A8       downCurrent..2
 0004:000052AC       downDailyHaha..2
 0004:000052B0       downDailyMotion..2
 0004:000052B4       downDeutscheBahn..2
 0004:000052B8       downDenik..2
 0004:000052BC       downDevilDucky..2
 0004:000052C0       downDokumentarniTV..2
 0004:000052C4       downDotSub..2
 0004:000052C8       downDoubleAgent..2
 0004:000052CC       downDrsnySvet..2
 0004:000052D0       downDUB..2
 0004:000052D4       downEbaumsWorld..2
 0004:000052D8       downEHow..2
 0004:000052DC       downEKucharkaNet..2
 0004:000052E0       downESPN..2
 0004:000052E4       downEuroGamer..2
 0004:000052E8       downEVTV1..2
 0004:000052EC       downEyeneer..2
 0004:000052F0       downFileCabi..2
 0004:000052F4       downFishki..2
 0004:000052F8       downFlickr..2
 0004:000052FC       downFreeCaster..2
 0004:00005300       downFreeSk..2
 0004:00005304       downFreeRide..2
 0004:00005308       downFreeVideoRu..2
 0004:0000530C       downFunnyOrDie..2
 0004:00005310       downG4TV..2
 0004:00005314       downGameAnyone..2
 0004:00005318       downGamePark..2
 0004:0000531C       downGameZone..2
 0004:00005320       downGamesTiscaliCz..2
 0004:00005324       downGodTube..2
 0004:00005328       downGoogleVideo_Embed..2
 0004:0000532C       downGoogleVideo..2
 0004:00005330       downGordonUraCz..2
 0004:00005334       downGuba..2
 0004:00005338       downGrindTV..2
 0004:0000533C       downHasici150..2
 0004:00005340       downHejbejSe..2
 0004:00005344       downHellTV..2
 0004:00005348       downHokejCbCz..2
 0004:0000534C       downHokejCz..2
 0004:00005350       downHrej..2
 0004:00005354       downiConcerts..2
 0004:00005358       downIDnes_Embed..2
 0004:0000535C       downIDnes..2
 0004:00005360       downIHned..2
 0004:00005364       downILikeBike..2
 0004:00005368       downStream..2
 0004:0000536C       downIPrima..2
 0004:00005370       downiPrima_ShowJanaKrause..2
 0004:00005374       downiViewTube..2
 0004:00005378       downJenProZeny..2
 0004:0000537C       downKanalTurk..2
 0004:00005380       downKinobox..2
 0004:00005384       downKiwi..2
 0004:00005388       downKontraband..2
 0004:0000538C       downKoukni..2
 0004:00005390       downKukaj..2
 0004:00005394       downLaola1..2
 0004:00005398       downLenkaFilipova..2
 0004:0000539C       downLevelTV..2
 0004:000053A0       downLibimSeTi..2
 0004:000053A4       downLiveLeak..2
 0004:000053A8       downLiveLeakEmbedded..2
 0004:000053AC       downLoupak..2
 0004:000053B0       downMarkiza..2
 0004:000053B4       downMarkizaParticka..2
 0004:000053B8       downMatrix2001..2
 0004:000053BC       downMediaSport..2
 0004:000053C0       downMegaVideo..2
 0004:000053C4       downMegaVideo_Embed..2
 0004:000053C8       downMetaCafe..2
 0004:000053CC       downMetooCz..2
 0004:000053D0       downMetooSk..4
 0004:000053D4       downMetropolCZ..2
 0004:000053D8       downMetropolCZ_Zpravy..2
 0004:000053DC       downMetropolTV..2
 0004:000053E0       downMetroProjekt..2
 0004:000053E4       downMojeTelevize..2
 0004:000053E8       downMojeVideo..2
 0004:000053EC       downMojeVideoSk..2
 0004:000053F0       downMovtex..2
 0004:000053F4       downMpora..2
 0004:000053F8       downMTVEmbed..2
 0004:000053FC       downMTV..2
 0004:00005400       downMULitvinov..2
 0004:00005404       downMultimediaVseCz..2
 0004:00005408       downMustWatch..2
 0004:0000540C       downMuvi..2
 0004:00005410       downMuzu..2
 0004:00005414       downMySpace..2
 0004:00005418       downMyubo..2
 0004:0000541C       downMyvi_Embed..2
 0004:00005420       downMyvi..2
 0004:00005424       downNaHnoji..2
 0004:00005428       downNaStojaka..2
 0004:0000542C       downNBC..2
 0004:00005430       downNebickoVPapulke..2
 0004:00005434       downNHL..2
 0004:00005438       downNJoy..2
 0004:0000543C       downNothingToxic..2
 0004:00005440       downNova..2
 0004:00005444       downNovaTN..2
 0004:00005448       downNovaMov_Embed..2
 0004:0000544C       downNovaMov..2
 0004:00005450       downNovinky..2
 0004:00005454       downNRSR..2
 0004:00005458       downOckoTV..2
 0004:0000545C       downOKTeam..2
 0004:00005460       downOldStream..3
 0004:00005464       downOsobnostiCZ..2
 0004:00005468       downOverStream..2
 0004:0000546C       downOwn3D_Embed..2
 0004:00005470       downPBS..2
 0004:00005474       downPCPlanets..2
 0004:00005478       downPicSpoon..2
 0004:0000547C       downPlayFm..2
 0004:00005480       downPlaywire..2
 0004:00005484       downPlayZone..2
 0004:00005488       downPolarCz..2
 0004:0000548C       downPracticalMethod..2
 0004:00005490       downPrazdninyVTelci..2
 0004:00005494       downPrimaCool..2
 0004:00005498       downProglas..2
 0004:0000549C       downProstoPleer..2
 0004:000054A0       downPublicTV..2
 0004:000054A4       downQipRu_Embed..2
 0004:000054A8       downRajce..2
 0004:000054AC       downReflex..2
 0004:000054B0       downRevver..2
 0004:000054B4       downRingTV..2
 0004:000054B8       downRockstarGames..2
 0004:000054BC       downRockstarGames_IV..2
 0004:000054C0       downRozhlas..2
 0004:000054C4       downRTA_Embed..2
 0004:000054C8       downRTA..2
 0004:000054CC       downRtlNl..2
 0004:000054D0       downRuTube..2
 0004:000054D4       downSchoolOfCare..2
 0004:000054D8       downSerialOnline..2
 0004:000054DC       downSerialyCZ..2
 0004:000054E0       downSevenLoad..2
 0004:000054E4       downShackNews..2
 0004:000054E8       downSibnet..2
 0004:000054EC       downSmeSK..2
 0004:000054F0       downSmotri..2
 0004:000054F4       downSnotr..2
 0004:000054F8       downSoundCloud..2
 0004:000054FC       downSpike..2
 0004:00005500       downSportStream..2
 0004:00005504       downStagevu..2
 0004:00005508       downStastneVdovy..2
 0004:0000550C       downSteamPowered..2
 0004:00005510       downStickam..2
 0004:00005514       downStreetFire..2
 0004:00005518       downStudioPlus..2
 0004:0000551C       downStupidVideos..2
 0004:00005520       downTangle..2
 0004:00005524       downTeacherTube..2
 0004:00005528       downTed..2
 0004:0000552C       downThatVideoSite..2
 0004:00005530       downTMusic..2
 0004:00005534       downTodaysBigThing..2
 0004:00005538       downTontuyau..2
 0004:0000553C       downTopReceptyCZ..2
 0004:00005540       downTotallyCrap..2
 0004:00005544       downTV2Nord..2
 0004:00005548       downTV4PlaySE..2
 0004:0000554C       downTVHNOnlineSk..2
 0004:00005550       downTVLux..2
 0004:00005554       downTVNoe..2
 0004:00005558       downTVNovinySk..2
 0004:0000555C       downTVSpl..2
 0004:00005560       downTVVysocina..2
 0004:00005564       downTyzdenSk..2
 0004:00005568       downUlozTo..2
 0004:0000556C       downUniMinnesota..2
 0004:00005570       downUStream..2
 0004:00005574       downVCTV..2
 0004:00005578       downVeeHD..2
 0004:0000557C       downVideaCesky..2
 0004:00005580       downVideoAlbumyAzet..2
 0004:00005584       downVideoBB..2
 0004:00005588       downVideoClipsDump..2
 0004:0000558C       downVideoNurKz..2
 0004:00005590       downVideoPortalSfTV..2
 0004:00005594       downVideu..2
 0004:00005598       downViiSk..2
 0004:0000559C       downViki..2
 0004:000055A0       downVineCo..2
 0004:000055A4       downVitalMtb..2
 0004:000055A8       downVKontakteRuEmbed..2
 0004:000055AC       downWeGame..2
 0004:000055B0       downWimp..2
 0004:000055B4       downWordPressTV..2
 0004:000055B8       downWorldClub..2
 0004:000055BC       downWrzuta..2
 0004:000055C0       downYikers..2
 0004:000055C4       downYouTu_Be..2
 0004:000055C8       downYouTubeNoCookie..2
 0004:000055CC       downZ1TV..2
 0004:000055D0       downZAKTV..2
 0004:000055D4       downZapiksFr..2
 0004:000055D8       downZDF..2
 0004:000055DC       downZkoukniTo..2
 0004:000055E0       downZkoukniToEmbed..2
 0004:000055E4       downZmozek..2
 0004:000055E8       listArchive..2
 0004:000055EC       listBing..2
 0004:000055F0       listBlipTV..2
 0004:000055F4       listGameAnyone..2
 0004:000055F8       listYouTube..2
 0004:000055FC       listYouTubePage..2
 0005:00000000       System.RaiseListPtr
 0005:00000004       System.InOutRes
 0005:00000008       Classes.GlobalLists
 0005:0000000C       Classes.InternalCurrentThread
 0005:00000010       SysInit.TlsLast


Bound resource files

character.res
uDialogs.res
guiSetupWINAPI.res
guiAboutWINAPI.res
guiConverterWINAPI.res
guiOptionsWINAPI_Downloads.res
guiOptionsWINAPI_Main.res
guiOptionsWINAPI_Network.res
guiOptionsWINAPI_CommonDownloader.res
guiOptionsWINAPI_Downloaders.res
guiOptionsWINAPI.res
guiMainWINAPI.res
guiOptionsWINAPI_CT.res
guiOptionsWINAPI_EuroSeptik.res
guiOptionsWINAPI_Joj.res
guiOptionsWINAPI_Nova.res
guiOptionsWINAPI_YouTube.res
ytd.res
D:\TEMP\dtfB.tmp


Program entry point at 0002:00001F18
