
 Start         Length     Name                   Class
 0001:00401000 00104BDCH .text                   CODE
 0002:00506000 00002388H .itext                  ICODE
 0003:00509000 00010480H .data                   DATA
 0004:0051A000 000056DCH .bss                    BSS
 0005:00000000 00000010H .tls                    TLS


Detailed map of segments

 0001:00000000 000081BF C=CODE     S=.text    G=(none)   M=System   ACBP=A9
 0001:000081C0 00000105 C=CODE     S=.text    G=(none)   M=SysInit  ACBP=A9
 0001:000082C8 00000006 C=CODE     S=.text    G=(none)   M=Types    ACBP=A9
 0001:000082D0 000006A8 C=CODE     S=.text    G=(none)   M=Windows  ACBP=A9
 0001:00008978 0000006A C=CODE     S=.text    G=(none)   M=ActiveX  ACBP=A9
 0001:000089E4 00000328 C=CODE     S=.text    G=(none)   M=SysConst ACBP=A9
 0001:00008D0C 000000F0 C=CODE     S=.text    G=(none)   M=RTLConsts ACBP=A9
 0001:00008DFC 000001D0 C=CODE     S=.text    G=(none)   M=Character ACBP=A9
 0001:00008FCC 0000013A C=CODE     S=.text    G=(none)   M=StrUtils ACBP=A9
 0001:00009108 0000A5CE C=CODE     S=.text    G=(none)   M=SysUtils ACBP=A9
 0001:000136D8 000007FA C=CODE     S=.text    G=(none)   M=VarUtils ACBP=A9
 0001:00013ED4 00006CEC C=CODE     S=.text    G=(none)   M=Variants ACBP=A9
 0001:0001ABC0 00000DF3 C=CODE     S=.text    G=(none)   M=TypInfo  ACBP=A9
 0001:0001B9B4 0000988B C=CODE     S=.text    G=(none)   M=Classes  ACBP=A9
 0001:00025240 000041F6 C=CODE     S=.text    G=(none)   M=gnugettext ACBP=A9
 0001:00029438 00000086 C=CODE     S=.text    G=(none)   M=uLanguages ACBP=A9
 0001:000294C0 0000001E C=CODE     S=.text    G=(none)   M=CommCtrl ACBP=A9
 0001:000294E0 0000000E C=CODE     S=.text    G=(none)   M=ShellAPI ACBP=A9
 0001:000294F0 0000001E C=CODE     S=.text    G=(none)   M=ShlObj   ACBP=A9
 0001:00029510 000001CC C=CODE     S=.text    G=(none)   M=FileCtrl ACBP=A9
 0001:000296DC 00000130 C=CODE     S=.text    G=(none)   M=uSetup   ACBP=A9
 0001:0002980C 00000064 C=CODE     S=.text    G=(none)   M=uApiCommon ACBP=A9
 0001:00029870 0000078E C=CODE     S=.text    G=(none)   M=uApiFunctions ACBP=A9
 0001:0002A000 00000016 C=CODE     S=.text    G=(none)   M=uApiGraphics ACBP=A9
 0001:0002A018 000011C3 C=CODE     S=.text    G=(none)   M=uApiForm ACBP=A9
 0001:0002B1DC 000002D2 C=CODE     S=.text    G=(none)   M=uMessages ACBP=A9
 0001:0002B4B0 00000007 C=CODE     S=.text    G=(none)   M=synafpc  ACBP=A9
 0001:0002B4B8 000006AE C=CODE     S=.text    G=(none)   M=SyncObjs ACBP=A9
 0001:0002BB68 0000153E C=CODE     S=.text    G=(none)   M=synsock  ACBP=A9
 0001:0002D0A8 000014AB C=CODE     S=.text    G=(none)   M=synautil ACBP=A9
 0001:0002E554 00001591 C=CODE     S=.text    G=(none)   M=synacode ACBP=A9
 0001:0002FAE8 00000918 C=CODE     S=.text    G=(none)   M=synaip   ACBP=A9
 0001:00030400 000070EA C=CODE     S=.text    G=(none)   M=blcksock ACBP=A9
 0001:000374EC 0000237C C=CODE     S=.text    G=(none)   M=httpsend ACBP=A9
 0001:00039868 000065D2 C=CODE     S=.text    G=(none)   M=NativeXml ACBP=A9
 0001:0003FE3C 000008D8 C=CODE     S=.text    G=(none)   M=uXml     ACBP=A9
 0001:00040714 00000020 C=CODE     S=.text    G=(none)   M=ComConst ACBP=A9
 0001:00040734 00001053 C=CODE     S=.text    G=(none)   M=ComObj   ACBP=A9
 0001:00041788 0000081B C=CODE     S=.text    G=(none)   M=uStrings ACBP=A9
 0001:00041FA4 00001776 C=CODE     S=.text    G=(none)   M=uFiles   ACBP=A9
 0001:0004371C 00000ED0 C=CODE     S=.text    G=(none)   M=uFunctions ACBP=A9
 0001:000445EC 00000476 C=CODE     S=.text    G=(none)   M=uSystem  ACBP=A9
 0001:00044A64 00002CFE C=CODE     S=.text    G=(none)   M=uOptions ACBP=A9
 0001:00047764 0001130C C=CODE     S=.text    G=(none)   M=pcre     ACBP=A9
 0001:00058A70 000008B7 C=CODE     S=.text    G=(none)   M=PerlRegEx ACBP=A9
 0001:00059328 000007B8 C=CODE     S=.text    G=(none)   M=uPCRE    ACBP=A9
 0001:00059AE0 00002426 C=CODE     S=.text    G=(none)   M=uAMF     ACBP=A9
 0001:0005BF08 000004DF C=CODE     S=.text    G=(none)   M=uApiTabControl ACBP=A9
 0001:0005C3E8 00000FF2 C=CODE     S=.text    G=(none)   M=uCommonDownloader ACBP=A9
 0001:0005D3DC 0000043E C=CODE     S=.text    G=(none)   M=uExternalDownloader ACBP=A9
 0001:0005D81C 00003D56 C=CODE     S=.text    G=(none)   M=uDownloader ACBP=A9
 0001:00061574 000001ED C=CODE     S=.text    G=(none)   M=guiOptionsWINAPI_Downloader ACBP=A9
 0001:00061764 00000542 C=CODE     S=.text    G=(none)   M=uPlaylistDownloader ACBP=A9
 0001:00061CA8 00000646 C=CODE     S=.text    G=(none)   M=uDownloadThread ACBP=A9
 0001:000622F0 000001BC C=CODE     S=.text    G=(none)   M=guiConsts ACBP=A9
 0001:000624AC 0000000E C=CODE     S=.text    G=(none)   M=CommDlg  ACBP=A9
 0001:000624BC 00000798 C=CODE     S=.text    G=(none)   M=uDialogs ACBP=A9
 0001:00062C54 00000522 C=CODE     S=.text    G=(none)   M=guiSetupWINAPI ACBP=A9
 0001:00063178 00000CC6 C=CODE     S=.text    G=(none)   M=uConsoleApp ACBP=A9
 0001:00063E40 00001188 C=CODE     S=.text    G=(none)   M=uUpgrade ACBP=A9
 0001:00064FC8 000004FA C=CODE     S=.text    G=(none)   M=uDownloadClassifier ACBP=A9
 0001:000654C4 00000350 C=CODE     S=.text    G=(none)   M=listHTML ACBP=A9
 0001:00065814 000001B4 C=CODE     S=.text    G=(none)   M=listHTMLfile ACBP=A9
 0001:000659C8 00000271 C=CODE     S=.text    G=(none)   M=uHttp    ACBP=A9
 0001:00065C3C 00002E75 C=CODE     S=.text    G=(none)   M=ssl_openssl_lib ACBP=A9
 0001:00068AB4 00001726 C=CODE     S=.text    G=(none)   M=ssl_openssl ACBP=A9
 0001:0006A1DC 00000BE7 C=CODE     S=.text    G=(none)   M=uHttpDownloader ACBP=A9
 0001:0006ADC4 000002E0 C=CODE     S=.text    G=(none)   M=uHttpDirectDownloader ACBP=A9
 0001:0006B0A4 00001189 C=CODE     S=.text    G=(none)   M=uScripts ACBP=A9
 0001:0006C230 00000259 C=CODE     S=.text    G=(none)   M=rtmpdump_dll ACBP=A9
 0001:0006C48C 00000F2A C=CODE     S=.text    G=(none)   M=uRtmpDownloader ACBP=A9
 0001:0006D3B8 00000416 C=CODE     S=.text    G=(none)   M=uRtmpDirectDownloader ACBP=A9
 0001:0006D7D0 0000022D C=CODE     S=.text    G=(none)   M=msdl_dll ACBP=A9
 0001:0006DA00 00000898 C=CODE     S=.text    G=(none)   M=uMSDownloader ACBP=A9
 0001:0006E298 0000036E C=CODE     S=.text    G=(none)   M=uMSDirectDownloader ACBP=A9
 0001:0006E608 00000B2F C=CODE     S=.text    G=(none)   M=uNestedDownloader ACBP=A9
 0001:0006F138 00000375 C=CODE     S=.text    G=(none)   M=uNestedDirectDownloader ACBP=A9
 0001:0006F4B0 0000142D C=CODE     S=.text    G=(none)   M=uFlvFile ACBP=A9
 0001:000708E0 0000135A C=CODE     S=.text    G=(none)   M=uHDSDownloader ACBP=A9
 0001:00071C3C 000002DC C=CODE     S=.text    G=(none)   M=uHDSDirectDownloader ACBP=A9
 0001:00071F18 00000C26 C=CODE     S=.text    G=(none)   M=uHLSDownloader ACBP=A9
 0001:00072B40 000002DC C=CODE     S=.text    G=(none)   M=uHLSDirectDownloader ACBP=A9
 0001:00072E1C 000043EE C=CODE     S=.text    G=(none)   M=uScriptedDownloader ACBP=A9
 0001:0007720C 00003150 C=CODE     S=.text    G=(none)   M=uYTD     ACBP=A9
 0001:0007A35C 000002FF C=CODE     S=.text    G=(none)   M=uCreateProcessAsync ACBP=A9
 0001:0007A65C 00000A43 C=CODE     S=.text    G=(none)   M=uDownloadListItem ACBP=A9
 0001:0007B0A0 00000C8D C=CODE     S=.text    G=(none)   M=uDownloadList ACBP=A9
 0001:0007BD30 000008F1 C=CODE     S=.text    G=(none)   M=guiFunctions ACBP=A9
 0001:0007C624 00001D74 C=CODE     S=.text    G=(none)   M=guiOptions ACBP=A9
 0001:0007E398 00000CDA C=CODE     S=.text    G=(none)   M=guiAboutWINAPI ACBP=A9
 0001:0007F074 00000756 C=CODE     S=.text    G=(none)   M=guiConverterWINAPI ACBP=A9
 0001:0007F7CC 00000A06 C=CODE     S=.text    G=(none)   M=guiOptionsWINAPI_Downloads ACBP=A9
 0001:000801D4 0000058A C=CODE     S=.text    G=(none)   M=guiOptionsWINAPI_Main ACBP=A9
 0001:00080760 00000542 C=CODE     S=.text    G=(none)   M=guiOptionsWINAPI_Network ACBP=A9
 0001:00080CA4 00000AFA C=CODE     S=.text    G=(none)   M=guiOptionsWINAPI_CommonDownloader ACBP=A9
 0001:000817A0 00000702 C=CODE     S=.text    G=(none)   M=guiOptionsWINAPI_Downloaders ACBP=A9
 0001:00081EA4 00000672 C=CODE     S=.text    G=(none)   M=guiOptionsWINAPI ACBP=A9
 0001:00082518 00002F21 C=CODE     S=.text    G=(none)   M=guiMainWINAPI ACBP=A9
 0001:0008543C 00001534 C=CODE     S=.text    G=(none)   M=uMain    ACBP=A9
 0001:00086970 00000220 C=CODE     S=.text    G=(none)   M=uSubtitles ACBP=A9
 0001:00086B90 000002E0 C=CODE     S=.text    G=(none)   M=uVarNestedDownloader ACBP=A9
 0001:00086E70 000028EA C=CODE     S=.text    G=(none)   M=uLkJSON  ACBP=A9
 0001:0008975C 00000188 C=CODE     S=.text    G=(none)   M=uJSON    ACBP=A9
 0001:000898E4 00001D38 C=CODE     S=.text    G=(none)   M=downCT   ACBP=A9
 0001:0008B61C 00000456 C=CODE     S=.text    G=(none)   M=guiOptionsWINAPI_CT ACBP=A9
 0001:0008BA74 00000AC6 C=CODE     S=.text    G=(none)   M=downEuroSeptik ACBP=A9
 0001:0008C53C 0000045A C=CODE     S=.text    G=(none)   M=guiOptionsWINAPI_EuroSeptik ACBP=A9
 0001:0008C998 000009F8 C=CODE     S=.text    G=(none)   M=downJoj  ACBP=A9
 0001:0008D390 0000044A C=CODE     S=.text    G=(none)   M=guiOptionsWINAPI_Joj ACBP=A9
 0001:0008D7DC 000005E3 C=CODE     S=.text    G=(none)   M=uCrypto  ACBP=A9
 0001:0008DDC0 00002594 C=CODE     S=.text    G=(none)   M=downVoyo ACBP=A9
 0001:00090354 000005CA C=CODE     S=.text    G=(none)   M=guiOptionsWINAPI_Nova ACBP=A9
 0001:00090920 000028CA C=CODE     S=.text    G=(none)   M=downYouTube ACBP=A9
 0001:000931EC 0000067E C=CODE     S=.text    G=(none)   M=guiOptionsWINAPI_YouTube ACBP=A9
 0001:0009386C 0000066E C=CODE     S=.text    G=(none)   M=downPrahovaHD ACBP=A9
 0001:00093EDC 00000322 C=CODE     S=.text    G=(none)   M=down1hdRo ACBP=A9
 0001:00094200 0000079A C=CODE     S=.text    G=(none)   M=down3NewsCoNz ACBP=A9
 0001:0009499C 000006C2 C=CODE     S=.text    G=(none)   M=down4TV  ACBP=A9
 0001:00095060 000004B6 C=CODE     S=.text    G=(none)   M=down5min ACBP=A9
 0001:00095518 0000041E C=CODE     S=.text    G=(none)   M=downAcademicEarth ACBP=A9
 0001:00095938 00000462 C=CODE     S=.text    G=(none)   M=downAgresori ACBP=A9
 0001:00095D9C 0000066E C=CODE     S=.text    G=(none)   M=downAlternativaTV ACBP=A9
 0001:0009640C 000009F6 C=CODE     S=.text    G=(none)   M=downAncensored ACBP=A9
 0001:00096E04 000003FA C=CODE     S=.text    G=(none)   M=downAngryAlien ACBP=A9
 0001:00097200 00000586 C=CODE     S=.text    G=(none)   M=downAnimacekTv ACBP=A9
 0001:00097788 000002D2 C=CODE     S=.text    G=(none)   M=downArchive ACBP=A9
 0001:00097A5C 0000059E C=CODE     S=.text    G=(none)   M=downAutoTube ACBP=A9
 0001:00097FFC 00000432 C=CODE     S=.text    G=(none)   M=downAzetSk ACBP=A9
 0001:00098430 000005E6 C=CODE     S=.text    G=(none)   M=downBahnorama ACBP=A9
 0001:00098A18 000004B6 C=CODE     S=.text    G=(none)   M=downBandZone ACBP=A9
 0001:00098ED0 00000616 C=CODE     S=.text    G=(none)   M=downBarrandovTV ACBP=A9
 0001:000994E8 0000069E C=CODE     S=.text    G=(none)   M=downBBCNews ACBP=A9
 0001:00099B88 0000045E C=CODE     S=.text    G=(none)   M=downBlennus ACBP=A9
 0001:00099FE8 0000077E C=CODE     S=.text    G=(none)   M=downBlipTv_Embed ACBP=A9
 0001:0009A768 000003AA C=CODE     S=.text    G=(none)   M=downBlipTv ACBP=A9
 0001:0009AB14 00000726 C=CODE     S=.text    G=(none)   M=downBMovies ACBP=A9
 0001:0009B23C 0000066A C=CODE     S=.text    G=(none)   M=downBofunk ACBP=A9
 0001:0009B8A8 000005CE C=CODE     S=.text    G=(none)   M=downBolt ACBP=A9
 0001:0009BE78 000004A2 C=CODE     S=.text    G=(none)   M=downBomba ACBP=A9
 0001:0009C31C 00000706 C=CODE     S=.text    G=(none)   M=downBreak ACBP=A9
 0001:0009CA24 000006AA C=CODE     S=.text    G=(none)   M=downBreakEmbed ACBP=A9
 0001:0009D0D0 00000352 C=CODE     S=.text    G=(none)   M=downBreakEmbedV2 ACBP=A9
 0001:0009D424 000005CA C=CODE     S=.text    G=(none)   M=downBritishPathe ACBP=A9
 0001:0009D9F0 00000696 C=CODE     S=.text    G=(none)   M=downBTVCz ACBP=A9
 0001:0009E088 00000571 C=CODE     S=.text    G=(none)   M=downCasSk ACBP=A9
 0001:0009E5FC 0000051E C=CODE     S=.text    G=(none)   M=downCekniTo ACBP=A9
 0001:0009EB1C 000003BE C=CODE     S=.text    G=(none)   M=downCeskeDrahy ACBP=A9
 0001:0009EEDC 0000029E C=CODE     S=.text    G=(none)   M=downCesnet ACBP=A9
 0001:0009F17C 00000462 C=CODE     S=.text    G=(none)   M=downCKKlic ACBP=A9
 0001:0009F5E0 000006BE C=CODE     S=.text    G=(none)   M=downClevver ACBP=A9
 0001:0009FCA0 0000041A C=CODE     S=.text    G=(none)   M=downClipfish ACBP=A9
 0001:000A00BC 00000402 C=CODE     S=.text    G=(none)   M=downClipFishV2 ACBP=A9
 0001:000A04C0 00000896 C=CODE     S=.text    G=(none)   M=downCNBC ACBP=A9
 0001:000A0D58 0000046A C=CODE     S=.text    G=(none)   M=downCollegeHumor ACBP=A9
 0001:000A11C4 00000446 C=CODE     S=.text    G=(none)   M=downCriticalPast ACBP=A9
 0001:000A160C 000003DA C=CODE     S=.text    G=(none)   M=downCurrent ACBP=A9
 0001:000A19E8 000006AA C=CODE     S=.text    G=(none)   M=downDailyHaha ACBP=A9
 0001:000A2094 0000078A C=CODE     S=.text    G=(none)   M=downDailyMotion ACBP=A9
 0001:000A2820 0000075A C=CODE     S=.text    G=(none)   M=downDeutscheBahn ACBP=A9
 0001:000A2F7C 000004D6 C=CODE     S=.text    G=(none)   M=downDenik ACBP=A9
 0001:000A3454 000003DE C=CODE     S=.text    G=(none)   M=downDevilDucky ACBP=A9
 0001:000A3834 000004B2 C=CODE     S=.text    G=(none)   M=downDokumentarniTV ACBP=A9
 0001:000A3CE8 000005AE C=CODE     S=.text    G=(none)   M=downDotSub ACBP=A9
 0001:000A4298 0000048A C=CODE     S=.text    G=(none)   M=downDoubleAgent ACBP=A9
 0001:000A4724 00000476 C=CODE     S=.text    G=(none)   M=downDrsnySvet ACBP=A9
 0001:000A4B9C 00000626 C=CODE     S=.text    G=(none)   M=downDUB  ACBP=A9
 0001:000A51C4 00000446 C=CODE     S=.text    G=(none)   M=downEbaumsWorld ACBP=A9
 0001:000A560C 000005BE C=CODE     S=.text    G=(none)   M=downEHow ACBP=A9
 0001:000A5BCC 00000972 C=CODE     S=.text    G=(none)   M=downEKucharkaNet ACBP=A9
 0001:000A6540 000008BA C=CODE     S=.text    G=(none)   M=downESPN ACBP=A9
 0001:000A6DFC 000008BA C=CODE     S=.text    G=(none)   M=downEuroGamer ACBP=A9
 0001:000A76B8 000004BA C=CODE     S=.text    G=(none)   M=downEVTV1 ACBP=A9
 0001:000A7B74 00000846 C=CODE     S=.text    G=(none)   M=downEyeneer ACBP=A9
 0001:000A83BC 00000432 C=CODE     S=.text    G=(none)   M=downFileCabi ACBP=A9
 0001:000A87F0 0000041E C=CODE     S=.text    G=(none)   M=downFishki ACBP=A9
 0001:000A8C10 00000CEA C=CODE     S=.text    G=(none)   M=downFlickr ACBP=A9
 0001:000A98FC 000008A2 C=CODE     S=.text    G=(none)   M=downFreeCaster ACBP=A9
 0001:000AA1A0 000005B6 C=CODE     S=.text    G=(none)   M=downFreeSk ACBP=A9
 0001:000AA758 0000066E C=CODE     S=.text    G=(none)   M=downFreeRide ACBP=A9
 0001:000AADC8 00000852 C=CODE     S=.text    G=(none)   M=downFreeVideoRu ACBP=A9
 0001:000AB61C 00000602 C=CODE     S=.text    G=(none)   M=downFunnyOrDie ACBP=A9
 0001:000ABC20 000006DA C=CODE     S=.text    G=(none)   M=downG4TV ACBP=A9
 0001:000AC2FC 000007F2 C=CODE     S=.text    G=(none)   M=downGameAnyone ACBP=A9
 0001:000ACAF0 0000049A C=CODE     S=.text    G=(none)   M=downGamePark ACBP=A9
 0001:000ACF8C 0000043E C=CODE     S=.text    G=(none)   M=downGameZone ACBP=A9
 0001:000AD3CC 00000486 C=CODE     S=.text    G=(none)   M=downGamesTiscaliCz ACBP=A9
 0001:000AD854 00000636 C=CODE     S=.text    G=(none)   M=downGodTube ACBP=A9
 0001:000ADE8C 0000064A C=CODE     S=.text    G=(none)   M=downGoogleVideo_Embed ACBP=A9
 0001:000AE4D8 000003DE C=CODE     S=.text    G=(none)   M=downGoogleVideo ACBP=A9
 0001:000AE8B8 00000466 C=CODE     S=.text    G=(none)   M=downGordonUraCz ACBP=A9
 0001:000AED20 00000542 C=CODE     S=.text    G=(none)   M=downGuba ACBP=A9
 0001:000AF264 00000612 C=CODE     S=.text    G=(none)   M=downGrindTV ACBP=A9
 0001:000AF878 00000B9E C=CODE     S=.text    G=(none)   M=downHasici150 ACBP=A9
 0001:000B0418 000003EE C=CODE     S=.text    G=(none)   M=downHejbejSe ACBP=A9
 0001:000B0808 0000047E C=CODE     S=.text    G=(none)   M=downHellTV ACBP=A9
 0001:000B0C88 00000442 C=CODE     S=.text    G=(none)   M=downHokejCbCz ACBP=A9
 0001:000B10CC 000007CE C=CODE     S=.text    G=(none)   M=downHokejCz ACBP=A9
 0001:000B189C 0000044A C=CODE     S=.text    G=(none)   M=downHrej ACBP=A9
 0001:000B1CE8 000004BA C=CODE     S=.text    G=(none)   M=downiConcerts ACBP=A9
 0001:000B21A4 0000099E C=CODE     S=.text    G=(none)   M=downIDnes_Embed ACBP=A9
 0001:000B2B44 00000392 C=CODE     S=.text    G=(none)   M=downIDnes ACBP=A9
 0001:000B2ED8 000006EA C=CODE     S=.text    G=(none)   M=downIHned ACBP=A9
 0001:000B35C4 000005CE C=CODE     S=.text    G=(none)   M=downILikeBike ACBP=A9
 0001:000B3B94 000006D6 C=CODE     S=.text    G=(none)   M=downStream ACBP=A9
 0001:000B426C 00000BC2 C=CODE     S=.text    G=(none)   M=downIPrima ACBP=A9
 0001:000B4E30 000009D6 C=CODE     S=.text    G=(none)   M=downiPrima_ShowJanaKrause ACBP=A9
 0001:000B5808 0000046E C=CODE     S=.text    G=(none)   M=downiViewTube ACBP=A9
 0001:000B5C78 0000050A C=CODE     S=.text    G=(none)   M=downJenProZeny ACBP=A9
 0001:000B6184 0000052E C=CODE     S=.text    G=(none)   M=downKanalTurk ACBP=A9
 0001:000B66B4 00000526 C=CODE     S=.text    G=(none)   M=downKinobox ACBP=A9
 0001:000B6BDC 0000081E C=CODE     S=.text    G=(none)   M=downKiwi ACBP=A9
 0001:000B73FC 00000422 C=CODE     S=.text    G=(none)   M=downKontraband ACBP=A9
 0001:000B7820 000006BE C=CODE     S=.text    G=(none)   M=downKoukni ACBP=A9
 0001:000B7EE0 000003F6 C=CODE     S=.text    G=(none)   M=downKukaj ACBP=A9
 0001:000B82D8 0000076A C=CODE     S=.text    G=(none)   M=downLaola1 ACBP=A9
 0001:000B8A44 000005B2 C=CODE     S=.text    G=(none)   M=downLenkaFilipova ACBP=A9
 0001:000B8FF8 000004C6 C=CODE     S=.text    G=(none)   M=downLevelTV ACBP=A9
 0001:000B94C0 000003EA C=CODE     S=.text    G=(none)   M=downLibimSeTi ACBP=A9
 0001:000B98AC 0000051A C=CODE     S=.text    G=(none)   M=downLiveLeak ACBP=A9
 0001:000B9DC8 000001CA C=CODE     S=.text    G=(none)   M=downLiveLeakEmbedded ACBP=A9
 0001:000B9F94 00000546 C=CODE     S=.text    G=(none)   M=downLiveVideo ACBP=A9
 0001:000BA4DC 0000041E C=CODE     S=.text    G=(none)   M=downLoupak ACBP=A9
 0001:000BA8FC 0000069A C=CODE     S=.text    G=(none)   M=downMarkiza ACBP=A9
 0001:000BAF98 000005B6 C=CODE     S=.text    G=(none)   M=downMarkizaParticka ACBP=A9
 0001:000BB550 0000047A C=CODE     S=.text    G=(none)   M=downMatrix2001 ACBP=A9
 0001:000BB9CC 0000066A C=CODE     S=.text    G=(none)   M=downMediaSport ACBP=A9
 0001:000BC038 00000C6A C=CODE     S=.text    G=(none)   M=downMegaVideo ACBP=A9
 0001:000BCCA4 00000426 C=CODE     S=.text    G=(none)   M=downMegaVideo_Embed ACBP=A9
 0001:000BD0CC 000007A2 C=CODE     S=.text    G=(none)   M=downMetaCafe ACBP=A9
 0001:000BD870 0000040A C=CODE     S=.text    G=(none)   M=downMetooCz ACBP=A9
 0001:000BDC7C 00000B90 C=CODE     S=.text    G=(none)   M=downMetooSk ACBP=A9
 0001:000BE80C 000003DE C=CODE     S=.text    G=(none)   M=downMetropolCZ ACBP=A9
 0001:000BEBEC 000004F2 C=CODE     S=.text    G=(none)   M=downMetropolCZ_Zpravy ACBP=A9
 0001:000BF0E0 000006AA C=CODE     S=.text    G=(none)   M=downMetropolTV ACBP=A9
 0001:000BF78C 00000486 C=CODE     S=.text    G=(none)   M=downMetroProjekt ACBP=A9
 0001:000BFC14 0000046E C=CODE     S=.text    G=(none)   M=downMojeTelevize ACBP=A9
 0001:000C0084 000004C6 C=CODE     S=.text    G=(none)   M=downMojeVideo ACBP=A9
 0001:000C054C 000006E6 C=CODE     S=.text    G=(none)   M=downMojeVideoSk ACBP=A9
 0001:000C0C34 00000B96 C=CODE     S=.text    G=(none)   M=downMovtex ACBP=A9
 0001:000C17CC 0000066E C=CODE     S=.text    G=(none)   M=downMpora ACBP=A9
 0001:000C1E3C 0000095E C=CODE     S=.text    G=(none)   M=downMTVEmbed ACBP=A9
 0001:000C279C 00000456 C=CODE     S=.text    G=(none)   M=downMTV  ACBP=A9
 0001:000C2BF4 0000048A C=CODE     S=.text    G=(none)   M=downMULitvinov ACBP=A9
 0001:000C3080 0000062E C=CODE     S=.text    G=(none)   M=downMultimediaVseCz ACBP=A9
 0001:000C36B0 0000076E C=CODE     S=.text    G=(none)   M=downMustWatch ACBP=A9
 0001:000C3E20 000004B2 C=CODE     S=.text    G=(none)   M=downMuvi ACBP=A9
 0001:000C42D4 00000D1E C=CODE     S=.text    G=(none)   M=downMuzu ACBP=A9
 0001:000C4FF4 000004CE C=CODE     S=.text    G=(none)   M=downMySpace ACBP=A9
 0001:000C54C4 000004B6 C=CODE     S=.text    G=(none)   M=downMyubo ACBP=A9
 0001:000C597C 000008BA C=CODE     S=.text    G=(none)   M=downMyvi_Embed ACBP=A9
 0001:000C6238 00000446 C=CODE     S=.text    G=(none)   M=downMyvi ACBP=A9
 0001:000C6680 000003E6 C=CODE     S=.text    G=(none)   M=downNaHnoji ACBP=A9
 0001:000C6A68 000004E2 C=CODE     S=.text    G=(none)   M=downNaStojaka ACBP=A9
 0001:000C6F4C 0000104A C=CODE     S=.text    G=(none)   M=downNBC  ACBP=A9
 0001:000C7F98 000004A6 C=CODE     S=.text    G=(none)   M=downNebickoVPapulke ACBP=A9
 0001:000C8440 0000072E C=CODE     S=.text    G=(none)   M=downNHL  ACBP=A9
 0001:000C8B70 0000067E C=CODE     S=.text    G=(none)   M=downNJoy ACBP=A9
 0001:000C91F0 0000046A C=CODE     S=.text    G=(none)   M=downNothingToxic ACBP=A9
 0001:000C965C 000002FE C=CODE     S=.text    G=(none)   M=downNova ACBP=A9
 0001:000C995C 00000006 C=CODE     S=.text    G=(none)   M=WinSock  ACBP=A9
 0001:000C9964 0000082A C=CODE     S=.text    G=(none)   M=downNovaTN ACBP=A9
 0001:000CA190 000003D6 C=CODE     S=.text    G=(none)   M=downNovaMov_Embed ACBP=A9
 0001:000CA568 000005EA C=CODE     S=.text    G=(none)   M=downNovaMov ACBP=A9
 0001:000CAB54 0000073A C=CODE     S=.text    G=(none)   M=downNovinky ACBP=A9
 0001:000CB290 0000062A C=CODE     S=.text    G=(none)   M=downNRSR ACBP=A9
 0001:000CB8BC 000004E6 C=CODE     S=.text    G=(none)   M=downOckoTV ACBP=A9
 0001:000CBDA4 00000432 C=CODE     S=.text    G=(none)   M=downOKTeam ACBP=A9
 0001:000CC1D8 00000ABA C=CODE     S=.text    G=(none)   M=downOldStream ACBP=A9
 0001:000CCC94 0000051D C=CODE     S=.text    G=(none)   M=downOsobnostiCZ ACBP=A9
 0001:000CD1B4 00000792 C=CODE     S=.text    G=(none)   M=downOverStream ACBP=A9
 0001:000CD948 00000746 C=CODE     S=.text    G=(none)   M=downOwn3D_Embed ACBP=A9
 0001:000CE090 0000066E C=CODE     S=.text    G=(none)   M=downPBS  ACBP=A9
 0001:000CE700 00000666 C=CODE     S=.text    G=(none)   M=downPCPlanets ACBP=A9
 0001:000CED68 00000446 C=CODE     S=.text    G=(none)   M=downPicSpoon ACBP=A9
 0001:000CF1B0 0000071A C=CODE     S=.text    G=(none)   M=downPlayFm ACBP=A9
 0001:000CF8CC 0000087E C=CODE     S=.text    G=(none)   M=downPlaywire ACBP=A9
 0001:000D014C 00000532 C=CODE     S=.text    G=(none)   M=downPlayZone ACBP=A9
 0001:000D0680 00000591 C=CODE     S=.text    G=(none)   M=downPolarCz ACBP=A9
 0001:000D0C14 00000486 C=CODE     S=.text    G=(none)   M=downPracticalMethod ACBP=A9
 0001:000D109C 00000412 C=CODE     S=.text    G=(none)   M=downPrazdninyVTelci ACBP=A9
 0001:000D14B0 000002FE C=CODE     S=.text    G=(none)   M=downPrimaCool ACBP=A9
 0001:000D17B0 000003DA C=CODE     S=.text    G=(none)   M=downProglas ACBP=A9
 0001:000D1B8C 00000726 C=CODE     S=.text    G=(none)   M=downProstoPleer ACBP=A9
 0001:000D22B4 00000752 C=CODE     S=.text    G=(none)   M=downPublicTV ACBP=A9
 0001:000D2A08 000004E6 C=CODE     S=.text    G=(none)   M=downQipRu_Embed ACBP=A9
 0001:000D2EF0 000006EE C=CODE     S=.text    G=(none)   M=downRaajje ACBP=A9
 0001:000D35E0 000009BA C=CODE     S=.text    G=(none)   M=downRajce ACBP=A9
 0001:000D3F9C 0000045A C=CODE     S=.text    G=(none)   M=downReflex ACBP=A9
 0001:000D43F8 00000452 C=CODE     S=.text    G=(none)   M=downRevver ACBP=A9
 0001:000D484C 0000042A C=CODE     S=.text    G=(none)   M=downRingTV ACBP=A9
 0001:000D4C78 0000062E C=CODE     S=.text    G=(none)   M=downRockstarGames ACBP=A9
 0001:000D52A8 00000592 C=CODE     S=.text    G=(none)   M=downRockstarGames_IV ACBP=A9
 0001:000D583C 0000049E C=CODE     S=.text    G=(none)   M=downRozhlas ACBP=A9
 0001:000D5CDC 00000606 C=CODE     S=.text    G=(none)   M=downRTA_Embed ACBP=A9
 0001:000D62E4 000003FE C=CODE     S=.text    G=(none)   M=downRTA  ACBP=A9
 0001:000D66E4 000006C2 C=CODE     S=.text    G=(none)   M=downRtlNl ACBP=A9
 0001:000D6DA8 000012F6 C=CODE     S=.text    G=(none)   M=downRuTube ACBP=A9
 0001:000D80A0 000006A6 C=CODE     S=.text    G=(none)   M=downSchoolOfCare ACBP=A9
 0001:000D8748 0000043E C=CODE     S=.text    G=(none)   M=downSerialOnline ACBP=A9
 0001:000D8B88 00000521 C=CODE     S=.text    G=(none)   M=downSerialyCZ ACBP=A9
 0001:000D90AC 000007B6 C=CODE     S=.text    G=(none)   M=downSevenLoad ACBP=A9
 0001:000D9864 00000402 C=CODE     S=.text    G=(none)   M=downShackNews ACBP=A9
 0001:000D9C68 0000043A C=CODE     S=.text    G=(none)   M=downSibnet ACBP=A9
 0001:000DA0A4 0000055E C=CODE     S=.text    G=(none)   M=downSmeSK ACBP=A9
 0001:000DA604 00000766 C=CODE     S=.text    G=(none)   M=downSmotri ACBP=A9
 0001:000DAD6C 000003C6 C=CODE     S=.text    G=(none)   M=downSnotr ACBP=A9
 0001:000DB134 00000682 C=CODE     S=.text    G=(none)   M=downSoundCloud ACBP=A9
 0001:000DB7B8 00000856 C=CODE     S=.text    G=(none)   M=downSpike ACBP=A9
 0001:000DC010 000005EE C=CODE     S=.text    G=(none)   M=downSportStream ACBP=A9
 0001:000DC600 000003E6 C=CODE     S=.text    G=(none)   M=downStagevu ACBP=A9
 0001:000DC9E8 0000041A C=CODE     S=.text    G=(none)   M=downStastneVdovy ACBP=A9
 0001:000DCE04 00000636 C=CODE     S=.text    G=(none)   M=downSteamPowered ACBP=A9
 0001:000DD43C 000004D2 C=CODE     S=.text    G=(none)   M=downStickam ACBP=A9
 0001:000DD910 000005CE C=CODE     S=.text    G=(none)   M=downStreetFire ACBP=A9
 0001:000DDEE0 000005AE C=CODE     S=.text    G=(none)   M=downStudioPlus ACBP=A9
 0001:000DE490 000004A6 C=CODE     S=.text    G=(none)   M=downStupidVideos ACBP=A9
 0001:000DE938 0000047A C=CODE     S=.text    G=(none)   M=downTangle ACBP=A9
 0001:000DEDB4 000004C2 C=CODE     S=.text    G=(none)   M=downTeacherTube ACBP=A9
 0001:000DF278 0000087A C=CODE     S=.text    G=(none)   M=downTed  ACBP=A9
 0001:000DFAF4 00000426 C=CODE     S=.text    G=(none)   M=downThatVideoSite ACBP=A9
 0001:000DFF1C 000004C2 C=CODE     S=.text    G=(none)   M=downTMusic ACBP=A9
 0001:000E03E0 0000060A C=CODE     S=.text    G=(none)   M=downTodaysBigThing ACBP=A9
 0001:000E09EC 00000412 C=CODE     S=.text    G=(none)   M=downTontuyau ACBP=A9
 0001:000E0E00 000003B2 C=CODE     S=.text    G=(none)   M=downTopReceptyCZ ACBP=A9
 0001:000E11B4 000005A6 C=CODE     S=.text    G=(none)   M=downTotallyCrap ACBP=A9
 0001:000E175C 00000796 C=CODE     S=.text    G=(none)   M=downTV2Nord ACBP=A9
 0001:000E1EF4 00000712 C=CODE     S=.text    G=(none)   M=downTV4PlaySE ACBP=A9
 0001:000E2608 00000632 C=CODE     S=.text    G=(none)   M=downTVHNOnlineSk ACBP=A9
 0001:000E2C3C 000003F6 C=CODE     S=.text    G=(none)   M=downTVLux ACBP=A9
 0001:000E3034 000004CA C=CODE     S=.text    G=(none)   M=downTVNoe ACBP=A9
 0001:000E3500 000003AA C=CODE     S=.text    G=(none)   M=downTVNovinySk ACBP=A9
 0001:000E38AC 0000078A C=CODE     S=.text    G=(none)   M=downTVSpl ACBP=A9
 0001:000E4038 0000067E C=CODE     S=.text    G=(none)   M=downTVVysocina ACBP=A9
 0001:000E46B8 00000435 C=CODE     S=.text    G=(none)   M=downTyzdenSk ACBP=A9
 0001:000E4AF0 0000047E C=CODE     S=.text    G=(none)   M=downUlozTo ACBP=A9
 0001:000E4F70 000007EE C=CODE     S=.text    G=(none)   M=downUniMinnesota ACBP=A9
 0001:000E5760 0000080A C=CODE     S=.text    G=(none)   M=downUStream ACBP=A9
 0001:000E5F6C 00000246 C=CODE     S=.text    G=(none)   M=downVCTV ACBP=A9
 0001:000E61B4 00000616 C=CODE     S=.text    G=(none)   M=downVeeHD ACBP=A9
 0001:000E67CC 00000FBA C=CODE     S=.text    G=(none)   M=downVideaCesky ACBP=A9
 0001:000E7788 0000056E C=CODE     S=.text    G=(none)   M=downVideoAlbumyAzet ACBP=A9
 0001:000E7CF8 0000065A C=CODE     S=.text    G=(none)   M=downVideoBB ACBP=A9
 0001:000E8354 0000044A C=CODE     S=.text    G=(none)   M=downVideoClipsDump ACBP=A9
 0001:000E87A0 00000542 C=CODE     S=.text    G=(none)   M=downVideoNurKz ACBP=A9
 0001:000E8CE4 000006F6 C=CODE     S=.text    G=(none)   M=downVideoPortalSfTV ACBP=A9
 0001:000E93DC 00000672 C=CODE     S=.text    G=(none)   M=downVideu ACBP=A9
 0001:000E9A50 000004B6 C=CODE     S=.text    G=(none)   M=downViiSk ACBP=A9
 0001:000E9F08 000008CA C=CODE     S=.text    G=(none)   M=downViki ACBP=A9
 0001:000EA7D4 00000416 C=CODE     S=.text    G=(none)   M=downVineCo ACBP=A9
 0001:000EABEC 00000646 C=CODE     S=.text    G=(none)   M=downVitalMtb ACBP=A9
 0001:000EB234 00000732 C=CODE     S=.text    G=(none)   M=downVKontakteRuEmbed ACBP=A9
 0001:000EB968 0000060E C=CODE     S=.text    G=(none)   M=downWeGame ACBP=A9
 0001:000EBF78 000003B6 C=CODE     S=.text    G=(none)   M=downWimp ACBP=A9
 0001:000EC330 000003BE C=CODE     S=.text    G=(none)   M=downWordPressTV ACBP=A9
 0001:000EC6F0 00000432 C=CODE     S=.text    G=(none)   M=downWorldClub ACBP=A9
 0001:000ECB24 00000536 C=CODE     S=.text    G=(none)   M=downWrzuta ACBP=A9
 0001:000ED05C 00000392 C=CODE     S=.text    G=(none)   M=downYikers ACBP=A9
 0001:000ED3F0 00000286 C=CODE     S=.text    G=(none)   M=downYouTu_Be ACBP=A9
 0001:000ED678 000002A6 C=CODE     S=.text    G=(none)   M=downYouTubeNoCookie ACBP=A9
 0001:000ED920 00000392 C=CODE     S=.text    G=(none)   M=downZ1TV ACBP=A9
 0001:000EDCB4 0000059E C=CODE     S=.text    G=(none)   M=downZAKTV ACBP=A9
 0001:000EE254 0000058E C=CODE     S=.text    G=(none)   M=downZapiksFr ACBP=A9
 0001:000EE7E4 0000088E C=CODE     S=.text    G=(none)   M=downZDF  ACBP=A9
 0001:000EF074 00000516 C=CODE     S=.text    G=(none)   M=downZkoukniTo ACBP=A9
 0001:000EF58C 00000432 C=CODE     S=.text    G=(none)   M=downZkoukniToEmbed ACBP=A9
 0001:000EF9C0 00000486 C=CODE     S=.text    G=(none)   M=downZmozek ACBP=A9
 0001:000EFE48 00000746 C=CODE     S=.text    G=(none)   M=xxx8teenXXX ACBP=A9
 0001:000F0590 0000062E C=CODE     S=.text    G=(none)   M=xxxAdultLoop ACBP=A9
 0001:000F0BC0 00000456 C=CODE     S=.text    G=(none)   M=xxxBeeg  ACBP=A9
 0001:000F1018 00000436 C=CODE     S=.text    G=(none)   M=xxxBrazzers ACBP=A9
 0001:000F1450 000003AE C=CODE     S=.text    G=(none)   M=xxxCastingXXX ACBP=A9
 0001:000F1800 00000456 C=CODE     S=.text    G=(none)   M=xxxDachix ACBP=A9
 0001:000F1C58 000003CE C=CODE     S=.text    G=(none)   M=xxxDancingBear ACBP=A9
 0001:000F2028 0000076A C=CODE     S=.text    G=(none)   M=xxxDansMovies ACBP=A9
 0001:000F2794 000005AE C=CODE     S=.text    G=(none)   M=xxxTnaFlix ACBP=A9
 0001:000F2D44 000002F6 C=CODE     S=.text    G=(none)   M=xxxEmpFlix ACBP=A9
 0001:000F303C 000002B2 C=CODE     S=.text    G=(none)   M=xxxEmpFlix_V2 ACBP=A9
 0001:000F32F0 000003DE C=CODE     S=.text    G=(none)   M=xxxExtremeTube ACBP=A9
 0001:000F36D0 000007E6 C=CODE     S=.text    G=(none)   M=xxxXHamster ACBP=A9
 0001:000F3EB8 0000039A C=CODE     S=.text    G=(none)   M=xxxFreePornoZdarma ACBP=A9
 0001:000F4254 000003F2 C=CODE     S=.text    G=(none)   M=xxxFreeVideoCz ACBP=A9
 0001:000F4648 00000606 C=CODE     S=.text    G=(none)   M=xxxGavinXXX ACBP=A9
 0001:000F4C50 000003E6 C=CODE     S=.text    G=(none)   M=xxxGrinvi ACBP=A9
 0001:000F5038 000006EA C=CODE     S=.text    G=(none)   M=xxxHardSexTube ACBP=A9
 0001:000F5724 000003EA C=CODE     S=.text    G=(none)   M=xxxHeavyR ACBP=A9
 0001:000F5B10 000004C6 C=CODE     S=.text    G=(none)   M=xxxKeezMovies ACBP=A9
 0001:000F5FD8 0000042A C=CODE     S=.text    G=(none)   M=xxxKeezMovies_Embed ACBP=A9
 0001:000F6404 000004BE C=CODE     S=.text    G=(none)   M=xxxMachoVideo ACBP=A9
 0001:000F68C4 00000396 C=CODE     S=.text    G=(none)   M=xxxMegaPorn ACBP=A9
 0001:000F6C5C 0000045E C=CODE     S=.text    G=(none)   M=xxxMentalZero ACBP=A9
 0001:000F70BC 000004EA C=CODE     S=.text    G=(none)   M=xxxMojePornoSK ACBP=A9
 0001:000F75A8 000003DA C=CODE     S=.text    G=(none)   M=xxxMotherless ACBP=A9
 0001:000F7984 00000402 C=CODE     S=.text    G=(none)   M=xxxPornHost ACBP=A9
 0001:000F7D88 00000A72 C=CODE     S=.text    G=(none)   M=xxxPornHub ACBP=A9
 0001:000F87FC 000008F6 C=CODE     S=.text    G=(none)   M=xxxPornoTube ACBP=A9
 0001:000F90F4 0000045A C=CODE     S=.text    G=(none)   M=xxxPornoZdarma ACBP=A9
 0001:000F9550 0000097A C=CODE     S=.text    G=(none)   M=xxxPornTube ACBP=A9
 0001:000F9ECC 000005CA C=CODE     S=.text    G=(none)   M=xxxRawTube ACBP=A9
 0001:000FA498 000005D6 C=CODE     S=.text    G=(none)   M=xxxRozzlobeniMuzi ACBP=A9
 0001:000FAA70 0000050A C=CODE     S=.text    G=(none)   M=xxxRude  ACBP=A9
 0001:000FAF7C 0000041E C=CODE     S=.text    G=(none)   M=xxxSexDoma ACBP=A9
 0001:000FB39C 0000039A C=CODE     S=.text    G=(none)   M=xxxShufuni ACBP=A9
 0001:000FB738 00000472 C=CODE     S=.text    G=(none)   M=xxxSlutLoad ACBP=A9
 0001:000FBBAC 00000732 C=CODE     S=.text    G=(none)   M=xxxSpankingTube ACBP=A9
 0001:000FC2E0 000005F6 C=CODE     S=.text    G=(none)   M=xxxSpankWire ACBP=A9
 0001:000FC8D8 0000041E C=CODE     S=.text    G=(none)   M=xxxTeenMpegs ACBP=A9
 0001:000FCCF8 0000049A C=CODE     S=.text    G=(none)   M=xxxTheYNC ACBP=A9
 0001:000FD194 000009E2 C=CODE     S=.text    G=(none)   M=xxxTube8 ACBP=A9
 0001:000FDB78 000003EE C=CODE     S=.text    G=(none)   M=xxxTubeSSS ACBP=A9
 0001:000FDF68 000004CA C=CODE     S=.text    G=(none)   M=xxxXNXX  ACBP=A9
 0001:000FE434 0000090A C=CODE     S=.text    G=(none)   M=xxxXTube ACBP=A9
 0001:000FED40 00000496 C=CODE     S=.text    G=(none)   M=xxxXVideoHost ACBP=A9
 0001:000FF1D8 000005A6 C=CODE     S=.text    G=(none)   M=xxxXVideos ACBP=A9
 0001:000FF780 000003C6 C=CODE     S=.text    G=(none)   M=xxxYouJizz ACBP=A9
 0001:000FFB48 00000452 C=CODE     S=.text    G=(none)   M=xxxYouPorn ACBP=A9
 0001:000FFF9C 0000046E C=CODE     S=.text    G=(none)   M=xxxYuvutu ACBP=A9
 0001:0010040C 000006AE C=CODE     S=.text    G=(none)   M=xxxZakulisi ACBP=A9
 0001:00100ABC 00000446 C=CODE     S=.text    G=(none)   M=xxxZlutySnih ACBP=A9
 0001:00100F04 00000952 C=CODE     S=.text    G=(none)   M=xxxZvraceny ACBP=A9
 0001:00101858 0000021C C=CODE     S=.text    G=(none)   M=listTXT  ACBP=A9
 0001:00101A74 00000352 C=CODE     S=.text    G=(none)   M=listArchive ACBP=A9
 0001:00101DC8 000003B2 C=CODE     S=.text    G=(none)   M=listBing ACBP=A9
 0001:0010217C 0000066E C=CODE     S=.text    G=(none)   M=listBlipTV ACBP=A9
 0001:001027EC 0000054E C=CODE     S=.text    G=(none)   M=listGameAnyone ACBP=A9
 0001:00102D3C 00000B26 C=CODE     S=.text    G=(none)   M=listYouTube ACBP=A9
 0001:00103864 000005A6 C=CODE     S=.text    G=(none)   M=listYouTubePage ACBP=A9
 0001:00103E0C 00000DD0 C=CODE     S=.text    G=(none)   M=YTD      ACBP=A9
 0002:00000000 000000AE C=ICODE    S=.itext   G=(none)   M=System   ACBP=A9
 0002:000000B0 00000011 C=ICODE    S=.itext   G=(none)   M=Windows  ACBP=A9
 0002:000000C4 00000094 C=ICODE    S=.itext   G=(none)   M=SysUtils ACBP=A9
 0002:00000158 0000000F C=ICODE    S=.itext   G=(none)   M=VarUtils ACBP=A9
 0002:00000168 000000AA C=ICODE    S=.itext   G=(none)   M=Variants ACBP=A9
 0002:00000214 00000008 C=ICODE    S=.itext   G=(none)   M=TypInfo  ACBP=A9
 0002:0000021C 00000092 C=ICODE    S=.itext   G=(none)   M=Classes  ACBP=A9
 0002:000002B0 00000298 C=ICODE    S=.itext   G=(none)   M=gnugettext ACBP=A9
 0002:00000548 00000030 C=ICODE    S=.itext   G=(none)   M=uLanguages ACBP=A9
 0002:00000578 00000008 C=ICODE    S=.itext   G=(none)   M=uSetup   ACBP=A9
 0002:00000580 00000024 C=ICODE    S=.itext   G=(none)   M=uApiForm ACBP=A9
 0002:000005A4 00000008 C=ICODE    S=.itext   G=(none)   M=uMessages ACBP=A9
 0002:000005AC 0000000F C=ICODE    S=.itext   G=(none)   M=SyncObjs ACBP=A9
 0002:000005BC 0000002F C=ICODE    S=.itext   G=(none)   M=synsock  ACBP=A9
 0002:000005EC 00000074 C=ICODE    S=.itext   G=(none)   M=synautil ACBP=A9
 0002:00000660 000000E8 C=ICODE    S=.itext   G=(none)   M=blcksock ACBP=A9
 0002:00000748 00000008 C=ICODE    S=.itext   G=(none)   M=NativeXml ACBP=A9
 0002:00000750 00000055 C=ICODE    S=.itext   G=(none)   M=ComObj   ACBP=A9
 0002:000007A8 00000008 C=ICODE    S=.itext   G=(none)   M=uFunctions ACBP=A9
 0002:000007B0 00000014 C=ICODE    S=.itext   G=(none)   M=uSystem  ACBP=A9
 0002:000007C4 00000008 C=ICODE    S=.itext   G=(none)   M=uOptions ACBP=A9
 0002:000007CC 00000008 C=ICODE    S=.itext   G=(none)   M=uCommonDownloader ACBP=A9
 0002:000007D4 0000001B C=ICODE    S=.itext   G=(none)   M=uDownloader ACBP=A9
 0002:000007F0 00000014 C=ICODE    S=.itext   G=(none)   M=guiConsts ACBP=A9
 0002:00000804 0000000F C=ICODE    S=.itext   G=(none)   M=guiSetupWINAPI ACBP=A9
 0002:00000814 000000C8 C=ICODE    S=.itext   G=(none)   M=uConsoleApp ACBP=A9
 0002:000008DC 00000008 C=ICODE    S=.itext   G=(none)   M=uUpgrade ACBP=A9
 0002:000008E4 0000003D C=ICODE    S=.itext   G=(none)   M=uDownloadClassifier ACBP=A9
 0002:00000924 00000008 C=ICODE    S=.itext   G=(none)   M=uHttp    ACBP=A9
 0002:0000092C 0000001B C=ICODE    S=.itext   G=(none)   M=ssl_openssl_lib ACBP=A9
 0002:00000948 00000020 C=ICODE    S=.itext   G=(none)   M=ssl_openssl ACBP=A9
 0002:00000968 00000018 C=ICODE    S=.itext   G=(none)   M=rtmpdump_dll ACBP=A9
 0002:00000980 00000008 C=ICODE    S=.itext   G=(none)   M=uRtmpDownloader ACBP=A9
 0002:00000988 00000014 C=ICODE    S=.itext   G=(none)   M=uRtmpDirectDownloader ACBP=A9
 0002:0000099C 00000018 C=ICODE    S=.itext   G=(none)   M=msdl_dll ACBP=A9
 0002:000009B4 00000014 C=ICODE    S=.itext   G=(none)   M=uMSDirectDownloader ACBP=A9
 0002:000009C8 0000001B C=ICODE    S=.itext   G=(none)   M=uScriptedDownloader ACBP=A9
 0002:000009E4 00000008 C=ICODE    S=.itext   G=(none)   M=guiFunctions ACBP=A9
 0002:000009EC 00000008 C=ICODE    S=.itext   G=(none)   M=guiOptions ACBP=A9
 0002:000009F4 0000000F C=ICODE    S=.itext   G=(none)   M=guiAboutWINAPI ACBP=A9
 0002:00000A04 0000000F C=ICODE    S=.itext   G=(none)   M=guiConverterWINAPI ACBP=A9
 0002:00000A14 0000000F C=ICODE    S=.itext   G=(none)   M=guiOptionsWINAPI_Downloads ACBP=A9
 0002:00000A24 0000000F C=ICODE    S=.itext   G=(none)   M=guiOptionsWINAPI_Main ACBP=A9
 0002:00000A34 0000000F C=ICODE    S=.itext   G=(none)   M=guiOptionsWINAPI_Network ACBP=A9
 0002:00000A44 0000000F C=ICODE    S=.itext   G=(none)   M=guiOptionsWINAPI_Downloaders ACBP=A9
 0002:00000A54 0000000F C=ICODE    S=.itext   G=(none)   M=guiOptionsWINAPI ACBP=A9
 0002:00000A64 00000048 C=ICODE    S=.itext   G=(none)   M=guiMainWINAPI ACBP=A9
 0002:00000AAC 00000008 C=ICODE    S=.itext   G=(none)   M=uMain    ACBP=A9
 0002:00000AB4 00000014 C=ICODE    S=.itext   G=(none)   M=downCT   ACBP=A9
 0002:00000AC8 00000014 C=ICODE    S=.itext   G=(none)   M=downEuroSeptik ACBP=A9
 0002:00000ADC 00000014 C=ICODE    S=.itext   G=(none)   M=downJoj  ACBP=A9
 0002:00000AF0 00000014 C=ICODE    S=.itext   G=(none)   M=uCrypto  ACBP=A9
 0002:00000B04 00000008 C=ICODE    S=.itext   G=(none)   M=downVoyo ACBP=A9
 0002:00000B0C 00000014 C=ICODE    S=.itext   G=(none)   M=downYouTube ACBP=A9
 0002:00000B20 00000014 C=ICODE    S=.itext   G=(none)   M=downPrahovaHD ACBP=A9
 0002:00000B34 00000014 C=ICODE    S=.itext   G=(none)   M=down1hdRo ACBP=A9
 0002:00000B48 00000014 C=ICODE    S=.itext   G=(none)   M=down3NewsCoNz ACBP=A9
 0002:00000B5C 00000014 C=ICODE    S=.itext   G=(none)   M=down4TV  ACBP=A9
 0002:00000B70 00000014 C=ICODE    S=.itext   G=(none)   M=down5min ACBP=A9
 0002:00000B84 00000014 C=ICODE    S=.itext   G=(none)   M=downAcademicEarth ACBP=A9
 0002:00000B98 00000014 C=ICODE    S=.itext   G=(none)   M=downAgresori ACBP=A9
 0002:00000BAC 00000014 C=ICODE    S=.itext   G=(none)   M=downAlternativaTV ACBP=A9
 0002:00000BC0 00000014 C=ICODE    S=.itext   G=(none)   M=downAncensored ACBP=A9
 0002:00000BD4 00000014 C=ICODE    S=.itext   G=(none)   M=downAngryAlien ACBP=A9
 0002:00000BE8 00000014 C=ICODE    S=.itext   G=(none)   M=downAnimacekTv ACBP=A9
 0002:00000BFC 00000014 C=ICODE    S=.itext   G=(none)   M=downArchive ACBP=A9
 0002:00000C10 00000014 C=ICODE    S=.itext   G=(none)   M=downAutoTube ACBP=A9
 0002:00000C24 00000014 C=ICODE    S=.itext   G=(none)   M=downAzetSk ACBP=A9
 0002:00000C38 00000014 C=ICODE    S=.itext   G=(none)   M=downBahnorama ACBP=A9
 0002:00000C4C 00000014 C=ICODE    S=.itext   G=(none)   M=downBandZone ACBP=A9
 0002:00000C60 00000014 C=ICODE    S=.itext   G=(none)   M=downBarrandovTV ACBP=A9
 0002:00000C74 00000014 C=ICODE    S=.itext   G=(none)   M=downBBCNews ACBP=A9
 0002:00000C88 00000014 C=ICODE    S=.itext   G=(none)   M=downBlennus ACBP=A9
 0002:00000C9C 00000014 C=ICODE    S=.itext   G=(none)   M=downBlipTv_Embed ACBP=A9
 0002:00000CB0 00000014 C=ICODE    S=.itext   G=(none)   M=downBlipTv ACBP=A9
 0002:00000CC4 00000014 C=ICODE    S=.itext   G=(none)   M=downBMovies ACBP=A9
 0002:00000CD8 00000014 C=ICODE    S=.itext   G=(none)   M=downBofunk ACBP=A9
 0002:00000CEC 00000014 C=ICODE    S=.itext   G=(none)   M=downBolt ACBP=A9
 0002:00000D00 00000014 C=ICODE    S=.itext   G=(none)   M=downBomba ACBP=A9
 0002:00000D14 00000014 C=ICODE    S=.itext   G=(none)   M=downBreak ACBP=A9
 0002:00000D28 00000014 C=ICODE    S=.itext   G=(none)   M=downBreakEmbed ACBP=A9
 0002:00000D3C 00000014 C=ICODE    S=.itext   G=(none)   M=downBreakEmbedV2 ACBP=A9
 0002:00000D50 00000014 C=ICODE    S=.itext   G=(none)   M=downBritishPathe ACBP=A9
 0002:00000D64 00000014 C=ICODE    S=.itext   G=(none)   M=downBTVCz ACBP=A9
 0002:00000D78 00000014 C=ICODE    S=.itext   G=(none)   M=downCasSk ACBP=A9
 0002:00000D8C 00000014 C=ICODE    S=.itext   G=(none)   M=downCekniTo ACBP=A9
 0002:00000DA0 00000014 C=ICODE    S=.itext   G=(none)   M=downCeskeDrahy ACBP=A9
 0002:00000DB4 00000014 C=ICODE    S=.itext   G=(none)   M=downCesnet ACBP=A9
 0002:00000DC8 00000014 C=ICODE    S=.itext   G=(none)   M=downCKKlic ACBP=A9
 0002:00000DDC 00000014 C=ICODE    S=.itext   G=(none)   M=downClevver ACBP=A9
 0002:00000DF0 00000014 C=ICODE    S=.itext   G=(none)   M=downClipfish ACBP=A9
 0002:00000E04 00000014 C=ICODE    S=.itext   G=(none)   M=downClipFishV2 ACBP=A9
 0002:00000E18 00000014 C=ICODE    S=.itext   G=(none)   M=downCNBC ACBP=A9
 0002:00000E2C 00000014 C=ICODE    S=.itext   G=(none)   M=downCollegeHumor ACBP=A9
 0002:00000E40 00000014 C=ICODE    S=.itext   G=(none)   M=downCriticalPast ACBP=A9
 0002:00000E54 00000014 C=ICODE    S=.itext   G=(none)   M=downCurrent ACBP=A9
 0002:00000E68 00000014 C=ICODE    S=.itext   G=(none)   M=downDailyHaha ACBP=A9
 0002:00000E7C 00000014 C=ICODE    S=.itext   G=(none)   M=downDailyMotion ACBP=A9
 0002:00000E90 00000014 C=ICODE    S=.itext   G=(none)   M=downDeutscheBahn ACBP=A9
 0002:00000EA4 00000014 C=ICODE    S=.itext   G=(none)   M=downDenik ACBP=A9
 0002:00000EB8 00000014 C=ICODE    S=.itext   G=(none)   M=downDevilDucky ACBP=A9
 0002:00000ECC 00000014 C=ICODE    S=.itext   G=(none)   M=downDokumentarniTV ACBP=A9
 0002:00000EE0 00000014 C=ICODE    S=.itext   G=(none)   M=downDotSub ACBP=A9
 0002:00000EF4 00000014 C=ICODE    S=.itext   G=(none)   M=downDoubleAgent ACBP=A9
 0002:00000F08 00000014 C=ICODE    S=.itext   G=(none)   M=downDrsnySvet ACBP=A9
 0002:00000F1C 00000014 C=ICODE    S=.itext   G=(none)   M=downDUB  ACBP=A9
 0002:00000F30 00000014 C=ICODE    S=.itext   G=(none)   M=downEbaumsWorld ACBP=A9
 0002:00000F44 00000014 C=ICODE    S=.itext   G=(none)   M=downEHow ACBP=A9
 0002:00000F58 00000014 C=ICODE    S=.itext   G=(none)   M=downEKucharkaNet ACBP=A9
 0002:00000F6C 00000014 C=ICODE    S=.itext   G=(none)   M=downESPN ACBP=A9
 0002:00000F80 00000014 C=ICODE    S=.itext   G=(none)   M=downEuroGamer ACBP=A9
 0002:00000F94 00000014 C=ICODE    S=.itext   G=(none)   M=downEVTV1 ACBP=A9
 0002:00000FA8 00000014 C=ICODE    S=.itext   G=(none)   M=downEyeneer ACBP=A9
 0002:00000FBC 00000014 C=ICODE    S=.itext   G=(none)   M=downFileCabi ACBP=A9
 0002:00000FD0 00000014 C=ICODE    S=.itext   G=(none)   M=downFishki ACBP=A9
 0002:00000FE4 00000014 C=ICODE    S=.itext   G=(none)   M=downFlickr ACBP=A9
 0002:00000FF8 00000014 C=ICODE    S=.itext   G=(none)   M=downFreeCaster ACBP=A9
 0002:0000100C 00000014 C=ICODE    S=.itext   G=(none)   M=downFreeSk ACBP=A9
 0002:00001020 00000014 C=ICODE    S=.itext   G=(none)   M=downFreeRide ACBP=A9
 0002:00001034 00000014 C=ICODE    S=.itext   G=(none)   M=downFreeVideoRu ACBP=A9
 0002:00001048 00000014 C=ICODE    S=.itext   G=(none)   M=downFunnyOrDie ACBP=A9
 0002:0000105C 00000014 C=ICODE    S=.itext   G=(none)   M=downG4TV ACBP=A9
 0002:00001070 00000014 C=ICODE    S=.itext   G=(none)   M=downGameAnyone ACBP=A9
 0002:00001084 00000014 C=ICODE    S=.itext   G=(none)   M=downGamePark ACBP=A9
 0002:00001098 00000014 C=ICODE    S=.itext   G=(none)   M=downGameZone ACBP=A9
 0002:000010AC 00000014 C=ICODE    S=.itext   G=(none)   M=downGamesTiscaliCz ACBP=A9
 0002:000010C0 00000014 C=ICODE    S=.itext   G=(none)   M=downGodTube ACBP=A9
 0002:000010D4 00000014 C=ICODE    S=.itext   G=(none)   M=downGoogleVideo_Embed ACBP=A9
 0002:000010E8 00000014 C=ICODE    S=.itext   G=(none)   M=downGoogleVideo ACBP=A9
 0002:000010FC 00000014 C=ICODE    S=.itext   G=(none)   M=downGordonUraCz ACBP=A9
 0002:00001110 00000014 C=ICODE    S=.itext   G=(none)   M=downGuba ACBP=A9
 0002:00001124 00000014 C=ICODE    S=.itext   G=(none)   M=downGrindTV ACBP=A9
 0002:00001138 00000014 C=ICODE    S=.itext   G=(none)   M=downHasici150 ACBP=A9
 0002:0000114C 00000014 C=ICODE    S=.itext   G=(none)   M=downHejbejSe ACBP=A9
 0002:00001160 00000014 C=ICODE    S=.itext   G=(none)   M=downHellTV ACBP=A9
 0002:00001174 00000014 C=ICODE    S=.itext   G=(none)   M=downHokejCbCz ACBP=A9
 0002:00001188 00000014 C=ICODE    S=.itext   G=(none)   M=downHokejCz ACBP=A9
 0002:0000119C 00000014 C=ICODE    S=.itext   G=(none)   M=downHrej ACBP=A9
 0002:000011B0 00000014 C=ICODE    S=.itext   G=(none)   M=downiConcerts ACBP=A9
 0002:000011C4 00000014 C=ICODE    S=.itext   G=(none)   M=downIDnes_Embed ACBP=A9
 0002:000011D8 00000014 C=ICODE    S=.itext   G=(none)   M=downIDnes ACBP=A9
 0002:000011EC 00000014 C=ICODE    S=.itext   G=(none)   M=downIHned ACBP=A9
 0002:00001200 00000014 C=ICODE    S=.itext   G=(none)   M=downILikeBike ACBP=A9
 0002:00001214 00000014 C=ICODE    S=.itext   G=(none)   M=downStream ACBP=A9
 0002:00001228 00000014 C=ICODE    S=.itext   G=(none)   M=downIPrima ACBP=A9
 0002:0000123C 00000014 C=ICODE    S=.itext   G=(none)   M=downiPrima_ShowJanaKrause ACBP=A9
 0002:00001250 00000014 C=ICODE    S=.itext   G=(none)   M=downiViewTube ACBP=A9
 0002:00001264 00000014 C=ICODE    S=.itext   G=(none)   M=downJenProZeny ACBP=A9
 0002:00001278 00000014 C=ICODE    S=.itext   G=(none)   M=downKanalTurk ACBP=A9
 0002:0000128C 00000014 C=ICODE    S=.itext   G=(none)   M=downKinobox ACBP=A9
 0002:000012A0 00000014 C=ICODE    S=.itext   G=(none)   M=downKiwi ACBP=A9
 0002:000012B4 00000014 C=ICODE    S=.itext   G=(none)   M=downKontraband ACBP=A9
 0002:000012C8 00000014 C=ICODE    S=.itext   G=(none)   M=downKoukni ACBP=A9
 0002:000012DC 00000014 C=ICODE    S=.itext   G=(none)   M=downKukaj ACBP=A9
 0002:000012F0 00000014 C=ICODE    S=.itext   G=(none)   M=downLaola1 ACBP=A9
 0002:00001304 00000014 C=ICODE    S=.itext   G=(none)   M=downLenkaFilipova ACBP=A9
 0002:00001318 00000014 C=ICODE    S=.itext   G=(none)   M=downLevelTV ACBP=A9
 0002:0000132C 00000014 C=ICODE    S=.itext   G=(none)   M=downLibimSeTi ACBP=A9
 0002:00001340 00000014 C=ICODE    S=.itext   G=(none)   M=downLiveLeak ACBP=A9
 0002:00001354 00000014 C=ICODE    S=.itext   G=(none)   M=downLiveLeakEmbedded ACBP=A9
 0002:00001368 00000014 C=ICODE    S=.itext   G=(none)   M=downLiveVideo ACBP=A9
 0002:0000137C 00000014 C=ICODE    S=.itext   G=(none)   M=downLoupak ACBP=A9
 0002:00001390 00000014 C=ICODE    S=.itext   G=(none)   M=downMarkiza ACBP=A9
 0002:000013A4 00000014 C=ICODE    S=.itext   G=(none)   M=downMarkizaParticka ACBP=A9
 0002:000013B8 00000014 C=ICODE    S=.itext   G=(none)   M=downMatrix2001 ACBP=A9
 0002:000013CC 00000014 C=ICODE    S=.itext   G=(none)   M=downMediaSport ACBP=A9
 0002:000013E0 00000014 C=ICODE    S=.itext   G=(none)   M=downMegaVideo ACBP=A9
 0002:000013F4 00000014 C=ICODE    S=.itext   G=(none)   M=downMegaVideo_Embed ACBP=A9
 0002:00001408 00000014 C=ICODE    S=.itext   G=(none)   M=downMetaCafe ACBP=A9
 0002:0000141C 00000014 C=ICODE    S=.itext   G=(none)   M=downMetooCz ACBP=A9
 0002:00001430 00000014 C=ICODE    S=.itext   G=(none)   M=downMetooSk ACBP=A9
 0002:00001444 00000014 C=ICODE    S=.itext   G=(none)   M=downMetropolCZ ACBP=A9
 0002:00001458 00000014 C=ICODE    S=.itext   G=(none)   M=downMetropolCZ_Zpravy ACBP=A9
 0002:0000146C 00000014 C=ICODE    S=.itext   G=(none)   M=downMetropolTV ACBP=A9
 0002:00001480 00000014 C=ICODE    S=.itext   G=(none)   M=downMetroProjekt ACBP=A9
 0002:00001494 00000014 C=ICODE    S=.itext   G=(none)   M=downMojeTelevize ACBP=A9
 0002:000014A8 00000014 C=ICODE    S=.itext   G=(none)   M=downMojeVideo ACBP=A9
 0002:000014BC 00000014 C=ICODE    S=.itext   G=(none)   M=downMojeVideoSk ACBP=A9
 0002:000014D0 00000014 C=ICODE    S=.itext   G=(none)   M=downMovtex ACBP=A9
 0002:000014E4 00000014 C=ICODE    S=.itext   G=(none)   M=downMpora ACBP=A9
 0002:000014F8 00000014 C=ICODE    S=.itext   G=(none)   M=downMTVEmbed ACBP=A9
 0002:0000150C 00000014 C=ICODE    S=.itext   G=(none)   M=downMTV  ACBP=A9
 0002:00001520 00000014 C=ICODE    S=.itext   G=(none)   M=downMULitvinov ACBP=A9
 0002:00001534 00000014 C=ICODE    S=.itext   G=(none)   M=downMultimediaVseCz ACBP=A9
 0002:00001548 00000014 C=ICODE    S=.itext   G=(none)   M=downMustWatch ACBP=A9
 0002:0000155C 00000014 C=ICODE    S=.itext   G=(none)   M=downMuvi ACBP=A9
 0002:00001570 00000014 C=ICODE    S=.itext   G=(none)   M=downMuzu ACBP=A9
 0002:00001584 00000014 C=ICODE    S=.itext   G=(none)   M=downMySpace ACBP=A9
 0002:00001598 00000014 C=ICODE    S=.itext   G=(none)   M=downMyubo ACBP=A9
 0002:000015AC 00000014 C=ICODE    S=.itext   G=(none)   M=downMyvi_Embed ACBP=A9
 0002:000015C0 00000014 C=ICODE    S=.itext   G=(none)   M=downMyvi ACBP=A9
 0002:000015D4 00000014 C=ICODE    S=.itext   G=(none)   M=downNaHnoji ACBP=A9
 0002:000015E8 00000014 C=ICODE    S=.itext   G=(none)   M=downNaStojaka ACBP=A9
 0002:000015FC 00000014 C=ICODE    S=.itext   G=(none)   M=downNBC  ACBP=A9
 0002:00001610 00000014 C=ICODE    S=.itext   G=(none)   M=downNebickoVPapulke ACBP=A9
 0002:00001624 00000014 C=ICODE    S=.itext   G=(none)   M=downNHL  ACBP=A9
 0002:00001638 00000014 C=ICODE    S=.itext   G=(none)   M=downNJoy ACBP=A9
 0002:0000164C 00000014 C=ICODE    S=.itext   G=(none)   M=downNothingToxic ACBP=A9
 0002:00001660 00000014 C=ICODE    S=.itext   G=(none)   M=downNova ACBP=A9
 0002:00001674 00000014 C=ICODE    S=.itext   G=(none)   M=downNovaTN ACBP=A9
 0002:00001688 00000014 C=ICODE    S=.itext   G=(none)   M=downNovaMov_Embed ACBP=A9
 0002:0000169C 00000014 C=ICODE    S=.itext   G=(none)   M=downNovaMov ACBP=A9
 0002:000016B0 00000014 C=ICODE    S=.itext   G=(none)   M=downNovinky ACBP=A9
 0002:000016C4 00000014 C=ICODE    S=.itext   G=(none)   M=downNRSR ACBP=A9
 0002:000016D8 00000014 C=ICODE    S=.itext   G=(none)   M=downOckoTV ACBP=A9
 0002:000016EC 00000014 C=ICODE    S=.itext   G=(none)   M=downOKTeam ACBP=A9
 0002:00001700 0000001E C=ICODE    S=.itext   G=(none)   M=downOldStream ACBP=A9
 0002:00001720 00000014 C=ICODE    S=.itext   G=(none)   M=downOsobnostiCZ ACBP=A9
 0002:00001734 00000014 C=ICODE    S=.itext   G=(none)   M=downOverStream ACBP=A9
 0002:00001748 00000014 C=ICODE    S=.itext   G=(none)   M=downOwn3D_Embed ACBP=A9
 0002:0000175C 00000014 C=ICODE    S=.itext   G=(none)   M=downPBS  ACBP=A9
 0002:00001770 00000014 C=ICODE    S=.itext   G=(none)   M=downPCPlanets ACBP=A9
 0002:00001784 00000014 C=ICODE    S=.itext   G=(none)   M=downPicSpoon ACBP=A9
 0002:00001798 00000014 C=ICODE    S=.itext   G=(none)   M=downPlayFm ACBP=A9
 0002:000017AC 00000014 C=ICODE    S=.itext   G=(none)   M=downPlaywire ACBP=A9
 0002:000017C0 00000014 C=ICODE    S=.itext   G=(none)   M=downPlayZone ACBP=A9
 0002:000017D4 00000014 C=ICODE    S=.itext   G=(none)   M=downPolarCz ACBP=A9
 0002:000017E8 00000014 C=ICODE    S=.itext   G=(none)   M=downPracticalMethod ACBP=A9
 0002:000017FC 00000014 C=ICODE    S=.itext   G=(none)   M=downPrazdninyVTelci ACBP=A9
 0002:00001810 00000014 C=ICODE    S=.itext   G=(none)   M=downPrimaCool ACBP=A9
 0002:00001824 00000014 C=ICODE    S=.itext   G=(none)   M=downProglas ACBP=A9
 0002:00001838 00000014 C=ICODE    S=.itext   G=(none)   M=downProstoPleer ACBP=A9
 0002:0000184C 00000014 C=ICODE    S=.itext   G=(none)   M=downPublicTV ACBP=A9
 0002:00001860 00000014 C=ICODE    S=.itext   G=(none)   M=downQipRu_Embed ACBP=A9
 0002:00001874 00000014 C=ICODE    S=.itext   G=(none)   M=downRaajje ACBP=A9
 0002:00001888 00000014 C=ICODE    S=.itext   G=(none)   M=downRajce ACBP=A9
 0002:0000189C 00000014 C=ICODE    S=.itext   G=(none)   M=downReflex ACBP=A9
 0002:000018B0 00000014 C=ICODE    S=.itext   G=(none)   M=downRevver ACBP=A9
 0002:000018C4 00000014 C=ICODE    S=.itext   G=(none)   M=downRingTV ACBP=A9
 0002:000018D8 00000014 C=ICODE    S=.itext   G=(none)   M=downRockstarGames ACBP=A9
 0002:000018EC 00000014 C=ICODE    S=.itext   G=(none)   M=downRockstarGames_IV ACBP=A9
 0002:00001900 00000014 C=ICODE    S=.itext   G=(none)   M=downRozhlas ACBP=A9
 0002:00001914 00000014 C=ICODE    S=.itext   G=(none)   M=downRTA_Embed ACBP=A9
 0002:00001928 00000014 C=ICODE    S=.itext   G=(none)   M=downRTA  ACBP=A9
 0002:0000193C 00000014 C=ICODE    S=.itext   G=(none)   M=downRtlNl ACBP=A9
 0002:00001950 00000014 C=ICODE    S=.itext   G=(none)   M=downRuTube ACBP=A9
 0002:00001964 00000014 C=ICODE    S=.itext   G=(none)   M=downSchoolOfCare ACBP=A9
 0002:00001978 00000014 C=ICODE    S=.itext   G=(none)   M=downSerialOnline ACBP=A9
 0002:0000198C 00000014 C=ICODE    S=.itext   G=(none)   M=downSerialyCZ ACBP=A9
 0002:000019A0 00000014 C=ICODE    S=.itext   G=(none)   M=downSevenLoad ACBP=A9
 0002:000019B4 00000014 C=ICODE    S=.itext   G=(none)   M=downShackNews ACBP=A9
 0002:000019C8 00000014 C=ICODE    S=.itext   G=(none)   M=downSibnet ACBP=A9
 0002:000019DC 00000014 C=ICODE    S=.itext   G=(none)   M=downSmeSK ACBP=A9
 0002:000019F0 00000014 C=ICODE    S=.itext   G=(none)   M=downSmotri ACBP=A9
 0002:00001A04 00000014 C=ICODE    S=.itext   G=(none)   M=downSnotr ACBP=A9
 0002:00001A18 00000014 C=ICODE    S=.itext   G=(none)   M=downSoundCloud ACBP=A9
 0002:00001A2C 00000014 C=ICODE    S=.itext   G=(none)   M=downSpike ACBP=A9
 0002:00001A40 00000014 C=ICODE    S=.itext   G=(none)   M=downSportStream ACBP=A9
 0002:00001A54 00000014 C=ICODE    S=.itext   G=(none)   M=downStagevu ACBP=A9
 0002:00001A68 00000014 C=ICODE    S=.itext   G=(none)   M=downStastneVdovy ACBP=A9
 0002:00001A7C 00000014 C=ICODE    S=.itext   G=(none)   M=downSteamPowered ACBP=A9
 0002:00001A90 00000014 C=ICODE    S=.itext   G=(none)   M=downStickam ACBP=A9
 0002:00001AA4 00000014 C=ICODE    S=.itext   G=(none)   M=downStreetFire ACBP=A9
 0002:00001AB8 00000014 C=ICODE    S=.itext   G=(none)   M=downStudioPlus ACBP=A9
 0002:00001ACC 00000014 C=ICODE    S=.itext   G=(none)   M=downStupidVideos ACBP=A9
 0002:00001AE0 00000014 C=ICODE    S=.itext   G=(none)   M=downTangle ACBP=A9
 0002:00001AF4 00000014 C=ICODE    S=.itext   G=(none)   M=downTeacherTube ACBP=A9
 0002:00001B08 00000014 C=ICODE    S=.itext   G=(none)   M=downTed  ACBP=A9
 0002:00001B1C 00000014 C=ICODE    S=.itext   G=(none)   M=downThatVideoSite ACBP=A9
 0002:00001B30 00000014 C=ICODE    S=.itext   G=(none)   M=downTMusic ACBP=A9
 0002:00001B44 00000014 C=ICODE    S=.itext   G=(none)   M=downTodaysBigThing ACBP=A9
 0002:00001B58 00000014 C=ICODE    S=.itext   G=(none)   M=downTontuyau ACBP=A9
 0002:00001B6C 00000014 C=ICODE    S=.itext   G=(none)   M=downTopReceptyCZ ACBP=A9
 0002:00001B80 00000014 C=ICODE    S=.itext   G=(none)   M=downTotallyCrap ACBP=A9
 0002:00001B94 00000014 C=ICODE    S=.itext   G=(none)   M=downTV2Nord ACBP=A9
 0002:00001BA8 00000014 C=ICODE    S=.itext   G=(none)   M=downTV4PlaySE ACBP=A9
 0002:00001BBC 00000014 C=ICODE    S=.itext   G=(none)   M=downTVHNOnlineSk ACBP=A9
 0002:00001BD0 00000014 C=ICODE    S=.itext   G=(none)   M=downTVLux ACBP=A9
 0002:00001BE4 00000014 C=ICODE    S=.itext   G=(none)   M=downTVNoe ACBP=A9
 0002:00001BF8 00000014 C=ICODE    S=.itext   G=(none)   M=downTVNovinySk ACBP=A9
 0002:00001C0C 00000014 C=ICODE    S=.itext   G=(none)   M=downTVSpl ACBP=A9
 0002:00001C20 00000014 C=ICODE    S=.itext   G=(none)   M=downTVVysocina ACBP=A9
 0002:00001C34 00000014 C=ICODE    S=.itext   G=(none)   M=downTyzdenSk ACBP=A9
 0002:00001C48 00000014 C=ICODE    S=.itext   G=(none)   M=downUlozTo ACBP=A9
 0002:00001C5C 00000014 C=ICODE    S=.itext   G=(none)   M=downUniMinnesota ACBP=A9
 0002:00001C70 00000014 C=ICODE    S=.itext   G=(none)   M=downUStream ACBP=A9
 0002:00001C84 00000014 C=ICODE    S=.itext   G=(none)   M=downVCTV ACBP=A9
 0002:00001C98 00000014 C=ICODE    S=.itext   G=(none)   M=downVeeHD ACBP=A9
 0002:00001CAC 00000014 C=ICODE    S=.itext   G=(none)   M=downVideaCesky ACBP=A9
 0002:00001CC0 00000014 C=ICODE    S=.itext   G=(none)   M=downVideoAlbumyAzet ACBP=A9
 0002:00001CD4 00000014 C=ICODE    S=.itext   G=(none)   M=downVideoBB ACBP=A9
 0002:00001CE8 00000014 C=ICODE    S=.itext   G=(none)   M=downVideoClipsDump ACBP=A9
 0002:00001CFC 00000014 C=ICODE    S=.itext   G=(none)   M=downVideoNurKz ACBP=A9
 0002:00001D10 00000014 C=ICODE    S=.itext   G=(none)   M=downVideoPortalSfTV ACBP=A9
 0002:00001D24 00000014 C=ICODE    S=.itext   G=(none)   M=downVideu ACBP=A9
 0002:00001D38 00000014 C=ICODE    S=.itext   G=(none)   M=downViiSk ACBP=A9
 0002:00001D4C 00000014 C=ICODE    S=.itext   G=(none)   M=downViki ACBP=A9
 0002:00001D60 00000014 C=ICODE    S=.itext   G=(none)   M=downVineCo ACBP=A9
 0002:00001D74 00000014 C=ICODE    S=.itext   G=(none)   M=downVitalMtb ACBP=A9
 0002:00001D88 00000014 C=ICODE    S=.itext   G=(none)   M=downVKontakteRuEmbed ACBP=A9
 0002:00001D9C 00000014 C=ICODE    S=.itext   G=(none)   M=downWeGame ACBP=A9
 0002:00001DB0 00000014 C=ICODE    S=.itext   G=(none)   M=downWimp ACBP=A9
 0002:00001DC4 00000014 C=ICODE    S=.itext   G=(none)   M=downWordPressTV ACBP=A9
 0002:00001DD8 00000014 C=ICODE    S=.itext   G=(none)   M=downWorldClub ACBP=A9
 0002:00001DEC 00000014 C=ICODE    S=.itext   G=(none)   M=downWrzuta ACBP=A9
 0002:00001E00 00000014 C=ICODE    S=.itext   G=(none)   M=downYikers ACBP=A9
 0002:00001E14 00000014 C=ICODE    S=.itext   G=(none)   M=downYouTu_Be ACBP=A9
 0002:00001E28 00000014 C=ICODE    S=.itext   G=(none)   M=downYouTubeNoCookie ACBP=A9
 0002:00001E3C 00000014 C=ICODE    S=.itext   G=(none)   M=downZ1TV ACBP=A9
 0002:00001E50 00000014 C=ICODE    S=.itext   G=(none)   M=downZAKTV ACBP=A9
 0002:00001E64 00000014 C=ICODE    S=.itext   G=(none)   M=downZapiksFr ACBP=A9
 0002:00001E78 00000014 C=ICODE    S=.itext   G=(none)   M=downZDF  ACBP=A9
 0002:00001E8C 00000014 C=ICODE    S=.itext   G=(none)   M=downZkoukniTo ACBP=A9
 0002:00001EA0 00000014 C=ICODE    S=.itext   G=(none)   M=downZkoukniToEmbed ACBP=A9
 0002:00001EB4 00000014 C=ICODE    S=.itext   G=(none)   M=downZmozek ACBP=A9
 0002:00001EC8 00000014 C=ICODE    S=.itext   G=(none)   M=xxx8teenXXX ACBP=A9
 0002:00001EDC 00000014 C=ICODE    S=.itext   G=(none)   M=xxxAdultLoop ACBP=A9
 0002:00001EF0 00000014 C=ICODE    S=.itext   G=(none)   M=xxxBeeg  ACBP=A9
 0002:00001F04 00000014 C=ICODE    S=.itext   G=(none)   M=xxxBrazzers ACBP=A9
 0002:00001F18 00000014 C=ICODE    S=.itext   G=(none)   M=xxxCastingXXX ACBP=A9
 0002:00001F2C 00000014 C=ICODE    S=.itext   G=(none)   M=xxxDachix ACBP=A9
 0002:00001F40 00000014 C=ICODE    S=.itext   G=(none)   M=xxxDancingBear ACBP=A9
 0002:00001F54 00000014 C=ICODE    S=.itext   G=(none)   M=xxxDansMovies ACBP=A9
 0002:00001F68 00000014 C=ICODE    S=.itext   G=(none)   M=xxxTnaFlix ACBP=A9
 0002:00001F7C 00000014 C=ICODE    S=.itext   G=(none)   M=xxxEmpFlix ACBP=A9
 0002:00001F90 00000014 C=ICODE    S=.itext   G=(none)   M=xxxEmpFlix_V2 ACBP=A9
 0002:00001FA4 00000014 C=ICODE    S=.itext   G=(none)   M=xxxExtremeTube ACBP=A9
 0002:00001FB8 00000014 C=ICODE    S=.itext   G=(none)   M=xxxXHamster ACBP=A9
 0002:00001FCC 00000014 C=ICODE    S=.itext   G=(none)   M=xxxFreePornoZdarma ACBP=A9
 0002:00001FE0 00000014 C=ICODE    S=.itext   G=(none)   M=xxxFreeVideoCz ACBP=A9
 0002:00001FF4 00000014 C=ICODE    S=.itext   G=(none)   M=xxxGavinXXX ACBP=A9
 0002:00002008 00000014 C=ICODE    S=.itext   G=(none)   M=xxxGrinvi ACBP=A9
 0002:0000201C 00000014 C=ICODE    S=.itext   G=(none)   M=xxxHardSexTube ACBP=A9
 0002:00002030 00000014 C=ICODE    S=.itext   G=(none)   M=xxxHeavyR ACBP=A9
 0002:00002044 00000014 C=ICODE    S=.itext   G=(none)   M=xxxKeezMovies ACBP=A9
 0002:00002058 00000014 C=ICODE    S=.itext   G=(none)   M=xxxKeezMovies_Embed ACBP=A9
 0002:0000206C 00000014 C=ICODE    S=.itext   G=(none)   M=xxxMachoVideo ACBP=A9
 0002:00002080 00000014 C=ICODE    S=.itext   G=(none)   M=xxxMegaPorn ACBP=A9
 0002:00002094 00000014 C=ICODE    S=.itext   G=(none)   M=xxxMentalZero ACBP=A9
 0002:000020A8 00000014 C=ICODE    S=.itext   G=(none)   M=xxxMojePornoSK ACBP=A9
 0002:000020BC 00000014 C=ICODE    S=.itext   G=(none)   M=xxxMotherless ACBP=A9
 0002:000020D0 00000014 C=ICODE    S=.itext   G=(none)   M=xxxPornHost ACBP=A9
 0002:000020E4 00000014 C=ICODE    S=.itext   G=(none)   M=xxxPornHub ACBP=A9
 0002:000020F8 00000014 C=ICODE    S=.itext   G=(none)   M=xxxPornoTube ACBP=A9
 0002:0000210C 00000014 C=ICODE    S=.itext   G=(none)   M=xxxPornoZdarma ACBP=A9
 0002:00002120 00000014 C=ICODE    S=.itext   G=(none)   M=xxxPornTube ACBP=A9
 0002:00002134 00000014 C=ICODE    S=.itext   G=(none)   M=xxxRawTube ACBP=A9
 0002:00002148 00000014 C=ICODE    S=.itext   G=(none)   M=xxxRozzlobeniMuzi ACBP=A9
 0002:0000215C 00000014 C=ICODE    S=.itext   G=(none)   M=xxxRude  ACBP=A9
 0002:00002170 00000014 C=ICODE    S=.itext   G=(none)   M=xxxSexDoma ACBP=A9
 0002:00002184 00000014 C=ICODE    S=.itext   G=(none)   M=xxxShufuni ACBP=A9
 0002:00002198 00000014 C=ICODE    S=.itext   G=(none)   M=xxxSlutLoad ACBP=A9
 0002:000021AC 00000014 C=ICODE    S=.itext   G=(none)   M=xxxSpankingTube ACBP=A9
 0002:000021C0 00000014 C=ICODE    S=.itext   G=(none)   M=xxxSpankWire ACBP=A9
 0002:000021D4 00000014 C=ICODE    S=.itext   G=(none)   M=xxxTeenMpegs ACBP=A9
 0002:000021E8 00000014 C=ICODE    S=.itext   G=(none)   M=xxxTheYNC ACBP=A9
 0002:000021FC 00000014 C=ICODE    S=.itext   G=(none)   M=xxxTube8 ACBP=A9
 0002:00002210 00000014 C=ICODE    S=.itext   G=(none)   M=xxxTubeSSS ACBP=A9
 0002:00002224 00000014 C=ICODE    S=.itext   G=(none)   M=xxxXNXX  ACBP=A9
 0002:00002238 00000014 C=ICODE    S=.itext   G=(none)   M=xxxXTube ACBP=A9
 0002:0000224C 00000014 C=ICODE    S=.itext   G=(none)   M=xxxXVideoHost ACBP=A9
 0002:00002260 00000014 C=ICODE    S=.itext   G=(none)   M=xxxXVideos ACBP=A9
 0002:00002274 00000014 C=ICODE    S=.itext   G=(none)   M=xxxYouJizz ACBP=A9
 0002:00002288 00000014 C=ICODE    S=.itext   G=(none)   M=xxxYouPorn ACBP=A9
 0002:0000229C 00000014 C=ICODE    S=.itext   G=(none)   M=xxxYuvutu ACBP=A9
 0002:000022B0 00000014 C=ICODE    S=.itext   G=(none)   M=xxxZakulisi ACBP=A9
 0002:000022C4 00000014 C=ICODE    S=.itext   G=(none)   M=xxxZlutySnih ACBP=A9
 0002:000022D8 00000014 C=ICODE    S=.itext   G=(none)   M=xxxZvraceny ACBP=A9
 0002:000022EC 00000014 C=ICODE    S=.itext   G=(none)   M=listArchive ACBP=A9
 0002:00002300 00000014 C=ICODE    S=.itext   G=(none)   M=listBing ACBP=A9
 0002:00002314 00000014 C=ICODE    S=.itext   G=(none)   M=listBlipTV ACBP=A9
 0002:00002328 00000014 C=ICODE    S=.itext   G=(none)   M=listGameAnyone ACBP=A9
 0002:0000233C 00000014 C=ICODE    S=.itext   G=(none)   M=listYouTube ACBP=A9
 0002:00002350 00000014 C=ICODE    S=.itext   G=(none)   M=listYouTubePage ACBP=A9
 0002:00002364 00000022 C=ICODE    S=.itext   G=(none)   M=YTD      ACBP=A9
 0003:00000000 000007C6 C=DATA     S=.data    G=DGROUP   M=System   ACBP=A9
 0003:000007C8 00000020 C=DATA     S=.data    G=DGROUP   M=SysInit  ACBP=A9
 0003:000007E8 00000010 C=DATA     S=.data    G=DGROUP   M=ActiveX  ACBP=A9
 0003:000007F8 00000100 C=DATA     S=.data    G=DGROUP   M=Character ACBP=A9
 0003:000008F8 0000027C C=DATA     S=.data    G=DGROUP   M=SysUtils ACBP=A9
 0003:00000B74 00000008 C=DATA     S=.data    G=DGROUP   M=VarUtils ACBP=A9
 0003:00000B7C 00000092 C=DATA     S=.data    G=DGROUP   M=Variants ACBP=A9
 0003:00000C10 0000000C C=DATA     S=.data    G=DGROUP   M=TypInfo  ACBP=A9
 0003:00000C1C 00000014 C=DATA     S=.data    G=DGROUP   M=Classes  ACBP=A9
 0003:00000C30 00000073 C=DATA     S=.data    G=DGROUP   M=gnugettext ACBP=A9
 0003:00000CA4 00000010 C=DATA     S=.data    G=DGROUP   M=ShlObj   ACBP=A9
 0003:00000CB4 00000010 C=DATA     S=.data    G=DGROUP   M=uCompatibility ACBP=A9
 0003:00000CC4 00000018 C=DATA     S=.data    G=DGROUP   M=uSetup   ACBP=A9
 0003:00000CDC 00000014 C=DATA     S=.data    G=DGROUP   M=uApiFunctions ACBP=A9
 0003:00000CF0 00000008 C=DATA     S=.data    G=DGROUP   M=uApiForm ACBP=A9
 0003:00000CF8 00000014 C=DATA     S=.data    G=DGROUP   M=uMessages ACBP=A9
 0003:00000D0C 000000A4 C=DATA     S=.data    G=DGROUP   M=synsock  ACBP=A9
 0003:00000DB0 0000016C C=DATA     S=.data    G=DGROUP   M=synautil ACBP=A9
 0003:00000F1C 00000020 C=DATA     S=.data    G=DGROUP   M=synacode ACBP=A9
 0003:00000F3C 00000004 C=DATA     S=.data    G=DGROUP   M=blcksock ACBP=A9
 0003:00000F40 000001DC C=DATA     S=.data    G=DGROUP   M=NativeXml ACBP=A9
 0003:0000111C 00000030 C=DATA     S=.data    G=DGROUP   M=ComObj   ACBP=A9
 0003:0000114C 00000007 C=DATA     S=.data    G=DGROUP   M=uFiles   ACBP=A9
 0003:00001154 00000030 C=DATA     S=.data    G=DGROUP   M=uFunctions ACBP=A9
 0003:00001184 00000014 C=DATA     S=.data    G=DGROUP   M=uSystem  ACBP=A9
 0003:00001198 0000001C C=DATA     S=.data    G=DGROUP   M=uOptions ACBP=A9
 0003:000011B4 0000E644 C=DATA     S=.data    G=DGROUP   M=pcre     ACBP=A9
 0003:0000F7F8 0000001C C=DATA     S=.data    G=DGROUP   M=uCommonDownloader ACBP=A9
 0003:0000F814 000001B4 C=DATA     S=.data    G=DGROUP   M=uDownloader ACBP=A9
 0003:0000F9C8 00000058 C=DATA     S=.data    G=DGROUP   M=guiConsts ACBP=A9
 0003:0000FA20 00000010 C=DATA     S=.data    G=DGROUP   M=uConsoleApp ACBP=A9
 0003:0000FA30 00000008 C=DATA     S=.data    G=DGROUP   M=uUpgrade ACBP=A9
 0003:0000FA38 00000038 C=DATA     S=.data    G=DGROUP   M=uHttp    ACBP=A9
 0003:0000FA70 00000199 C=DATA     S=.data    G=DGROUP   M=ssl_openssl_lib ACBP=A9
 0003:0000FC0C 00000004 C=DATA     S=.data    G=DGROUP   M=uRtmpDownloader ACBP=A9
 0003:0000FC10 00000004 C=DATA     S=.data    G=DGROUP   M=uScriptedDownloader ACBP=A9
 0003:0000FC14 00000008 C=DATA     S=.data    G=DGROUP   M=guiFunctions ACBP=A9
 0003:0000FC1C 00000038 C=DATA     S=.data    G=DGROUP   M=guiOptions ACBP=A9
 0003:0000FC54 0000001C C=DATA     S=.data    G=DGROUP   M=guiOptionsWINAPI_Downloads ACBP=A9
 0003:0000FC70 00000008 C=DATA     S=.data    G=DGROUP   M=guiOptionsWINAPI_Main ACBP=A9
 0003:0000FC78 00000008 C=DATA     S=.data    G=DGROUP   M=guiOptionsWINAPI_Network ACBP=A9
 0003:0000FC80 00000008 C=DATA     S=.data    G=DGROUP   M=guiOptionsWINAPI_CommonDownloader ACBP=A9
 0003:0000FC88 00000210 C=DATA     S=.data    G=DGROUP   M=guiMainWINAPI ACBP=A9
 0003:0000FE98 00000018 C=DATA     S=.data    G=DGROUP   M=downCT   ACBP=A9
 0003:0000FEB0 00000004 C=DATA     S=.data    G=DGROUP   M=downEuroSeptik ACBP=A9
 0003:0000FEB4 00000008 C=DATA     S=.data    G=DGROUP   M=downJoj  ACBP=A9
 0003:0000FEBC 00000014 C=DATA     S=.data    G=DGROUP   M=uCrypto  ACBP=A9
 0003:0000FED0 00000020 C=DATA     S=.data    G=DGROUP   M=downVoyo ACBP=A9
 0003:0000FEF0 00000008 C=DATA     S=.data    G=DGROUP   M=guiOptionsWINAPI_Nova ACBP=A9
 0003:0000FEF8 00000024 C=DATA     S=.data    G=DGROUP   M=downYouTube ACBP=A9
 0003:0000FF1C 00000008 C=DATA     S=.data    G=DGROUP   M=guiOptionsWINAPI_YouTube ACBP=A9
 0003:0000FF24 00000004 C=DATA     S=.data    G=DGROUP   M=downBarrandovTV ACBP=A9
 0003:0000FF28 0000000C C=DATA     S=.data    G=DGROUP   M=downCasSk ACBP=A9
 0003:0000FF34 00000004 C=DATA     S=.data    G=DGROUP   M=downEuroGamer ACBP=A9
 0003:0000FF38 00000004 C=DATA     S=.data    G=DGROUP   M=downMatrix2001 ACBP=A9
 0003:0000FF3C 00000010 C=DATA     S=.data    G=DGROUP   M=downMetooSk ACBP=A9
 0003:0000FF4C 00000004 C=DATA     S=.data    G=DGROUP   M=downMetroProjekt ACBP=A9
 0003:0000FF50 00000004 C=DATA     S=.data    G=DGROUP   M=downMojeVideoSk ACBP=A9
 0003:0000FF54 0000000C C=DATA     S=.data    G=DGROUP   M=downMustWatch ACBP=A9
 0003:0000FF60 0000000C C=DATA     S=.data    G=DGROUP   M=downOsobnostiCZ ACBP=A9
 0003:0000FF6C 00000008 C=DATA     S=.data    G=DGROUP   M=downPolarCz ACBP=A9
 0003:0000FF74 00000008 C=DATA     S=.data    G=DGROUP   M=downSerialyCZ ACBP=A9
 0003:0000FF7C 00000004 C=DATA     S=.data    G=DGROUP   M=downTVVysocina ACBP=A9
 0003:0000FF80 00000008 C=DATA     S=.data    G=DGROUP   M=downTyzdenSk ACBP=A9
 0003:0000FF88 00000024 C=DATA     S=.data    G=DGROUP   M=downVideaCesky ACBP=A9
 0003:0000FFAC 00000010 C=DATA     S=.data    G=DGROUP   M=downVKontakteRuEmbed ACBP=A9
 0004:00000000 00002B4C C=BSS      S=.bss     G=DGROUP   M=System   ACBP=A9
 0004:00002B4C 0000000C C=BSS      S=.bss     G=DGROUP   M=SysInit  ACBP=A9
 0004:00002B58 00000008 C=BSS      S=.bss     G=DGROUP   M=Windows  ACBP=A9
 0004:00002B60 0000001C C=BSS      S=.bss     G=DGROUP   M=Character ACBP=A9
 0004:00002B7C 00002234 C=BSS      S=.bss     G=DGROUP   M=SysUtils ACBP=A9
 0004:00004DB0 0000005C C=BSS      S=.bss     G=DGROUP   M=VarUtils ACBP=A9
 0004:00004E0C 00000040 C=BSS      S=.bss     G=DGROUP   M=Variants ACBP=A9
 0004:00004E4C 00000004 C=BSS      S=.bss     G=DGROUP   M=TypInfo  ACBP=A9
 0004:00004E50 0000003C C=BSS      S=.bss     G=DGROUP   M=Classes  ACBP=A9
 0004:00004E8C 00000030 C=BSS      S=.bss     G=DGROUP   M=gnugettext ACBP=A9
 0004:00004EBC 00000004 C=BSS      S=.bss     G=DGROUP   M=uLanguages ACBP=A9
 0004:00004EC0 00000004 C=BSS      S=.bss     G=DGROUP   M=uSetup   ACBP=A9
 0004:00004EC4 00000004 C=BSS      S=.bss     G=DGROUP   M=uApiForm ACBP=A9
 0004:00004EC8 00000004 C=BSS      S=.bss     G=DGROUP   M=uMessages ACBP=A9
 0004:00004ECC 00000014 C=BSS      S=.bss     G=DGROUP   M=SyncObjs ACBP=A9
 0004:00004EE0 0000002C C=BSS      S=.bss     G=DGROUP   M=synsock  ACBP=A9
 0004:00004F0C 00000038 C=BSS      S=.bss     G=DGROUP   M=synautil ACBP=A9
 0004:00004F44 00000194 C=BSS      S=.bss     G=DGROUP   M=blcksock ACBP=A9
 0004:000050D8 00000004 C=BSS      S=.bss     G=DGROUP   M=NativeXml ACBP=A9
 0004:000050DC 00000011 C=BSS      S=.bss     G=DGROUP   M=ComObj   ACBP=A9
 0004:000050F0 00000004 C=BSS      S=.bss     G=DGROUP   M=uFunctions ACBP=A9
 0004:000050F4 00000004 C=BSS      S=.bss     G=DGROUP   M=uSystem  ACBP=A9
 0004:000050F8 00000004 C=BSS      S=.bss     G=DGROUP   M=uOptions ACBP=A9
 0004:000050FC 00000008 C=BSS      S=.bss     G=DGROUP   M=pcre     ACBP=A9
 0004:00005104 00000004 C=BSS      S=.bss     G=DGROUP   M=uCommonDownloader ACBP=A9
 0004:00005108 00000004 C=BSS      S=.bss     G=DGROUP   M=uDownloader ACBP=A9
 0004:0000510C 00000004 C=BSS      S=.bss     G=DGROUP   M=guiConsts ACBP=A9
 0004:00005110 00000004 C=BSS      S=.bss     G=DGROUP   M=guiSetupWINAPI ACBP=A9
 0004:00005114 00000004 C=BSS      S=.bss     G=DGROUP   M=uConsoleApp ACBP=A9
 0004:00005118 00000004 C=BSS      S=.bss     G=DGROUP   M=uUpgrade ACBP=A9
 0004:0000511C 00000010 C=BSS      S=.bss     G=DGROUP   M=uDownloadClassifier ACBP=A9
 0004:0000512C 00000004 C=BSS      S=.bss     G=DGROUP   M=uHttp    ACBP=A9
 0004:00005130 0000000C C=BSS      S=.bss     G=DGROUP   M=ssl_openssl_lib ACBP=A9
 0004:0000513C 00000004 C=BSS      S=.bss     G=DGROUP   M=ssl_openssl ACBP=A9
 0004:00005140 0000000C C=BSS      S=.bss     G=DGROUP   M=rtmpdump_dll ACBP=A9
 0004:0000514C 00000004 C=BSS      S=.bss     G=DGROUP   M=uRtmpDownloader ACBP=A9
 0004:00005150 00000004 C=BSS      S=.bss     G=DGROUP   M=uRtmpDirectDownloader ACBP=A9
 0004:00005154 0000000C C=BSS      S=.bss     G=DGROUP   M=msdl_dll ACBP=A9
 0004:00005160 00000004 C=BSS      S=.bss     G=DGROUP   M=uMSDirectDownloader ACBP=A9
 0004:00005164 00000004 C=BSS      S=.bss     G=DGROUP   M=uScriptedDownloader ACBP=A9
 0004:00005168 00000004 C=BSS      S=.bss     G=DGROUP   M=guiFunctions ACBP=A9
 0004:0000516C 00000004 C=BSS      S=.bss     G=DGROUP   M=guiOptions ACBP=A9
 0004:00005170 00000004 C=BSS      S=.bss     G=DGROUP   M=guiAboutWINAPI ACBP=A9
 0004:00005174 00000004 C=BSS      S=.bss     G=DGROUP   M=guiConverterWINAPI ACBP=A9
 0004:00005178 00000004 C=BSS      S=.bss     G=DGROUP   M=guiOptionsWINAPI_Downloads ACBP=A9
 0004:0000517C 00000004 C=BSS      S=.bss     G=DGROUP   M=guiOptionsWINAPI_Main ACBP=A9
 0004:00005180 00000004 C=BSS      S=.bss     G=DGROUP   M=guiOptionsWINAPI_Network ACBP=A9
 0004:00005184 00000004 C=BSS      S=.bss     G=DGROUP   M=guiOptionsWINAPI_Downloaders ACBP=A9
 0004:00005188 00000004 C=BSS      S=.bss     G=DGROUP   M=guiOptionsWINAPI ACBP=A9
 0004:0000518C 00000034 C=BSS      S=.bss     G=DGROUP   M=guiMainWINAPI ACBP=A9
 0004:000051C0 00000013 C=BSS      S=.bss     G=DGROUP   M=uMain    ACBP=A9
 0004:000051D4 00000004 C=BSS      S=.bss     G=DGROUP   M=downCT   ACBP=A9
 0004:000051D8 00000004 C=BSS      S=.bss     G=DGROUP   M=downEuroSeptik ACBP=A9
 0004:000051DC 00000004 C=BSS      S=.bss     G=DGROUP   M=downJoj  ACBP=A9
 0004:000051E0 0000001C C=BSS      S=.bss     G=DGROUP   M=uCrypto  ACBP=A9
 0004:000051FC 00000004 C=BSS      S=.bss     G=DGROUP   M=downVoyo ACBP=A9
 0004:00005200 00000004 C=BSS      S=.bss     G=DGROUP   M=downYouTube ACBP=A9
 0004:00005204 00000004 C=BSS      S=.bss     G=DGROUP   M=downPrahovaHD ACBP=A9
 0004:00005208 00000004 C=BSS      S=.bss     G=DGROUP   M=down1hdRo ACBP=A9
 0004:0000520C 00000004 C=BSS      S=.bss     G=DGROUP   M=down3NewsCoNz ACBP=A9
 0004:00005210 00000004 C=BSS      S=.bss     G=DGROUP   M=down4TV  ACBP=A9
 0004:00005214 00000004 C=BSS      S=.bss     G=DGROUP   M=down5min ACBP=A9
 0004:00005218 00000004 C=BSS      S=.bss     G=DGROUP   M=downAcademicEarth ACBP=A9
 0004:0000521C 00000004 C=BSS      S=.bss     G=DGROUP   M=downAgresori ACBP=A9
 0004:00005220 00000004 C=BSS      S=.bss     G=DGROUP   M=downAlternativaTV ACBP=A9
 0004:00005224 00000004 C=BSS      S=.bss     G=DGROUP   M=downAncensored ACBP=A9
 0004:00005228 00000004 C=BSS      S=.bss     G=DGROUP   M=downAngryAlien ACBP=A9
 0004:0000522C 00000004 C=BSS      S=.bss     G=DGROUP   M=downAnimacekTv ACBP=A9
 0004:00005230 00000004 C=BSS      S=.bss     G=DGROUP   M=downArchive ACBP=A9
 0004:00005234 00000004 C=BSS      S=.bss     G=DGROUP   M=downAutoTube ACBP=A9
 0004:00005238 00000004 C=BSS      S=.bss     G=DGROUP   M=downAzetSk ACBP=A9
 0004:0000523C 00000004 C=BSS      S=.bss     G=DGROUP   M=downBahnorama ACBP=A9
 0004:00005240 00000004 C=BSS      S=.bss     G=DGROUP   M=downBandZone ACBP=A9
 0004:00005244 00000004 C=BSS      S=.bss     G=DGROUP   M=downBarrandovTV ACBP=A9
 0004:00005248 00000004 C=BSS      S=.bss     G=DGROUP   M=downBBCNews ACBP=A9
 0004:0000524C 00000004 C=BSS      S=.bss     G=DGROUP   M=downBlennus ACBP=A9
 0004:00005250 00000004 C=BSS      S=.bss     G=DGROUP   M=downBlipTv_Embed ACBP=A9
 0004:00005254 00000004 C=BSS      S=.bss     G=DGROUP   M=downBlipTv ACBP=A9
 0004:00005258 00000004 C=BSS      S=.bss     G=DGROUP   M=downBMovies ACBP=A9
 0004:0000525C 00000004 C=BSS      S=.bss     G=DGROUP   M=downBofunk ACBP=A9
 0004:00005260 00000004 C=BSS      S=.bss     G=DGROUP   M=downBolt ACBP=A9
 0004:00005264 00000004 C=BSS      S=.bss     G=DGROUP   M=downBomba ACBP=A9
 0004:00005268 00000004 C=BSS      S=.bss     G=DGROUP   M=downBreak ACBP=A9
 0004:0000526C 00000004 C=BSS      S=.bss     G=DGROUP   M=downBreakEmbed ACBP=A9
 0004:00005270 00000004 C=BSS      S=.bss     G=DGROUP   M=downBreakEmbedV2 ACBP=A9
 0004:00005274 00000004 C=BSS      S=.bss     G=DGROUP   M=downBritishPathe ACBP=A9
 0004:00005278 00000004 C=BSS      S=.bss     G=DGROUP   M=downBTVCz ACBP=A9
 0004:0000527C 00000004 C=BSS      S=.bss     G=DGROUP   M=downCasSk ACBP=A9
 0004:00005280 00000004 C=BSS      S=.bss     G=DGROUP   M=downCekniTo ACBP=A9
 0004:00005284 00000004 C=BSS      S=.bss     G=DGROUP   M=downCeskeDrahy ACBP=A9
 0004:00005288 00000004 C=BSS      S=.bss     G=DGROUP   M=downCesnet ACBP=A9
 0004:0000528C 00000004 C=BSS      S=.bss     G=DGROUP   M=downCKKlic ACBP=A9
 0004:00005290 00000004 C=BSS      S=.bss     G=DGROUP   M=downClevver ACBP=A9
 0004:00005294 00000004 C=BSS      S=.bss     G=DGROUP   M=downClipfish ACBP=A9
 0004:00005298 00000004 C=BSS      S=.bss     G=DGROUP   M=downClipFishV2 ACBP=A9
 0004:0000529C 00000004 C=BSS      S=.bss     G=DGROUP   M=downCNBC ACBP=A9
 0004:000052A0 00000004 C=BSS      S=.bss     G=DGROUP   M=downCollegeHumor ACBP=A9
 0004:000052A4 00000004 C=BSS      S=.bss     G=DGROUP   M=downCriticalPast ACBP=A9
 0004:000052A8 00000004 C=BSS      S=.bss     G=DGROUP   M=downCurrent ACBP=A9
 0004:000052AC 00000004 C=BSS      S=.bss     G=DGROUP   M=downDailyHaha ACBP=A9
 0004:000052B0 00000004 C=BSS      S=.bss     G=DGROUP   M=downDailyMotion ACBP=A9
 0004:000052B4 00000004 C=BSS      S=.bss     G=DGROUP   M=downDeutscheBahn ACBP=A9
 0004:000052B8 00000004 C=BSS      S=.bss     G=DGROUP   M=downDenik ACBP=A9
 0004:000052BC 00000004 C=BSS      S=.bss     G=DGROUP   M=downDevilDucky ACBP=A9
 0004:000052C0 00000004 C=BSS      S=.bss     G=DGROUP   M=downDokumentarniTV ACBP=A9
 0004:000052C4 00000004 C=BSS      S=.bss     G=DGROUP   M=downDotSub ACBP=A9
 0004:000052C8 00000004 C=BSS      S=.bss     G=DGROUP   M=downDoubleAgent ACBP=A9
 0004:000052CC 00000004 C=BSS      S=.bss     G=DGROUP   M=downDrsnySvet ACBP=A9
 0004:000052D0 00000004 C=BSS      S=.bss     G=DGROUP   M=downDUB  ACBP=A9
 0004:000052D4 00000004 C=BSS      S=.bss     G=DGROUP   M=downEbaumsWorld ACBP=A9
 0004:000052D8 00000004 C=BSS      S=.bss     G=DGROUP   M=downEHow ACBP=A9
 0004:000052DC 00000004 C=BSS      S=.bss     G=DGROUP   M=downEKucharkaNet ACBP=A9
 0004:000052E0 00000004 C=BSS      S=.bss     G=DGROUP   M=downESPN ACBP=A9
 0004:000052E4 00000004 C=BSS      S=.bss     G=DGROUP   M=downEuroGamer ACBP=A9
 0004:000052E8 00000004 C=BSS      S=.bss     G=DGROUP   M=downEVTV1 ACBP=A9
 0004:000052EC 00000004 C=BSS      S=.bss     G=DGROUP   M=downEyeneer ACBP=A9
 0004:000052F0 00000004 C=BSS      S=.bss     G=DGROUP   M=downFileCabi ACBP=A9
 0004:000052F4 00000004 C=BSS      S=.bss     G=DGROUP   M=downFishki ACBP=A9
 0004:000052F8 00000004 C=BSS      S=.bss     G=DGROUP   M=downFlickr ACBP=A9
 0004:000052FC 00000004 C=BSS      S=.bss     G=DGROUP   M=downFreeCaster ACBP=A9
 0004:00005300 00000004 C=BSS      S=.bss     G=DGROUP   M=downFreeSk ACBP=A9
 0004:00005304 00000004 C=BSS      S=.bss     G=DGROUP   M=downFreeRide ACBP=A9
 0004:00005308 00000004 C=BSS      S=.bss     G=DGROUP   M=downFreeVideoRu ACBP=A9
[...]
 0004:00002B98       SysUtils.LongDateFormat
 0004:00002B9C       SysUtils.TimeSeparator
 0004:00002BA0       SysUtils.TimeAMString
 0004:00002BA4       SysUtils.TimePMString
 0004:00002BA8       SysUtils.ShortTimeFormat
 0004:00002BAC       SysUtils.LongTimeFormat
 0004:00002BB0       SysUtils.ShortMonthNames
 0004:00002BE0       SysUtils.LongMonthNames
 0004:00002C10       SysUtils.ShortDayNames
 0004:00002C2C       SysUtils.LongDayNames
 0004:00002C48       SysUtils.SysLocale
 0004:00002C56       SysUtils.ListSeparator
 0004:00002C58       SysUtils.EraNames
 0004:00002C74       SysUtils.EraYearOffsets
 0004:00002C90       SysUtils.TrueBoolStrs
 0004:00002C94       SysUtils.FalseBoolStrs
 0004:00002C98       SysUtils.TEncoding.FASCIIEncoding
 0004:00002C9C       SysUtils.TEncoding.FBigEndianUnicodeEncoding
 0004:00002CA0       SysUtils.TEncoding.FDefaultEncoding
 0004:00002CA4       SysUtils.TEncoding.FUnicodeEncoding
 0004:00002CA8       SysUtils.TEncoding.FUTF7Encoding
 0004:00002CAC       SysUtils.TEncoding.FUTF8Encoding
 0004:00002CB0       SysUtils..36
 0004:00002CB4       SysUtils.OutOfMemory
 0004:00002CB8       SysUtils.InvalidPointer
 0004:00002CBC       SysUtils.SyncEventCache
 0004:00002DBC       SysUtils.EventCache
 0004:00002DC0       SysUtils.EventItemHolders
 0004:00002DC4       SysUtils.ValidatedUnitHashBuckets
 0004:00003DB8       SysUtils.UnitHashBuckets
 0004:00004DAC       SysUtils.FLanguages
 0004:00004DB0       VarUtils.VariantChangeTypeEx
 0004:00004DB4       VarUtils.VarNeg
 0004:00004DB8       VarUtils.VarNot
 0004:00004DBC       VarUtils.VarAdd
 0004:00004DC0       VarUtils.VarSub
 0004:00004DC4       VarUtils.VarMul
 0004:00004DC8       VarUtils.VarDiv
 0004:00004DCC       VarUtils.VarIDiv
 0004:00004DD0       VarUtils.VarMod
 0004:00004DD4       VarUtils.VarAnd
 0004:00004DD8       VarUtils.VarOr
 0004:00004DDC       VarUtils.VarXor
 0004:00004DE0       VarUtils.VarCmp
 0004:00004DE4       VarUtils.VarI4FromStr
 0004:00004DE8       VarUtils.VarR4FromStr
 0004:00004DEC       VarUtils.VarR8FromStr
 0004:00004DF0       VarUtils.VarDateFromStr
 0004:00004DF4       VarUtils.VarCyFromStr
 0004:00004DF8       VarUtils.VarBoolFromStr
 0004:00004DFC       VarUtils.VarBstrFromCy
 0004:00004E00       VarUtils.VarBstrFromDate
 0004:00004E04       VarUtils.VarBstrFromBool
 0004:00004E08       VarUtils..5
 0004:00004E0C       Variants.EmptyParam
 0004:00004E1C       Variants.VarDispProc
 0004:00004E20       Variants.ClearAnyProc
 0004:00004E24       Variants.ChangeAnyProc
 0004:00004E28       Variants.RefAnyProc
 0004:00004E2C       Variants..81
 0004:00004E30       Variants.LVarTypes
 0004:00004E34       Variants.LVarTypeSync
 0004:00004E4C       TypInfo..5
 0004:00004E50       Classes.GlobalNameSpace
 0004:00004E54       Classes.SyncEvent
 0004:00004E58       Classes..66
 0004:00004E5C       Classes.IntConstList
 0004:00004E60       Classes.RegGroups
 0004:00004E64       Classes.FindGlobalComponentProcs
 0004:00004E68       Classes.GlobalFixupList
 0004:00004E6C       Classes.ThreadLock
 0004:00004E84       Classes.ThreadCount
 0004:00004E88       Classes.ExternalThreads
 0004:00004E8C       gnugettext.ExecutableFilename
 0004:00004E90       gnugettext.DefaultInstance
 0004:00004E94       gnugettext..01
 0004:00004E98       gnugettext.FileLocator
 0004:00004E9C       gnugettext.ResourceStringDomainListCS
 0004:00004EA0       gnugettext.ResourceStringDomainList
 0004:00004EA4       gnugettext.ComponentDomainListCS
 0004:00004EA8       gnugettext.ComponentDomainList
 0004:00004EAC       gnugettext.HookLoadResString
 0004:00004EB0       gnugettext.HookLoadStr
 0004:00004EB4       gnugettext.HookFmtLoadStr
 0004:00004EB8       gnugettext.param0
 0004:00004EBC       uLanguages..1
 0004:00004EC0       uSetup..1
 0004:00004EC4       uApiForm..2
 0004:00004EC8       uMessages..1
 0004:00004ECC       SyncObjs..01
 0004:00004ED0       SyncObjs.InitializeConditionVariableProc
 0004:00004ED4       SyncObjs.SleepConditionVariableCSProc
 0004:00004ED8       SyncObjs.WakeConditionVariableProc
 0004:00004EDC       SyncObjs.WakeAllConditionVariableProc
 0004:00004EE0       synsock.in6addr_any
 0004:00004EF0       synsock.in6addr_loopback
 0004:00004F00       synsock.SynSockCS
 0004:00004F04       synsock.SockEnhancedApi
 0004:00004F05       synsock.SockWship6Api
 0004:00004F08       synsock..1
 0004:00004F0C       synautil.CustomMonthNames
 0004:00004F3C       synautil..2
 0004:00004F40       synautil.n
 0004:00004F44       blcksock..51
 0004:00004F48       blcksock.WsaDataOnce
 0004:000050D8       NativeXml..11
 0004:000050DC       ComObj..41
 0004:000050E0       ComObj.OleUninitializing
 0004:000050E4       ComObj.ComClassManagerVar
 0004:000050E8       ComObj.SaveInitProc
 0004:000050EC       ComObj.NeedToUninitialize
 0004:000050F0       uFunctions..1
 0004:000050F4       uSystem..1
 0004:000050F8       uOptions..2
 0004:000050FC       pcre.pcre_malloc_user
 0004:00005100       pcre.pcre_free_user
 0004:00005104       uCommonDownloader..2
 0004:00005108       uDownloader..3
 0004:0000510C       guiConsts..3
 0004:00005110       guiSetupWINAPI..2
 0004:00005114       uConsoleApp..3
 0004:00005118       uUpgrade..2
 0004:0000511C       uDownloadClassifier..2
 0004:00005120       uDownloadClassifier.RegisteredDownloaders
 0004:00005124       uDownloadClassifier.RegisteredProviders
 0004:00005128       uDownloadClassifier.RegisteredProviderNames
 0004:0000512C       uHttp..2
 0004:00005130       ssl_openssl_lib..1
 0004:00005134       ssl_openssl_lib.SSLCS
 0004:00005138       ssl_openssl_lib.Locks
 0004:0000513C       ssl_openssl..2
 0004:00005140       rtmpdump_dll..1
 0004:00005144       rtmpdump_dll.LibHandle
 0004:00005148       rtmpdump_dll.RtmpDumpMain
 0004:0000514C       uRtmpDownloader..3
 0004:00005150       uRtmpDirectDownloader..2
 0004:00005154       msdl_dll..1
 0004:00005158       msdl_dll.LibHandle
 0004:0000515C       msdl_dll.MsdlMain
 0004:00005160       uMSDirectDownloader..2
 0004:00005164       uScriptedDownloader..2
 0004:00005168       guiFunctions..1
 0004:0000516C       guiOptions..2
 0004:00005170       guiAboutWINAPI..2
 0004:00005174       guiConverterWINAPI..2
 0004:00005178       guiOptionsWINAPI_Downloads..2
 0004:0000517C       guiOptionsWINAPI_Main..2
 0004:00005180       guiOptionsWINAPI_Network..2
 0004:00005184       guiOptionsWINAPI_Downloaders..2
 0004:00005188       guiOptionsWINAPI..3
 0004:0000518C       guiMainWINAPI..2
 0004:00005190       guiMainWINAPI.TranslatedThreadStates
 0004:000051A8       guiMainWINAPI.TranslatedConvertThreadStates
 0004:000051BC       guiMainWINAPI.TranslatedThreadStatePaused
 0004:000051C0       uMain..1
 0004:000051C4       uMain.StartedFromIDE
 0004:000051C5       uMain.RunExternal
 0004:000051C8       uMain.ErrorMsg
 0004:000051CC       uMain.InstallDir
 0004:000051D0       uMain.DesktopShortcut
 0004:000051D1       uMain.StartMenuShortcut
 0004:000051D2       uMain.RestartYTD
 0004:000051D4       downCT..3
 0004:000051D8       downEuroSeptik..2
 0004:000051DC       downJoj..2
 0004:000051E0       uCrypto..1
 0004:000051E4       uCrypto.LibEay32Lock
 0004:000051FC       downVoyo..2
 0004:00005200       downYouTube..2
 0004:00005204       downPrahovaHD..2
 0004:00005208       down1hdRo..2
 0004:0000520C       down3NewsCoNz..2
 0004:00005210       down4TV..2
 0004:00005214       down5min..2
 0004:00005218       downAcademicEarth..2
 0004:0000521C       downAgresori..2
 0004:00005220       downAlternativaTV..2
 0004:00005224       downAncensored..2
 0004:00005228       downAngryAlien..2
 0004:0000522C       downAnimacekTv..2
 0004:00005230       downArchive..2
 0004:00005234       downAutoTube..2
 0004:00005238       downAzetSk..2
 0004:0000523C       downBahnorama..2
 0004:00005240       downBandZone..2
 0004:00005244       downBarrandovTV..2
 0004:00005248       downBBCNews..2
 0004:0000524C       downBlennus..2
 0004:00005250       downBlipTv_Embed..2
 0004:00005254       downBlipTv..2
 0004:00005258       downBMovies..2
 0004:0000525C       downBofunk..2
 0004:00005260       downBolt..2
 0004:00005264       downBomba..2
 0004:00005268       downBreak..2
 0004:0000526C       downBreakEmbed..2
 0004:00005270       downBreakEmbedV2..2
 0004:00005274       downBritishPathe..2
 0004:00005278       downBTVCz..2
 0004:0000527C       downCasSk..2
 0004:00005280       downCekniTo..2
 0004:00005284       downCeskeDrahy..2
 0004:00005288       downCesnet..2
 0004:0000528C       downCKKlic..2
 0004:00005290       downClevver..2
 0004:00005294       downClipfish..2
 0004:00005298       downClipFishV2..2
 0004:0000529C       downCNBC..2
 0004:000052A0       downCollegeHumor..2
 0004:000052A4       downCriticalPast..2
 0004:000052A8       downCurrent..2
 0004:000052AC       downDailyHaha..2
 0004:000052B0       downDailyMotion..2
 0004:000052B4       downDeutscheBahn..2
 0004:000052B8       downDenik..2
 0004:000052BC       downDevilDucky..2
 0004:000052C0       downDokumentarniTV..2
 0004:000052C4       downDotSub..2
 0004:000052C8       downDoubleAgent..2
 0004:000052CC       downDrsnySvet..2
 0004:000052D0       downDUB..2
 0004:000052D4       downEbaumsWorld..2
 0004:000052D8       downEHow..2
 0004:000052DC       downEKucharkaNet..2
 0004:000052E0       downESPN..2
 0004:000052E4       downEuroGamer..2
 0004:000052E8       downEVTV1..2
 0004:000052EC       downEyeneer..2
 0004:000052F0       downFileCabi..2
 0004:000052F4       downFishki..2
 0004:000052F8       downFlickr..2
 0004:000052FC       downFreeCaster..2
 0004:00005300       downFreeSk..2
 0004:00005304       downFreeRide..2
 0004:00005308       downFreeVideoRu..2
 0004:0000530C       downFunnyOrDie..2
 0004:00005310       downG4TV..2
 0004:00005314       downGameAnyone..2
 0004:00005318       downGamePark..2
 0004:0000531C       downGameZone..2
 0004:00005320       downGamesTiscaliCz..2
 0004:00005324       downGodTube..2
 0004:00005328       downGoogleVideo_Embed..2
 0004:0000532C       downGoogleVideo..2
 0004:00005330       downGordonUraCz..2
 0004:00005334       downGuba..2
 0004:00005338       downGrindTV..2
 0004:0000533C       downHasici150..2
 0004:00005340       downHejbejSe..2
 0004:00005344       downHellTV..2
 0004:00005348       downHokejCbCz..2
 0004:0000534C       downHokejCz..2
 0004:00005350       downHrej..2
 0004:00005354       downiConcerts..2
 0004:00005358       downIDnes_Embed..2
 0004:0000535C       downIDnes..2
 0004:00005360       downIHned..2
 0004:00005364       downILikeBike..2
 0004:00005368       downStream..2
 0004:0000536C       downIPrima..2
 0004:00005370       downiPrima_ShowJanaKrause..2
 0004:00005374       downiViewTube..2
 0004:00005378       downJenProZeny..2
 0004:0000537C       downKanalTurk..2
 0004:00005380       downKinobox..2
 0004:00005384       downKiwi..2
 0004:00005388       downKontraband..2
 0004:0000538C       downKoukni..2
 0004:00005390       downKukaj..2
 0004:00005394       downLaola1..2
 0004:00005398       downLenkaFilipova..2
 0004:0000539C       downLevelTV..2
 0004:000053A0       downLibimSeTi..2
 0004:000053A4       downLiveLeak..2
 0004:000053A8       downLiveLeakEmbedded..2
 0004:000053AC       downLiveVideo..2
 0004:000053B0       downLoupak..2
 0004:000053B4       downMarkiza..2
 0004:000053B8       downMarkizaParticka..2
 0004:000053BC       downMatrix2001..2
 0004:000053C0       downMediaSport..2
 0004:000053C4       downMegaVideo..2
 0004:000053C8       downMegaVideo_Embed..2
 0004:000053CC       downMetaCafe..2
 0004:000053D0       downMetooCz..2
 0004:000053D4       downMetooSk..4
 0004:000053D8       downMetropolCZ..2
 0004:000053DC       downMetropolCZ_Zpravy..2
 0004:000053E0       downMetropolTV..2
 0004:000053E4       downMetroProjekt..2
 0004:000053E8       downMojeTelevize..2
 0004:000053EC       downMojeVideo..2
 0004:000053F0       downMojeVideoSk..2
 0004:000053F4       downMovtex..2
 0004:000053F8       downMpora..2
 0004:000053FC       downMTVEmbed..2
 0004:00005400       downMTV..2
 0004:00005404       downMULitvinov..2
 0004:00005408       downMultimediaVseCz..2
 0004:0000540C       downMustWatch..2
 0004:00005410       downMuvi..2
 0004:00005414       downMuzu..2
 0004:00005418       downMySpace..2
 0004:0000541C       downMyubo..2
 0004:00005420       downMyvi_Embed..2
 0004:00005424       downMyvi..2
 0004:00005428       downNaHnoji..2
 0004:0000542C       downNaStojaka..2
 0004:00005430       downNBC..2
 0004:00005434       downNebickoVPapulke..2
 0004:00005438       downNHL..2
 0004:0000543C       downNJoy..2
 0004:00005440       downNothingToxic..2
 0004:00005444       downNova..2
 0004:00005448       downNovaTN..2
 0004:0000544C       downNovaMov_Embed..2
 0004:00005450       downNovaMov..2
 0004:00005454       downNovinky..2
 0004:00005458       downNRSR..2
 0004:0000545C       downOckoTV..2
 0004:00005460       downOKTeam..2
 0004:00005464       downOldStream..3
 0004:00005468       downOsobnostiCZ..2
 0004:0000546C       downOverStream..2
 0004:00005470       downOwn3D_Embed..2
 0004:00005474       downPBS..2
 0004:00005478       downPCPlanets..2
 0004:0000547C       downPicSpoon..2
 0004:00005480       downPlayFm..2
 0004:00005484       downPlaywire..2
 0004:00005488       downPlayZone..2
 0004:0000548C       downPolarCz..2
 0004:00005490       downPracticalMethod..2
 0004:00005494       downPrazdninyVTelci..2
 0004:00005498       downPrimaCool..2
 0004:0000549C       downProglas..2
 0004:000054A0       downProstoPleer..2
 0004:000054A4       downPublicTV..2
 0004:000054A8       downQipRu_Embed..2
 0004:000054AC       downRaajje..2
 0004:000054B0       downRajce..2
 0004:000054B4       downReflex..2
 0004:000054B8       downRevver..2
 0004:000054BC       downRingTV..2
 0004:000054C0       downRockstarGames..2
 0004:000054C4       downRockstarGames_IV..2
 0004:000054C8       downRozhlas..2
 0004:000054CC       downRTA_Embed..2
 0004:000054D0       downRTA..2
 0004:000054D4       downRtlNl..2
 0004:000054D8       downRuTube..2
 0004:000054DC       downSchoolOfCare..2
 0004:000054E0       downSerialOnline..2
 0004:000054E4       downSerialyCZ..2
 0004:000054E8       downSevenLoad..2
 0004:000054EC       downShackNews..2
 0004:000054F0       downSibnet..2
 0004:000054F4       downSmeSK..2
 0004:000054F8       downSmotri..2
 0004:000054FC       downSnotr..2
 0004:00005500       downSoundCloud..2
 0004:00005504       downSpike..2
 0004:00005508       downSportStream..2
 0004:0000550C       downStagevu..2
 0004:00005510       downStastneVdovy..2
 0004:00005514       downSteamPowered..2
 0004:00005518       downStickam..2
 0004:0000551C       downStreetFire..2
 0004:00005520       downStudioPlus..2
 0004:00005524       downStupidVideos..2
 0004:00005528       downTangle..2
 0004:0000552C       downTeacherTube..2
 0004:00005530       downTed..2
 0004:00005534       downThatVideoSite..2
 0004:00005538       downTMusic..2
 0004:0000553C       downTodaysBigThing..2
 0004:00005540       downTontuyau..2
 0004:00005544       downTopReceptyCZ..2
 0004:00005548       downTotallyCrap..2
 0004:0000554C       downTV2Nord..2
 0004:00005550       downTV4PlaySE..2
 0004:00005554       downTVHNOnlineSk..2
 0004:00005558       downTVLux..2
 0004:0000555C       downTVNoe..2
 0004:00005560       downTVNovinySk..2
 0004:00005564       downTVSpl..2
 0004:00005568       downTVVysocina..2
 0004:0000556C       downTyzdenSk..2
 0004:00005570       downUlozTo..2
 0004:00005574       downUniMinnesota..2
 0004:00005578       downUStream..2
 0004:0000557C       downVCTV..2
 0004:00005580       downVeeHD..2
 0004:00005584       downVideaCesky..2
 0004:00005588       downVideoAlbumyAzet..2
 0004:0000558C       downVideoBB..2
 0004:00005590       downVideoClipsDump..2
 0004:00005594       downVideoNurKz..2
 0004:00005598       downVideoPortalSfTV..2
 0004:0000559C       downVideu..2
 0004:000055A0       downViiSk..2
 0004:000055A4       downViki..2
 0004:000055A8       downVineCo..2
 0004:000055AC       downVitalMtb..2
 0004:000055B0       downVKontakteRuEmbed..2
 0004:000055B4       downWeGame..2
 0004:000055B8       downWimp..2
 0004:000055BC       downWordPressTV..2
 0004:000055C0       downWorldClub..2
 0004:000055C4       downWrzuta..2
 0004:000055C8       downYikers..2
 0004:000055CC       downYouTu_Be..2
 0004:000055D0       downYouTubeNoCookie..2
 0004:000055D4       downZ1TV..2
 0004:000055D8       downZAKTV..2
 0004:000055DC       downZapiksFr..2
 0004:000055E0       downZDF..2
 0004:000055E4       downZkoukniTo..2
 0004:000055E8       downZkoukniToEmbed..2
 0004:000055EC       downZmozek..2
 0004:000055F0       xxx8teenXXX..2
 0004:000055F4       xxxAdultLoop..2
 0004:000055F8       xxxBeeg..2
 0004:000055FC       xxxBrazzers..2
 0004:00005600       xxxCastingXXX..2
 0004:00005604       xxxDachix..2
 0004:00005608       xxxDancingBear..2
 0004:0000560C       xxxDansMovies..2
 0004:00005610       xxxTnaFlix..2
 0004:00005614       xxxEmpFlix..2
 0004:00005618       xxxEmpFlix_V2..2
 0004:0000561C       xxxExtremeTube..2
 0004:00005620       xxxXHamster..2
 0004:00005624       xxxFreePornoZdarma..2
 0004:00005628       xxxFreeVideoCz..2
 0004:0000562C       xxxGavinXXX..2
 0004:00005630       xxxGrinvi..2
 0004:00005634       xxxHardSexTube..2
 0004:00005638       xxxHeavyR..2
 0004:0000563C       xxxKeezMovies..2
 0004:00005640       xxxKeezMovies_Embed..2
 0004:00005644       xxxMachoVideo..2
 0004:00005648       xxxMegaPorn..2
 0004:0000564C       xxxMentalZero..2
 0004:00005650       xxxMojePornoSK..2
 0004:00005654       xxxMotherless..2
 0004:00005658       xxxPornHost..2
 0004:0000565C       xxxPornHub..2
 0004:00005660       xxxPornoTube..2
 0004:00005664       xxxPornoZdarma..2
 0004:00005668       xxxPornTube..2
 0004:0000566C       xxxRawTube..2
 0004:00005670       xxxRozzlobeniMuzi..2
 0004:00005674       xxxRude..2
 0004:00005678       xxxSexDoma..2
 0004:0000567C       xxxShufuni..2
 0004:00005680       xxxSlutLoad..2
 0004:00005684       xxxSpankingTube..2
 0004:00005688       xxxSpankWire..2
 0004:0000568C       xxxTeenMpegs..2
 0004:00005690       xxxTheYNC..2
 0004:00005694       xxxTube8..2
 0004:00005698       xxxTubeSSS..2
 0004:0000569C       xxxXNXX..2
 0004:000056A0       xxxXTube..2
 0004:000056A4       xxxXVideoHost..2
 0004:000056A8       xxxXVideos..2
 0004:000056AC       xxxYouJizz..2
 0004:000056B0       xxxYouPorn..2
 0004:000056B4       xxxYuvutu..2
 0004:000056B8       xxxZakulisi..2
 0004:000056BC       xxxZlutySnih..2
 0004:000056C0       xxxZvraceny..2
 0004:000056C4       listArchive..2
 0004:000056C8       listBing..2
 0004:000056CC       listBlipTV..2
 0004:000056D0       listGameAnyone..2
 0004:000056D4       listYouTube..2
 0004:000056D8       listYouTubePage..2
 0005:00000000       System.RaiseListPtr
 0005:00000004       System.InOutRes
 0005:00000008       Classes.GlobalLists
 0005:0000000C       Classes.InternalCurrentThread
 0005:00000010       SysInit.TlsLast


Bound resource files

character.res
uDialogs.res
guiSetupWINAPI.res
guiAboutWINAPI.res
guiConverterWINAPI.res
guiOptionsWINAPI_Downloads.res
guiOptionsWINAPI_Main.res
guiOptionsWINAPI_Network.res
guiOptionsWINAPI_CommonDownloader.res
guiOptionsWINAPI_Downloaders.res
guiOptionsWINAPI.res
guiMainWINAPI.res
guiOptionsWINAPI_CT.res
guiOptionsWINAPI_EuroSeptik.res
guiOptionsWINAPI_Joj.res
guiOptionsWINAPI_Nova.res
guiOptionsWINAPI_YouTube.res
ytd.res
D:\TEMP\dtfD.tmp


Program entry point at 0002:00002364
